05-28 15:39:54.099: W/Conscrypt(9159): 	at libcore.io.ForwardingOs.setsockoptTimeval(ForwardingOs.java:147)
05-28 15:39:54.119: I/PG Utils(9379): acquire_providerpkg:[com.android.providers.contacts] pid:[]  maybe timeout , send to PG
05-28 15:39:54.119: E/SQLiteLog(32722): (284) automatic index on sqlite_sq_55889E68E0(STAT_DATA_ID)
05-28 15:39:54.119: E/SQLiteLog(32722): (284) automatic index on sqlite_sq_55889DD8D0(STAT_DATA_ID)
05-28 15:39:54.139: I/PG Utils(9379): acquire_providerpkg:[com.android.providers.contacts] pid:[]  maybe timeout , send to PG
05-28 15:39:54.139: E/SQLiteLog(32722): (284) automatic index on sqlite_sq_558887B160(STAT_DATA_ID)
05-28 15:39:54.139: E/SQLiteLog(32722): (284) automatic index on sqlite_sq_55889EAAD0(STAT_DATA_ID)
05-28 15:39:54.159: I/PG Utils(9379): acquire_providerpkg:[com.android.providers.contacts] pid:[]  maybe timeout , send to PG
05-28 15:39:54.159: E/SQLiteLog(32722): (284) automatic index on sqlite_sq_5588891A00(STAT_DATA_ID)
05-28 15:39:54.159: E/SQLiteLog(32722): (284) automatic index on sqlite_sq_55889C0400(STAT_DATA_ID)
05-28 15:39:54.169: I/PG Utils(9379): acquire_providerpkg:[com.android.providers.contacts] pid:[]  maybe timeout , send to PG
05-28 15:39:54.179: E/SQLiteLog(32722): (284) automatic index on sqlite_sq_55889C01D0(STAT_DATA_ID)
05-28 15:39:54.179: E/SQLiteLog(32722): (284) automatic index on sqlite_sq_55889F2600(STAT_DATA_ID)
05-28 15:39:54.189: I/PG Utils(9379): acquire_providerpkg:[com.android.providers.contacts] pid:[]  maybe timeout , send to PG
05-28 15:39:54.199: E/SQLiteLog(32722): (284) automatic index on sqlite_sq_5588980270(STAT_DATA_ID)
05-28 15:39:54.199: E/SQLiteLog(32722): (284) automatic index on sqlite_sq_55889F0400(STAT_DATA_ID)
05-28 15:39:54.209: I/PG Utils(9379): acquire_providerpkg:[com.android.providers.contacts] pid:[]  maybe timeout , send to PG
05-28 15:39:54.269: I/ActivityManager(2944): filter receiver for action = com.google.android.c2dm.intent.REGISTRATION
05-28 15:39:54.379: I/art(9379): Explicit concurrent mark sweep GC freed 51238(2MB) AllocSpace objects, 6(120KB) LOS objects, 34% free, 30MB/46MB, paused 1.326ms total 170.695ms
05-28 15:39:54.389: E/SQLiteLog(32722): (284) automatic index on sqlite_sq_5588876C00(STAT_DATA_ID)
05-28 15:39:54.389: E/SQLiteLog(32722): (284) automatic index on sqlite_sq_558887BC80(STAT_DATA_ID)
05-28 15:39:54.399: I/PG Utils(9379): acquire_providerpkg:[com.google.android.gsf] pid:[]  maybe timeout , send to PG
05-28 15:39:54.409: I/PG Utils(9379): acquire_providerpkg:[com.android.providers.contacts] pid:[]  maybe timeout , send to PG
05-28 15:39:54.449: I/qtaguid(32427): Failed write_ctrl(u 46) res=-1 errno=22
05-28 15:39:54.449: I/qtaguid(32427): Untagging socket 46 failed errno=-22
05-28 15:39:54.449: W/NetworkManagementSocketTagger(32427): untagSocket(46) failed with errno -22
05-28 15:39:54.549: E/Thermal-daemon(2346): [ap] temp_new :32  temp_old :31
05-28 15:39:54.609: I/qtaguid(32427): Failed write_ctrl(u 46) res=-1 errno=22
05-28 15:39:54.609: I/qtaguid(32427): Untagging socket 46 failed errno=-22
05-28 15:39:54.609: W/NetworkManagementSocketTagger(32427): untagSocket(46) failed with errno -22
05-28 15:39:54.619: I/MusicPreferences(32500): Setting store availability: true
05-28 15:39:54.749: I/MusicPreferences(32500): Account auto-selected
05-28 15:39:54.779: I/HwSystemManager(3892): HoldService:uid:10032 pid:31575 died
05-28 15:39:54.779: I/HwSystemManager(3892): BgPowerManagerService:onProcessDied uid = 10032
05-28 15:39:54.779: I/HwSystemManager(3892): HoldService:oldVersionKey:10032,31575
05-28 15:39:54.779: E/HsmCoreServiceImpl(2944): onTransact in code is: 102
05-28 15:39:54.779: I/MediaProcessHandler(2944): processOp opType: 1, uid: 10032, pid: 31575
05-28 15:39:54.779: W/MediaProcessHandler(2944): remove target not exist, maybe the UI process: uid: 10032, pid: 31575
05-28 15:39:54.779: I/MusicPlaybackService(32337): onStartCommand com.google.android.music.clearqueue / null
05-28 15:39:54.779: I/DevicePlayback(32337): clearQueue
05-28 15:39:54.799: I/MusicPlaybackService(32337): Sending out broadcast: com.android.music.queuechanged Extras: Bundle[{hasValidPlaylist=false, woodstock=false, queueLoading=false, ListSize=0, isSkipLimitReached=false}]
05-28 15:39:54.889: W/MusicPlaybackService(32337): Song is not loaded. Ignoring.
05-28 15:39:54.889: I/PG Utils(32337): acquire_providerpkg:[com.android.providers.media] pid:[]  maybe timeout , send to PG
05-28 15:39:54.899: I/HwSystemManager(3892): HoldService:uid:10010 pid:31764 died
05-28 15:39:54.899: I/HwSystemManager(3892): HoldService:oldVersionKey:10010,31764
05-28 15:39:54.899: I/PG Utils(32337): acquire_providerpkg:[com.google.android.gsf] pid:[]  maybe timeout , send to PG
05-28 15:39:54.899: I/HwSystemManager(3892): BgPowerManagerService:onProcessDied uid = 10010
05-28 15:39:54.899: E/HsmCoreServiceImpl(2944): onTransact in code is: 102
05-28 15:39:54.899: I/MediaProcessHandler(2944): processOp opType: 1, uid: 10010, pid: 31764
05-28 15:39:54.899: W/MediaProcessHandler(2944): remove target not exist, maybe the UI process: uid: 10010, pid: 31764
05-28 15:39:54.899: I/DevicePlayback(32337): stop: willPlay=false, currentPos=-1
05-28 15:39:54.909: W/MusicPlaybackService(32337): Song is not loaded. Ignoring.
05-28 15:39:54.929: I/PG Utils(32337): acquire_providerpkg:[com.android.providers.media] pid:[]  maybe timeout , send to PG
05-28 15:39:55.059: I/MediaStoreImporter(32337): Update: incremental Added music: 0 Updated music: 0 Deleted music: 0 Created playlists: 0 Updated playlists: 0 Deleted playlists: 0 Inserted playlist items: 0 Deleted playlist items: 0 Removed orphaned playlist items: 0
05-28 15:39:55.059: I/ActivityManager(2944): filter receiver for action = com.google.android.music.IMPORT_COMPLETE
05-28 15:39:55.089: I/PG Utils(367): acquire_providerpkg:[com.google.android.gsf] pid:[]  maybe timeout , send to PG
05-28 15:39:55.119: I/GHttpClientFactory(32337): Using our fixed implementation of GMSCore's GoogleHttpClient
05-28 15:39:55.119: I/GoogleURLConnFactory(32337): Using platform SSLCertificateSocketFactory
05-28 15:39:55.129: I/Babel_SMS(367): MmsConfig: mnc/mcc: 0/0
05-28 15:39:55.129: I/Babel_SMS(367): MmsConfig.loadMmsSettings
05-28 15:39:55.129: I/Babel_SMS(367): MmsConfig.loadDeviceMmsSettings from API: mUserAgent=Android-Mms/2.0, mUaProfUrl=http://www.google.com/oha/rdf/ua-profile-kila.xml
05-28 15:39:55.129: I/Babel_SMS(367): MmsConfig.loadFromDatabase
05-28 15:39:55.149: E/Babel_SMS(367): canonicalizeMccMnc: invalid mccmnc 
05-28 15:39:55.149: I/Babel_SMS(367): MmsConfig.loadFromResources
05-28 15:39:55.149: I/PG Utils(32337): acquire_providerpkg:[com.google.android.gsf] pid:[]  maybe timeout , send to PG
05-28 15:39:55.149: E/Babel_SMS(367): canonicalizeMccMnc: invalid mccmnc nullnull
05-28 15:39:55.149: I/Babel_SMS(367): MmsConfig.loadMmsSettings: mUserAgent=Android-Mms/2.0, mUaProfUrl=http://www.google.com/oha/rdf/ua-profile-kila.xml
05-28 15:39:55.169: I/PG Utils(32337): acquire_providerpkg:[com.google.android.gsf] pid:[]  maybe timeout , send to PG
05-28 15:39:55.249: W/Settings(367): Setting airplane_mode_on has moved from android.provider.Settings.System to android.provider.Settings.Global, returning read-only value.
05-28 15:39:55.259: I/Babel_Crash(367): startup - clean
05-28 15:39:55.309: I/Auth(9159): [BroadcastManager] Broadcasting account services changed.
05-28 15:39:55.319: I/ActivityManager(2944): filter receiver for action = com.google.android.gms.auth.ACCOUNT_SERVICES_CHANGED
05-28 15:39:55.399: W/VideoCapabilities(367): Unsupported mime video/mpeg
05-28 15:39:55.399: W/VideoCapabilities(367): Unsupported mime video/mpeg2
05-28 15:39:55.409: W/VideoCapabilities(367): Unrecognized profile 32768 for video/3gpp
05-28 15:39:55.409: W/VideoCapabilities(367): Unrecognized profile 32768 for video/3gpp
05-28 15:39:55.409: W/VideoCapabilities(367): Unrecognized profile 32768 for video/3gpp
05-28 15:39:55.409: W/VideoCapabilities(367): Unrecognized profile 32768 for video/3gpp
05-28 15:39:55.409: W/VideoCapabilities(367): Unrecognized profile 32768 for video/3gpp
05-28 15:39:55.409: W/VideoCapabilities(367): Unrecognized profile 32768 for video/3gpp
05-28 15:39:55.409: W/VideoCapabilities(367): Unrecognized profile 32768 for video/3gpp
05-28 15:39:55.409: W/VideoCapabilities(367): Unrecognized profile 32768 for video/3gpp
05-28 15:39:55.409: W/VideoCapabilities(367): Unrecognized profile/level 0/0 for video/3gpp
05-28 15:39:55.409: W/VideoCapabilities(367): Unrecognized profile 0 for video/3gpp
05-28 15:39:55.409: W/VideoCapabilities(367): Unsupported mime video/mp4
05-28 15:39:55.409: I/VideoCapabilities(367): Unsupported profile 8 for video/mp4v-es
05-28 15:39:55.409: I/VideoCapabilities(367): Unsupported profile 8 for video/mp4v-es
05-28 15:39:55.409: I/VideoCapabilities(367): Unsupported profile 8 for video/mp4v-es
05-28 15:39:55.409: I/VideoCapabilities(367): Unsupported profile 8 for video/mp4v-es
05-28 15:39:55.409: I/VideoCapabilities(367): Unsupported profile 8 for video/mp4v-es
05-28 15:39:55.409: I/VideoCapabilities(367): Unsupported profile 8 for video/mp4v-es
05-28 15:39:55.409: I/VideoCapabilities(367): Unsupported profile 8 for video/mp4v-es
05-28 15:39:55.409: I/VideoCapabilities(367): Unsupported profile 8 for video/mp4v-es
05-28 15:39:55.409: W/VideoCapabilities(367): Unrecognized profile/level 32768/2 for video/mp4v-es
05-28 15:39:55.409: W/VideoCapabilities(367): Unrecognized profile 0 for video/mp4v-es
05-28 15:39:55.409: W/VideoCapabilities(367): Unsupported mime video/mpeg4
05-28 15:39:55.409: W/VideoCapabilities(367): Unsupported mime video/x-flv
05-28 15:39:55.409: W/VideoCapabilities(367): Unsupported mime video/vc1
05-28 15:39:55.409: W/VideoCapabilities(367): Unsupported mime video/wvc1
05-28 15:39:55.419: W/VideoCapabilities(367): Unsupported mime video/x-ms-wmv
05-28 15:39:55.419: W/VideoCapabilities(367): Unsupported mime video/x-ms-wmv3
05-28 15:39:55.419: W/VideoCapabilities(367): Unsupported mime video/x-pn-realvideo
05-28 15:39:55.419: W/VideoCapabilities(367): Unsupported mime video/ffmpeg
05-28 15:39:55.419: W/AudioCapabilities(367): Unsupported mime audio/ffmpeg
05-28 15:39:55.429: I/art(9159): Explicit concurrent mark sweep GC freed 83036(4MB) AllocSpace objects, 8(152KB) LOS objects, 36% free, 28MB/44MB, paused 1.782ms total 214.409ms
05-28 15:39:55.439: I/VideoCapabilities(367): Unsupported profile 4 for video/mp4v-es
05-28 15:39:55.449: I/System(32337): core_booster, getBoosterConfig = false
05-28 15:39:55.459: I/System(32337): core_booster, getBoosterConfig = false
05-28 15:39:55.469: I/System(32337): core_booster, getBoosterConfig = false
05-28 15:39:55.469: I/vclib(367): onServiceConnected
05-28 15:39:55.489: W/Conscrypt(32337): Could not set socket write timeout: java.lang.reflect.InvocationTargetException
05-28 15:39:55.489: W/Conscrypt(32337): 	at java.lang.reflect.Method.invoke(Native Method)
05-28 15:39:55.489: W/Conscrypt(32337): 	at java.lang.reflect.Method.invoke(Method.java:372)
05-28 15:39:55.489: W/Conscrypt(32337): Caused by: android.system.ErrnoException: setsockopt failed: EBADF (Bad file number)
05-28 15:39:55.489: W/Conscrypt(32337): 	at libcore.io.Posix.setsockoptTimeval(Native Method)
05-28 15:39:55.489: W/Conscrypt(32337): 	at libcore.io.ForwardingOs.setsockoptTimeval(ForwardingOs.java:147)
05-28 15:39:55.559: I/art(2340): Explicit concurrent mark sweep GC freed 709(30KB) AllocSpace objects, 0(0B) LOS objects, 55% free, 12MB/28MB, paused 423us total 40.610ms
05-28 15:39:55.579: I/ActivityManager(2944): filter receiver for action = com.google.android.music.START_DOWNLOAD_SCHEDULING
05-28 15:39:55.579: I/ActivityManager(2944): filter receiver for action = android.intent.action.DROPBOX_ENTRY_ADDED
05-28 15:39:55.589: W/Conscrypt(32337): Could not set socket write timeout: java.lang.reflect.InvocationTargetException
05-28 15:39:55.589: W/Conscrypt(32337): 	at java.lang.reflect.Method.invoke(Native Method)
05-28 15:39:55.589: W/Conscrypt(32337): 	at java.lang.reflect.Method.invoke(Method.java:372)
05-28 15:39:55.589: W/Conscrypt(32337): Caused by: android.system.ErrnoException: setsockopt failed: EBADF (Bad file number)
05-28 15:39:55.589: W/Conscrypt(32337): 	at libcore.io.Posix.setsockoptTimeval(Native Method)
05-28 15:39:55.589: W/Conscrypt(32337): 	at libcore.io.ForwardingOs.setsockoptTimeval(ForwardingOs.java:147)
05-28 15:39:55.609: I/art(2340): Explicit concurrent mark sweep GC freed 5(160B) AllocSpace objects, 0(0B) LOS objects, 55% free, 12MB/28MB, paused 374us total 46.916ms
05-28 15:39:55.609: I/art(2338): Explicit concurrent mark sweep GC freed 706(30KB) AllocSpace objects, 0(0B) LOS objects, 55% free, 12MB/28MB, paused 203us total 35.947ms
05-28 15:39:55.639: I/art(2338): Explicit concurrent mark sweep GC freed 5(160B) AllocSpace objects, 0(0B) LOS objects, 55% free, 12MB/28MB, paused 248us total 24.035ms
05-28 15:39:55.649: I/art(2340): Explicit concurrent mark sweep GC freed 5(160B) AllocSpace objects, 0(0B) LOS objects, 55% free, 12MB/28MB, paused 383us total 39.811ms
05-28 15:39:55.709: I/art(2338): Explicit concurrent mark sweep GC freed 5(160B) AllocSpace objects, 0(0B) LOS objects, 55% free, 12MB/28MB, paused 220us total 54.346ms
05-28 15:39:55.719: I/PG Utils(32364): acquire_providerpkg:[com.android.providers.calendar] pid:[]  maybe timeout , send to PG
05-28 15:39:55.739: W/StubController(487): calendar access!
05-28 15:39:55.849: W/art(367): Attempt to remove local handle scope entry from IRT, ignoring
05-28 15:39:55.889: W/System.err(2944): java.lang.SecurityException: WifiService: Neither user 10052 nor current process has android.permission.CHANGE_WIFI_STATE.
05-28 15:39:55.889: I/ConfigUtils(32337): User gained Woodstock.
05-28 15:39:55.889: W/System.err(2944): 	at android.app.ContextImpl.enforce(ContextImpl.java:1962)
05-28 15:39:55.889: W/System.err(2944): 	at android.app.ContextImpl.enforceCallingOrSelfPermission(ContextImpl.java:1991)
05-28 15:39:55.889: W/System.err(2944): 	at com.android.server.wifi.WifiServiceImpl.enforceChangePermission(WifiServiceImpl.java:784)
05-28 15:39:55.889: W/System.err(2944): 	at com.android.server.wifi.WifiServiceImpl.getWifiServiceMessenger(WifiServiceImpl.java:1903)
05-28 15:39:55.889: W/System.err(2944): 	at android.net.wifi.IWifiManager$Stub.onTransact(IWifiManager.java:495)
05-28 15:39:55.889: W/System.err(2944): 	at com.android.server.wifi.HwWifiService.onTransact(HwWifiService.java:61)
05-28 15:39:55.889: W/System.err(2944): 	at android.os.Binder.execTransact(Binder.java:446)
05-28 15:39:55.889: I/ConfigUtils(32337): Nautilus trial became available.
05-28 15:39:55.889: I/ConfigUtils(32337): Nautilus purchase became available.
05-28 15:39:55.889: E/WifiManager(367): WifiServiceMessenger == null
05-28 15:39:55.939: E/WifiStateMachine(2944):  ConnectedState !CMD_RSSI_POLL 1 0 "wl-ftl-mt06-1-24" b4:5d:50:79:e6:40 rssi=-40 f=2462 sc=100 link=72 tx=81.2, 0.0, 0.0  rx=78.9 bcn=0 [on:0 tx:0 rx:0 period:3003] from screen [on:0 period:-1461161425] gl u24 rssi=-40 ag=0 hr ticks 0,0,0 ls-=0 [56,56,60,60,65] brc=0 lrc=0
05-28 15:39:55.939: E/WifiStateMachine(2944):  L2ConnectedState !CMD_RSSI_POLL 1 0 "wl-ftl-mt06-1-24" b4:5d:50:79:e6:40 rssi=-40 f=2462 sc=100 link=72 tx=81.2, 0.0, 0.0  rx=78.9 bcn=0 [on:0 tx:0 rx:0 period:1] from screen [on:0 period:-1461161424] gl u24 rssi=-40 ag=0 hr ticks 0,0,0 ls-=0 [56,56,60,60,65] brc=0 lrc=0
05-28 15:39:55.939: E/WifiStateMachine(2944): fetchRssiLinkSpeedAndFrequencyNative rssi=-40 linkspeed=72 SSID="wl-ftl-mt06-1-24"
05-28 15:39:55.949: E/WifiStateMachine(2944): calculateWifiScore freq=2462 speed=72 score=100 highRSSI  -> txbadrate=0.00 txgoodrate=62.59 txretriesrate=0.00 rxrate=65.43 userTriggerdPenalty0
05-28 15:39:55.949: E/WifiStateMachine(2944):  good link -> stuck count =0
05-28 15:39:55.949: E/WifiStateMachine(2944):  badRSSI count0 lowRSSI count0 --> score 60
05-28 15:39:55.949: E/WifiStateMachine(2944):  isHighRSSI       ---> score=65
05-28 15:39:55.969: I/PG Utils(32337): acquire_providerpkg:[com.google.android.gsf] pid:[]  maybe timeout , send to PG
05-28 15:39:56.019: W/ContextImpl(32337): Failed to ensure directory: /storage/sdcard1/Android/data/com.google.android.music/cache
05-28 15:39:56.059: I/ActivityManager(2944): filter receiver for action = com.google.android.music.accountchanged
05-28 15:39:56.079: I/ActivityManager(2944): filter receiver for action = android.intent.action.DROPBOX_ENTRY_ADDED
05-28 15:39:56.429: E/Babel(367): Invalid server experiment type 4 for BabelExperiment{id='b84806c8', experimentType=0, defaultBoolean=null, defaultLong=null}
05-28 15:39:56.459: W/BabelExperiments(367): Pre-computing loggable experiments for invalid account -1
05-28 15:39:56.469: I/Babel(367): BAM created 1
05-28 15:39:56.709: I/ActivityManager(2944): filter receiver for action = com.google.android.apps.hangouts.SYNC
05-28 15:39:56.719: I/HwSystemManager(3892): BgPowerManagerService:onProcessDied uid = 10103
05-28 15:39:56.719: I/HwSystemManager(3892): HoldService:uid:10103 pid:31539 died
05-28 15:39:56.719: E/HsmCoreServiceImpl(2944): onTransact in code is: 102
05-28 15:39:56.719: I/HwSystemManager(3892): HoldService:oldVersionKey:10103,31539
05-28 15:39:56.719: I/MediaProcessHandler(2944): processOp opType: 1, uid: 10103, pid: 31539
05-28 15:39:56.719: W/MediaProcessHandler(2944): remove target not exist, maybe the UI process: uid: 10103, pid: 31539
05-28 15:39:56.739: I/CalendarProvider2(487): Sending notification intent: Intent { act=android.intent.action.PROVIDER_CHANGED dat=content://com.android.calendar }
05-28 15:39:56.739: W/ContentResolver(487): Failed to get type for: content://com.android.calendar (Unknown URL content://com.android.calendar)
05-28 15:39:56.739: I/ActivityManager(2944): filter receiver for action = android.intent.action.PROVIDER_CHANGED
05-28 15:39:56.869: I/HwSystemManager(3892): HoldService:uid:10095 pid:32200 died
05-28 15:39:56.869: I/HwSystemManager(3892): HoldService:oldVersionKey:10095,32200
05-28 15:39:56.869: I/HwSystemManager(3892): BgPowerManagerService:onProcessDied uid = 10095
05-28 15:39:56.869: E/HsmCoreServiceImpl(2944): onTransact in code is: 102
05-28 15:39:56.869: I/MediaProcessHandler(2944): processOp opType: 1, uid: 10095, pid: 32200
05-28 15:39:56.869: W/MediaProcessHandler(2944): remove target not exist, maybe the UI process: uid: 10095, pid: 32200
05-28 15:39:56.899: I/art(367): Can not find class: Ljavax/net/ssl/SNIServerName;
05-28 15:39:56.899: I/art(367): Can not find class: Ljavax/net/ssl/SNIHostName;
05-28 15:39:56.899: I/art(367): Can not find class: Ljavax/net/ssl/SNIHostName;
05-28 15:39:56.899: I/art(367): Can not find class: Ljavax/net/ssl/SNIHostName;
05-28 15:39:56.909: I/art(367): Can not find class: Ljavax/net/ssl/ExtendedSSLSession;
05-28 15:39:56.909: I/art(367): Rejecting re-init on previously-failed class java.lang.Class<com.google.android.gms.org.conscrypt.Java7ExtendedSSLSession>
05-28 15:39:56.909: I/art(367): Can not find class: Lcom/google/android/gms/org/conscrypt/Java7ExtendedSSLSession;
05-28 15:39:56.909: I/art(367): Rejecting re-init on previously-failed class java.lang.Class<com.google.android.gms.org.conscrypt.Java7ExtendedSSLSession>
05-28 15:39:56.909: I/art(367): Rejecting re-init on previously-failed class java.lang.Class<com.google.android.gms.org.conscrypt.Java8ExtendedSSLSession>
05-28 15:39:56.909: I/art(367): Can not find class: Lcom/google/android/gms/org/conscrypt/Java8ExtendedSSLSession;
05-28 15:39:56.909: I/art(367): Rejecting re-init on previously-failed class java.lang.Class<com.google.android.gms.org.conscrypt.Java8ExtendedSSLSession>
05-28 15:39:56.949: I/Babel(367): BAM#account updated: 1
05-28 15:39:56.949: I/art(367): Can not find class: Lcom/google/android/gms/org/conscrypt/OpenSSLSocketFactoryImpl;
05-28 15:39:56.949: W/System(367): Could not create com.google.android.gms.org.conscrypt.OpenSSLSocketFactoryImpl with ClassLoader dalvik.system.PathClassLoader[DexPathList[[zip file "/system/framework/com.google.android.media.effects.jar", zip file "/system/app/Hangouts/Hangouts.apk"],nativeLibraryDirectories=[/system/app/Hangouts/lib/arm, /vendor/lib, /system/lib]]]: com.google.android.gms.org.conscrypt.OpenSSLSocketFactoryImpl
05-28 15:39:56.949: I/ProviderInstaller(367): Installed default security provider GmsCore_OpenSSL
05-28 15:39:56.949: I/ActivityManager(2944): filter receiver for action = com.google.android.apps.hangouts.SYNC
05-28 15:39:56.989: I/Babel_StickerModule(367): Account change update: 1
05-28 15:39:56.989: I/Babel_StickerModule(367): Sticker update initiated. last:-1 empty:false
05-28 15:39:57.019: E/GmsClient(367): unable to connect to service: com.google.android.gms.playlog.service.START
05-28 15:39:57.039: I/Babel(367): Starting account registration:1-Redacted-54
05-28 15:39:57.159: I/PG Utils(367): acquire_providerpkg:[com.google.android.gsf] pid:[]  maybe timeout , send to PG
05-28 15:39:57.219: I/PG Utils(367): acquire_providerpkg:[com.google.android.gsf] pid:[]  maybe timeout , send to PG
05-28 15:39:57.249: I/PG Utils(367): acquire_providerpkg:[com.google.android.gsf] pid:[]  maybe timeout , send to PG
05-28 15:39:57.279: E/PhoneInterfaceManager(3661): [PhoneIntfMgr] getIccId: ICC ID is null or empty.
05-28 15:39:57.489: I/PG Utils(9379): acquire_providerpkg:[com.google.android.gsf] pid:[]  maybe timeout , send to PG
05-28 15:39:57.489: I/GAV2(32588): Thread[GAThread,5,main]: No campaign data found.
05-28 15:39:57.499: I/GAv4-SVC(9379): Google Analytics 12.6.73 is starting up.
05-28 15:39:57.579: I/PG Utils(9379): acquire_providerpkg:[com.google.android.gsf] pid:[]  maybe timeout , send to PG
05-28 15:39:57.589: I/ActivityManager(2944): filter receiver for action = com.android.mail.ACTION_NOTIFY_DATASET_CHANGED
05-28 15:39:57.769: I/ActivityManager(2944): filter receiver for action = com.google.android.gm.intent.ACTION_PROVIDER_CREATED
05-28 15:39:57.859: I/Gmail(533): getAccountsCursor
05-28 15:39:57.859: I/art(367): Note: end time exceeds epoch: 
05-28 15:39:58.059: I/art(2944): Explicit concurrent mark sweep GC freed 25605(1460KB) AllocSpace objects, 5(100KB) LOS objects, 33% free, 30MB/45MB, paused 2.446ms total 212.965ms
05-28 15:39:58.079: I/GcmRegistrationService(32337): Handling GCM Registration Intent for action: com.google.android.music.GCM_REGISTER
05-28 15:39:58.089: I/PG Utils(533): acquire_providerpkg:[com.google.android.gsf] pid:[]  maybe timeout , send to PG
05-28 15:39:58.089: I/PG Utils(32337): acquire_providerpkg:[com.google.android.gsf] pid:[]  maybe timeout , send to PG
05-28 15:39:58.099: I/Gmail(533): Observing account changes for notifications
05-28 15:39:58.099: I/Babel(367): Account registration complete:1-Redacted-54
05-28 15:39:58.109: I/GHttpClientFactory(32337): Using our fixed implementation of GMSCore's GoogleHttpClient
05-28 15:39:58.109: I/GoogleURLConnFactory(32337): Using platform SSLCertificateSocketFactory
05-28 15:39:58.109: I/Babel(367): ProcessRegisterDeviceResponse
05-28 15:39:58.109: I/Babel(367): Perform warm sync in case there are messages missed before the device is registered for account Redacted-54
05-28 15:39:58.119: I/ActivityManager(2944): filter receiver for action = com.google.android.apps.hangouts.SYNC
05-28 15:39:58.119: I/art(533): Can not find class: Lcom/google/ads/AdRequest;
05-28 15:39:58.139: W/GAV2(533): Thread[main,5,main]: Need to call initialize() and be in fallback mode to start dispatch.
05-28 15:39:58.199: E/Gmail(533): Error finding the version of the Email provider.....
05-28 15:39:58.199: E/Gmail(533): android.content.pm.PackageManager$NameNotFoundException: com.google.android.email
05-28 15:39:58.199: E/Gmail(533): 	at android.app.ApplicationPackageManager.getPackageInfo(ApplicationPackageManager.java:120)
05-28 15:39:58.199: E/Gmail(533): 	at com.google.android.gm.EmailMigrationService.a(SourceFile:1280)
05-28 15:39:58.199: E/Gmail(533): 	at com.google.android.gm.EmailMigrationService.onHandleIntent(SourceFile:219)
05-28 15:39:58.199: E/Gmail(533): 	at android.app.IntentService$ServiceHandler.handleMessage(IntentService.java:65)
05-28 15:39:58.199: E/Gmail(533): 	at android.os.Handler.dispatchMessage(Handler.java:102)
05-28 15:39:58.199: E/Gmail(533): 	at android.os.Looper.loop(Looper.java:135)
05-28 15:39:58.199: E/Gmail(533): 	at android.os.HandlerThread.run(HandlerThread.java:61)
05-28 15:39:58.199: W/EmailMigration(533): We do not support migrating this version of the Email provider.
05-28 15:39:58.209: I/GmailIS(533): Receive LOGIN_ACCOUNTS_CHANGED intent: Intent { act=android.accounts.LOGIN_ACCOUNTS_CHANGED flg=0x4000010 cmp=com.google.android.gm/.GmailIntentService }
05-28 15:39:58.229: I/Gmail(533): getAccountsCursor
05-28 15:39:58.239: I/Gmail(533): System accounts updated.
05-28 15:39:58.289: I/NotifActionUtils(533): resendNotifications account: null, folder: null
05-28 15:39:58.659: I/HwSystemManager(3892): HoldService:uid:10008 pid:32274 died
05-28 15:39:58.659: I/HwSystemManager(3892): HoldService:oldVersionKey:10008,32274
05-28 15:39:58.659: I/HwSystemManager(3892): BgPowerManagerService:onProcessDied uid = 10008
05-28 15:39:58.659: E/HsmCoreServiceImpl(2944): onTransact in code is: 102
05-28 15:39:58.659: I/MediaProcessHandler(2944): processOp opType: 1, uid: 10008, pid: 32274
05-28 15:39:58.659: W/MediaProcessHandler(2944): remove target not exist, maybe the UI process: uid: 10008, pid: 32274
05-28 15:39:58.669: I/Gmail(533): getAccountsCursor
05-28 15:39:58.669: I/ActivityManager(2944): filter receiver for action = com.android.mail.ACTION_NOTIFY_DATASET_CHANGED
05-28 15:39:58.679: I/Gmail(533): getAccountsCursor
05-28 15:39:58.729: I/Auth(9159): [GoogleAccountHistoryStore] creating database.
05-28 15:39:58.739: I/NotifUtils(533): resendNotifications cancelExisting: false, account: null, folder: null
05-28 15:39:58.859: I/HwSystemManager(3892): HoldService:uid:10010 pid:32398 died
05-28 15:39:58.859: I/HwSystemManager(3892): BgPowerManagerService:onProcessDied uid = 10010
05-28 15:39:58.859: I/HwSystemManager(3892): HoldService:oldVersionKey:10010,32398
05-28 15:39:58.859: E/HsmCoreServiceImpl(2944): onTransact in code is: 102
05-28 15:39:58.859: I/MediaProcessHandler(2944): processOp opType: 1, uid: 10010, pid: 32398
05-28 15:39:58.859: W/MediaProcessHandler(2944): remove target not exist, maybe the UI process: uid: 10010, pid: 32398
05-28 15:39:58.949: E/WifiStateMachine(2944):  ConnectedState !CMD_RSSI_POLL 1 0 "wl-ftl-mt06-1-24" b4:5d:50:79:e6:40 rssi=-40 f=2462 sc=100 link=72 tx=62.6, 0.0, 0.0  rx=65.4 bcn=0 [on:0 tx:0 rx:0 period:3003] from screen [on:0 period:-1461158418] gl u24 rssi=-40 ag=0 hr ticks 0,0,0 ls-=0 [56,56,60,60,65] brc=0 lrc=0
05-28 15:39:58.949: E/WifiStateMachine(2944):  L2ConnectedState !CMD_RSSI_POLL 1 0 "wl-ftl-mt06-1-24" b4:5d:50:79:e6:40 rssi=-40 f=2462 sc=100 link=72 tx=62.6, 0.0, 0.0  rx=65.4 bcn=0 [on:0 tx:0 rx:0 period:1] from screen [on:0 period:-1461158417] gl u24 rssi=-40 ag=0 hr ticks 0,0,0 ls-=0 [56,56,60,60,65] brc=0 lrc=0
05-28 15:39:58.949: E/WifiStateMachine(2944): fetchRssiLinkSpeedAndFrequencyNative rssi=-39 linkspeed=72 SSID="wl-ftl-mt06-1-24"
05-28 15:39:58.949: E/WifiStateMachine(2944): calculateWifiScore freq=2462 speed=72 score=100 highRSSI  -> txbadrate=0.00 txgoodrate=52.79 txretriesrate=0.00 rxrate=53.72 userTriggerdPenalty0
05-28 15:39:58.949: E/WifiStateMachine(2944):  good link -> stuck count =0
05-28 15:39:58.949: E/WifiStateMachine(2944):  badRSSI count0 lowRSSI count0 --> score 60
05-28 15:39:58.949: E/WifiStateMachine(2944):  isHighRSSI       ---> score=65
05-28 15:39:59.089: W/InstanceID/Rpc(32337): Found 10010
05-28 15:39:59.099: I/dex2oat(32756): dex2oat took 6.285s (threads: 8)
05-28 15:39:59.289: I/ActivityManager(2944): filter receiver for action = android.intent.action.PACKAGE_ADDED
05-28 15:39:59.289: W/Settings(2944): Setting install_non_market_apps has moved from android.provider.Settings.Global to android.provider.Settings.Secure, returning read-only value.
05-28 15:39:59.299: I/HwSystemManager(3892): HsmPackageManager:Receive intent:Intent { act=android.intent.action.PACKAGE_ADDED dat=package:com.adler.mrsam.adlerandroidapp flg=0x4000010 (has extras) }
05-28 15:39:59.299: I/HwSystemManager(3892): HsmPackageManager:replacing:false
05-28 15:39:59.299: I/HwSystemManager(3892): HsmPackageManager:pkgName:com.adler.mrsam.adlerandroidapp
05-28 15:39:59.299: I/HwSystemManager(3892): HsmPackageManager:doAppInstalled, installed: com.adler.mrsam.adlerandroidapp
05-28 15:39:59.299: I/HwLauncher(3706): Model  onReceive intent=Intent { act=android.intent.action.PACKAGE_ADDED dat=package:com.adler.mrsam.adlerandroidapp flg=0x4000010 (has extras) }
05-28 15:39:59.299: I/HwLauncher(3706): Model replacing = false package = com.adler.mrsam.adlerandroidapp
05-28 15:39:59.299: I/HwLauncher(3706): MutilSelectedIconsonPreHandleUpdatedTask : mIsInMutilSelectMode = false task = 1 packages = [com.adler.mrsam.adlerandroidapp]
05-28 15:39:59.299: I/HwLauncher(3706): SimpleLauncherModeaction= android.intent.action.PACKAGE_ADDEDpackageName = com.adler.mrsam.adlerandroidapp
05-28 15:39:59.299: W/HwLauncher(3706): SimpleLauncherMode onReceive : It's normal Launcher now, do not handle add packages
05-28 15:39:59.299: I/HwLauncher(3706): Model mAllAppsList.addPackage com.adler.mrsam.adlerandroidapp
05-28 15:39:59.299: I/HwSystemManager(3892): HomeCategoryRule:match is not HOME apk: com.adler.mrsam.adlerandroidapp
05-28 15:39:59.299: I/HwSystemManager(3892): yw:needFilterOut result:false
05-28 15:39:59.299: I/HwSystemManager(3892): ww:replaceLockStatus:com.adler.mrsam.adlerandroidapp, 0
05-28 15:39:59.309: I/art(6412): Can not find class: Ldalvik/system/Zygote;
05-28 15:39:59.309: I/InputReader(2944): Reconfiguring input devices.  changes=0x00000010
05-28 15:39:59.339: I/HwLauncher(3706): Launcher.Utilities createIconBitmap classname = null, sourceWidth = 114, sourceHeight = 114
05-28 15:39:59.339: I/HwLauncher(3706): Launcher.IconCache, cacheLocked end Utilities.createIconBitmap entry.title = The Adler Android App
05-28 15:39:59.349: I/HwLauncher(3706): Workspace defaultDesktop:0,mCurrentPage:0,getChildCount():2,getMaxScreen():9
05-28 15:39:59.349: I/HwLauncher(3706): Workspace addAppToDesktop itemInfo=ShortcutInfo(title=The Adler Android App) success=true isInstalled=true checkPage=3 mCoordinates=3,0 view=null
05-28 15:39:59.359: I/HwLauncher(3706): Launcher Deferring update until onResume
05-28 15:39:59.359: I/HwSystemManager(3892): ahr:onReceive  action is com.huawei.android.action.GET_PACKAGE_INSTALLATION_INFO
05-28 15:39:59.439: I/PG Utils(654): acquire_providerpkg:[com.google.android.gsf] pid:[]  maybe timeout , send to PG
05-28 15:39:59.529: W/InstanceID(32337): token: foSqvfqqMMI:APA91bH7AAjSmyc9WORNWHRLspoI6Dd294j--dJ-BpvlV6L3ZUvfM8piohFVbajanwp_m5yCaiIRJIvFzb_Bf2nPS2yH0_Oaj_rrWvSSnB1Lb-u0d4Oiz4pIvr5oRmyiYx5NrQI5Gc1h
05-28 15:39:59.539: I/MusicGcmRegistration(32337): Received GCM Registration Token: foSqvfqqMMI:APA91bH7AAjSmyc9WORNWHRLspoI6Dd294j--dJ-BpvlV6L3ZUvfM8piohFVbajanwp_m5yCaiIRJIvFzb_Bf2nPS2yH0_Oaj_rrWvSSnB1Lb-u0d4Oiz4pIvr5oRmyiYx5NrQI5Gc1h
05-28 15:39:59.549: E/Thermal-daemon(2346): [charger_ic] temp_new :33  temp_old :32
05-28 15:39:59.609: I/art(2944): Explicit concurrent mark sweep GC freed 25859(1780KB) AllocSpace objects, 6(116KB) LOS objects, 33% free, 30MB/45MB, paused 2.511ms total 247.324ms
05-28 15:39:59.719: I/System(32337): core_booster, getBoosterConfig = false
05-28 15:39:59.729: I/System(32337): core_booster, getBoosterConfig = false
05-28 15:39:59.729: I/System(32337): core_booster, getBoosterConfig = false
05-28 15:39:59.729: W/Conscrypt(32337): Could not set socket write timeout: java.lang.reflect.InvocationTargetException
05-28 15:39:59.729: W/Conscrypt(32337): 	at java.lang.reflect.Method.invoke(Native Method)
05-28 15:39:59.729: W/Conscrypt(32337): 	at java.lang.reflect.Method.invoke(Method.java:372)
05-28 15:39:59.729: W/Conscrypt(32337): Caused by: android.system.ErrnoException: setsockopt failed: EBADF (Bad file number)
05-28 15:39:59.729: W/Conscrypt(32337): 	at libcore.io.Posix.setsockoptTimeval(Native Method)
05-28 15:39:59.729: W/Conscrypt(32337): 	at libcore.io.ForwardingOs.setsockoptTimeval(ForwardingOs.java:147)
05-28 15:39:59.769: I/ActivityManager(2944): filter receiver for action = android.intent.action.DROPBOX_ENTRY_ADDED
05-28 15:39:59.789: W/Conscrypt(32337): Could not set socket write timeout: java.lang.reflect.InvocationTargetException
05-28 15:39:59.789: W/Conscrypt(32337): 	at java.lang.reflect.Method.invoke(Native Method)
05-28 15:39:59.789: W/Conscrypt(32337): 	at java.lang.reflect.Method.invoke(Method.java:372)
05-28 15:39:59.789: W/Conscrypt(32337): Caused by: android.system.ErrnoException: setsockopt failed: EBADF (Bad file number)
05-28 15:39:59.789: W/Conscrypt(32337): 	at libcore.io.Posix.setsockoptTimeval(Native Method)
05-28 15:39:59.789: W/Conscrypt(32337): 	at libcore.io.ForwardingOs.setsockoptTimeval(ForwardingOs.java:147)
05-28 15:39:59.849: I/MusicGcmRegistration(32337): Received GCM Device Group: APA91bF_KjoLgelwHvlQuitcufsqNdgoz217YiiSE8wT3ADT_K-92VwTY72jpQTHWnT8kbAd22hh_zI1d2NlMA2woNNSSLgV7K3RfacdrhDJlCd3MYUEpsQ
05-28 15:39:59.949: W/InstanceID/Rpc(654): Found 10010
05-28 15:39:59.999: I/HwLauncher(3706): Model  onReceive intent=Intent { act=android.intent.action.TIME_TICK flg=0x50000014 (has extras) }
05-28 15:39:59.999: I/TimeManager(3285): receiver action = android.intent.action.TIME_TICK
05-28 15:39:59.999: I/TimeManager(3285): send message delay millis = 60993 ms
05-28 15:39:59.999: I/TimeManager(3285): hand message 1
05-28 15:39:59.999: I/TimeManager(3285): notify time change. size = 2
05-28 15:39:59.999: I/TimeLayout(3285): time = 15:40
05-28 15:39:59.999: I/TimeLayout(3285): updateDate date = 5/28/2018
05-28 15:39:59.999: I/TimeLayout(3285): weekDay = Monday
05-28 15:40:00.049: E/Thermal-daemon(2346): [ap] temp_new :34  temp_old :32
05-28 15:40:00.079: I/appproc(743): CLASSPATH=/system/framework/pm.jar
05-28 15:40:00.079: I/appproc(743): Command=app_process /system/bin com.android.commands.pm.Pm install -r -t /data/local/tmp/com.google.android.apps.mtaas.crawler.apk 
05-28 15:40:00.079: I/appproc(743): app_process:number,6,0
05-28 15:40:00.089: I/AndroidRuntime(743): readDownloadBoosterConfig: 'false'
05-28 15:40:00.219: I/qtaguid(32427): Failed write_ctrl(u 46) res=-1 errno=22
05-28 15:40:00.219: I/qtaguid(32427): Untagging socket 46 failed errno=-22
05-28 15:40:00.219: W/NetworkManagementSocketTagger(32427): untagSocket(46) failed with errno -22
05-28 15:40:00.219: W/NetworkManagementSocketTagger(32427): [ 05-28 15:40:00.229   743:  743 I/         ]
05-28 15:40:00.219: W/NetworkManagementSocketTagger(32427): power log dlsym ok
05-28 15:40:00.299: E/android_hardware_fm.cpp(743): register_android_hardware_fm_fmradio
05-28 15:40:00.299: I/android_hardware_fm.cpp(743): ========64bit long size = 8
05-28 15:40:00.299: E/FM_HAL(743): [FM_HAL], libname is libhisifm_if
05-28 15:40:00.299: I/fm_hisi(743): FM::[fm_device_open:4655] fm_device_open
05-28 15:40:00.299: I/fm_hisi(743): FM::[fm_device_open:4666] find the id:libhisifm_if and begins to open the device
05-28 15:40:00.299: I/fm_hisi(743): FM::[fm_device_open:4710] device open sucess
05-28 15:40:00.299: E/android_hardware_fm.cpp(743): register_android_hardware_fm_fmradio, ret is 0
05-28 15:40:00.309: I/PG Utils(654): acquire_providerpkg:[com.google.android.gsf] pid:[]  maybe timeout , send to PG
05-28 15:40:00.309: I/PG Utils(688): acquire_providerpkg:[com.google.android.gsf] pid:[]  maybe timeout , send to PG
05-28 15:40:00.369: I/HwSystemManager(3892): ahr:onReceive  action is com.huawei.android.action.GET_INSTALLER_PACKAGE_INFO
05-28 15:40:00.369: I/HwSystemManager(3892): ahr:get count = 2
05-28 15:40:00.379: W/VideoCapabilities(654): Unsupported mime video/mpeg
05-28 15:40:00.379: W/VideoCapabilities(654): Unsupported mime video/mpeg2
05-28 15:40:00.389: W/VideoCapabilities(654): Unrecognized profile 32768 for video/3gpp
05-28 15:40:00.389: W/VideoCapabilities(654): Unrecognized profile 32768 for video/3gpp
05-28 15:40:00.389: W/VideoCapabilities(654): Unrecognized profile 32768 for video/3gpp
05-28 15:40:00.389: W/VideoCapabilities(654): Unrecognized profile 32768 for video/3gpp
05-28 15:40:00.389: W/VideoCapabilities(654): Unrecognized profile 32768 for video/3gpp
05-28 15:40:00.389: W/VideoCapabilities(654): Unrecognized profile 32768 for video/3gpp
05-28 15:40:00.389: W/VideoCapabilities(654): Unrecognized profile 32768 for video/3gpp
05-28 15:40:00.389: W/VideoCapabilities(654): Unrecognized profile 32768 for video/3gpp
05-28 15:40:00.389: W/VideoCapabilities(654): Unrecognized profile/level 0/0 for video/3gpp
05-28 15:40:00.389: W/VideoCapabilities(654): Unrecognized profile 0 for video/3gpp
05-28 15:40:00.389: W/VideoCapabilities(654): Unsupported mime video/mp4
05-28 15:40:00.389: I/VideoCapabilities(654): Unsupported profile 8 for video/mp4v-es
05-28 15:40:00.389: I/VideoCapabilities(654): Unsupported profile 8 for video/mp4v-es
05-28 15:40:00.389: I/VideoCapabilities(654): Unsupported profile 8 for video/mp4v-es
05-28 15:40:00.389: I/VideoCapabilities(654): Unsupported profile 8 for video/mp4v-es
05-28 15:40:00.389: I/VideoCapabilities(654): Unsupported profile 8 for video/mp4v-es
05-28 15:40:00.389: I/VideoCapabilities(654): Unsupported profile 8 for video/mp4v-es
05-28 15:40:00.389: I/VideoCapabilities(654): Unsupported profile 8 for video/mp4v-es
05-28 15:40:00.389: I/VideoCapabilities(654): Unsupported profile 8 for video/mp4v-es
05-28 15:40:00.389: W/VideoCapabilities(654): Unrecognized profile/level 32768/2 for video/mp4v-es
05-28 15:40:00.389: W/VideoCapabilities(654): Unrecognized profile 0 for video/mp4v-es
05-28 15:40:00.389: W/VideoCapabilities(654): Unsupported mime video/mpeg4
05-28 15:40:00.389: W/VideoCapabilities(654): Unsupported mime video/x-flv
05-28 15:40:00.399: W/VideoCapabilities(654): Unsupported mime video/vc1
05-28 15:40:00.399: W/VideoCapabilities(654): Unsupported mime video/wvc1
05-28 15:40:00.399: W/VideoCapabilities(654): Unsupported mime video/x-ms-wmv
05-28 15:40:00.399: W/VideoCapabilities(654): Unsupported mime video/x-ms-wmv3
05-28 15:40:00.399: I/art(688): Can not find class: Ljavax/net/ssl/SNIServerName;
05-28 15:40:00.399: I/art(688): Can not find class: Ljavax/net/ssl/SNIHostName;
05-28 15:40:00.399: W/VideoCapabilities(654): Unsupported mime video/x-pn-realvideo
05-28 15:40:00.409: I/art(688): Can not find class: Ljavax/net/ssl/SNIHostName;
05-28 15:40:00.409: W/VideoCapabilities(654): Unsupported mime video/ffmpeg
05-28 15:40:00.409: I/art(688): Can not find class: Ljavax/net/ssl/SNIHostName;
05-28 15:40:00.409: W/AudioCapabilities(654): Unsupported mime audio/ffmpeg
05-28 15:40:00.409: I/art(688): Can not find class: Ljavax/net/ssl/ExtendedSSLSession;
05-28 15:40:00.409: I/art(688): Rejecting re-init on previously-failed class java.lang.Class<com.google.android.gms.org.conscrypt.Java7ExtendedSSLSession>
05-28 15:40:00.409: I/art(688): Can not find class: Lcom/google/android/gms/org/conscrypt/Java7ExtendedSSLSession;
05-28 15:40:00.409: I/art(688): Rejecting re-init on previously-failed class java.lang.Class<com.google.android.gms.org.conscrypt.Java7ExtendedSSLSession>
05-28 15:40:00.409: I/art(688): Rejecting re-init on previously-failed class java.lang.Class<com.google.android.gms.org.conscrypt.Java8ExtendedSSLSession>
05-28 15:40:00.409: I/art(688): Can not find class: Lcom/google/android/gms/org/conscrypt/Java8ExtendedSSLSession;
05-28 15:40:00.409: I/art(688): Rejecting re-init on previously-failed class java.lang.Class<com.google.android.gms.org.conscrypt.Java8ExtendedSSLSession>
05-28 15:40:00.429: W/System.err(2944): java.lang.SecurityException: WifiService: Neither user 10086 nor current process has android.permission.CHANGE_WIFI_STATE.
05-28 15:40:00.429: W/System.err(2944): 	at android.app.ContextImpl.enforce(ContextImpl.java:1962)
05-28 15:40:00.429: W/System.err(2944): 	at android.app.ContextImpl.enforceCallingOrSelfPermission(ContextImpl.java:1991)
05-28 15:40:00.429: W/System.err(2944): 	at com.android.server.wifi.WifiServiceImpl.enforceChangePermission(WifiServiceImpl.java:784)
05-28 15:40:00.429: W/System.err(2944): 	at com.android.server.wifi.WifiServiceImpl.getWifiServiceMessenger(WifiServiceImpl.java:1903)
05-28 15:40:00.429: W/System.err(2944): 	at android.net.wifi.IWifiManager$Stub.onTransact(IWifiManager.java:495)
05-28 15:40:00.429: W/System.err(2944): 	at com.android.server.wifi.HwWifiService.onTransact(HwWifiService.java:61)
05-28 15:40:00.429: W/System.err(2944): 	at android.os.Binder.execTransact(Binder.java:446)
05-28 15:40:00.429: E/WifiManager(654): WifiServiceMessenger == null
05-28 15:40:00.429: I/VideoCapabilities(654): Unsupported profile 4 for video/mp4v-es
05-28 15:40:00.439: W/MediaCodecUtil(654): MediaCodecList API didn't list secure decoder for: video/avc. Assuming: OMX.k3.video.decoder.avc.secure
05-28 15:40:00.439: I/art(367): Note: end time exceeds epoch: 
05-28 15:40:00.449: I/WVCdm(2714): CdmEngine::QueryStatus
05-28 15:40:00.459: I/art(688): Can not find class: Lcom/google/android/gms/org/conscrypt/OpenSSLSocketFactoryImpl;
05-28 15:40:00.459: W/System(688): Could not create com.google.android.gms.org.conscrypt.OpenSSLSocketFactoryImpl with ClassLoader dalvik.system.PathClassLoader[DexPathList[[zip file "/system/app/YouTube/YouTube.apk"],nativeLibraryDirectories=[/system/app/YouTube/lib/arm64, /vendor/lib64, /system/lib64]]]: com.google.android.gms.org.conscrypt.OpenSSLSocketFactoryImpl
05-28 15:40:00.459: I/ProviderInstaller(688): Installed default security provider GmsCore_OpenSSL
05-28 15:40:00.459: I/PlayMovies(654): WidevineMediaDrmWrapper.getDefaultSecurityLevel:215 L3
05-28 15:40:00.469: W/ContextImpl(654): Failed to ensure directory: /storage/sdcard1/Android/data/com.google.android.videos/files/Movies
05-28 15:40:00.469: I/ActivityManager(2944): filter receiver for action = com.google.android.play.CONTENT_UPDATE
05-28 15:40:00.469: I/PG Utils(654): acquire_providerpkg:[com.google.android.gsf] pid:[]  maybe timeout , send to PG
05-28 15:40:00.479: I/PG Utils(654): acquire_providerpkg:[com.google.android.gsf] pid:[]  maybe timeout , send to PG
05-28 15:40:00.489: W/System.err(2944): java.lang.SecurityException: WifiService: Neither user 10087 nor current process has android.permission.CHANGE_WIFI_STATE.
05-28 15:40:00.489: W/System.err(2944): 	at android.app.ContextImpl.enforce(ContextImpl.java:1962)
05-28 15:40:00.489: W/System.err(2944): 	at android.app.ContextImpl.enforceCallingOrSelfPermission(ContextImpl.java:1991)
05-28 15:40:00.489: W/System.err(2944): 	at com.android.server.wifi.WifiServiceImpl.enforceChangePermission(WifiServiceImpl.java:784)
05-28 15:40:00.489: W/System.err(2944): 	at com.android.server.wifi.WifiServiceImpl.getWifiServiceMessenger(WifiServiceImpl.java:1903)
05-28 15:40:00.489: W/System.err(2944): 	at android.net.wifi.IWifiManager$Stub.onTransact(IWifiManager.java:495)
05-28 15:40:00.489: W/System.err(2944): 	at com.android.server.wifi.HwWifiService.onTransact(HwWifiService.java:61)
05-28 15:40:00.489: W/System.err(2944): 	at android.os.Binder.execTransact(Binder.java:446)
05-28 15:40:00.489: E/WifiManager(688): WifiServiceMessenger == null
05-28 15:40:00.519: I/art(9192): Explicit concurrent mark sweep GC freed 3153(131KB) AllocSpace objects, 0(0B) LOS objects, 40% free, 13MB/22MB, paused 636us total 41.682ms
05-28 15:40:00.609: I/System(654): core_booster, getBoosterConfig = false
05-28 15:40:00.619: I/System(654): core_booster, getBoosterConfig = false
05-28 15:40:00.659: I/HwSystemManager(3892): HoldService:uid:10088 pid:32500 died
05-28 15:40:00.659: I/HwSystemManager(3892): HoldService:oldVersionKey:10088,32500
05-28 15:40:00.659: I/HwSystemManager(3892): BgPowerManagerService:onProcessDied uid = 10088
05-28 15:40:00.659: E/HsmCoreServiceImpl(2944): onTransact in code is: 102
05-28 15:40:00.659: I/MediaProcessHandler(2944): processOp opType: 1, uid: 10088, pid: 32500
05-28 15:40:00.659: W/MediaProcessHandler(2944): remove target not exist, maybe the UI process: uid: 10088, pid: 32500
05-28 15:40:00.679: I/ActivityManager(2944): filter receiver for action = android.intent.action.DROPBOX_ENTRY_ADDED
05-28 15:40:00.699: E/YouTube MDX(688): Bogus value in shared preferences for key MdxServerSelection value , returning default value.
05-28 15:40:00.779: I/art(688): DexFile_isDexOptNeeded failed to open oat file '/data/dalvik-cache/arm64/data@data@com.google.android.gms@app_chimera@m@00000001@DynamiteModulesA_GmsCore_prodlmp_alldpi_release.apk@classes.dex' for file location '/data/data/com.google.android.gms/app_chimera/m/00000001/DynamiteModulesA_GmsCore_prodlmp_alldpi_release.apk': Failed to open oat filename for reading: No such file or directory
05-28 15:40:00.789: I/art(688): Can not find class: Lcom/google/android/chimeraresources/R$id;
05-28 15:40:00.869: I/dex2oat(800): /system/bin/dex2oat --runtime-arg -classpath --runtime-arg  --instruction-set=arm64 --instruction-set-features=default --runtime-arg -Xrelocate --notify --boot-image=/system/framework/boot.art --dex-file=/data/data/com.google.android.youtube/cache/1518650295230.jar --oat-fd=46 --oat-location=/data/data/com.google.android.youtube/cache/1518650295230.dex --runtime-arg -Xms64m --runtime-arg -Xmx512m
05-28 15:40:00.879: I/PackageManager(2944): notifyDex2oat: |--runtime-arg|-classpath|--runtime-arg||--instruction-set=arm64|--instruction-set-features=default|--runtime-arg|-Xrelocate|--notify|--boot-image=/system/framework/boot.art|--dex-file=/data/data/com.google.android.youtube/cache/1518650295230.jar|--oat-fd=46|--oat-location=/data/data/com.google.android.youtube/cache/1518650295230.dex|--runtime-arg|-Xms64m|--runtime-arg|-Xmx512m
05-28 15:40:00.889: I/dex2oat(800): Verify none mode specified, skipping verification.
05-28 15:40:00.899: I/dex2oat(800): dex2oat took 25.770ms (threads: 8)
05-28 15:40:00.909: I/art(688): Can not find class: Lcom/google/android/ads/zxxz/g;
05-28 15:40:00.919: I/art(688): Can not find class: Lcom/google/android/ads/zxxz/n;
05-28 15:40:00.919: I/art(688): Can not find class: Lcom/google/android/ads/zxxz/d;
05-28 15:40:00.919: I/art(688): Can not find class: Lcom/google/android/ads/zxxz/l;
05-28 15:40:00.919: I/art(688): Can not find class: Lcom/google/android/ads/zxxz/u;
05-28 15:40:00.919: I/art(688): Can not find class: Lcom/google/android/ads/zxxz/b;
05-28 15:40:00.919: I/art(688): Can not find class: Lcom/google/android/ads/zxxz/k;
05-28 15:40:00.929: I/art(688): Can not find class: Lcom/google/android/ads/zxxz/t;
05-28 15:40:00.929: I/art(688): Can not find class: Lcom/google/android/ads/zxxz/s;
05-28 15:40:00.929: I/art(688): Can not find class: Lcom/google/android/ads/zxxz/h;
05-28 15:40:00.929: I/art(688): Can not find class: Lcom/google/android/ads/zxxz/f;
05-28 15:40:00.929: I/art(688): Can not find class: Lcom/google/android/ads/zxxz/i;
05-28 15:40:00.929: I/art(688): Can not find class: Lcom/google/android/ads/zxxz/e;
05-28 15:40:00.929: I/art(688): Can not find class: Lcom/google/android/ads/zxxz/p;
05-28 15:40:00.929: I/art(688): Can not find class: Lcom/google/android/ads/zxxz/j;
05-28 15:40:00.929: I/art(688): Can not find class: Lcom/google/android/ads/zxxz/c;
05-28 15:40:00.929: I/art(688): Can not find class: Lcom/google/android/ads/zxxz/o;
05-28 15:40:00.929: I/art(688): Can not find class: Lcom/google/android/ads/zxxz/m;
05-28 15:40:00.939: I/art(688): Can not find class: Lcom/google/android/ads/zxxz/r;
05-28 15:40:00.939: I/art(688): Can not find class: Lcom/google/android/ads/zxxz/a;
05-28 15:40:00.939: I/art(688): Can not find class: Lcom/google/android/ads/zxxz/v;
05-28 15:40:00.939: I/art(688): Can not find class: Lcom/google/android/ads/zxxz/q;
05-28 15:40:00.949: W/ContextImpl(688): Failed to ensure directory: /storage/sdcard1/Android/data/com.google.android.youtube/cache
05-28 15:40:00.949: I/art(688): Can not find class: Lcom/google/android/ads/d;
05-28 15:40:00.949: I/art(688): Can not find class: Lcom/google/android/ads/a;
05-28 15:40:00.949: I/art(688): Can not find class: Lcom/google/android/ads/c;
05-28 15:40:00.949: I/art(688): Can not find class: Lcom/google/android/ads/h;
05-28 15:40:00.969: I/art(688): Can not find class: Lcom/google/android/ads/f;
05-28 15:40:00.999: I/art(688): Can not find class: Lcom/google/android/ads/b;
05-28 15:40:01.059: I/System(688): core_booster, getBoosterConfig = false
05-28 15:40:01.189: I/System(654): core_booster, getBoosterConfig = false
05-28 15:40:01.199: I/System(654): core_booster, getBoosterConfig = false
05-28 15:40:01.389: W/ContextImpl(688): Failed to ensure directory: /storage/sdcard1/Android/data/com.google.android.youtube/cache
05-28 15:40:01.399: W/ContextImpl(688): Failed to ensure directory: /storage/sdcard1/Android/data/com.google.android.youtube/files
05-28 15:40:01.399: W/ContextImpl(688): Failed to ensure directory: /storage/sdcard1/Android/data/com.google.android.youtube/files
05-28 15:40:01.419: W/InstanceID/Rpc(688): Found 10010
05-28 15:40:01.419: I/ActivityManager(2944): filter receiver for action = com.google.android.gms.gcm.ACTION_SCHEDULE
05-28 15:40:01.549: I/ActivityManager(2944): filter receiver for action = com.google.android.gms.gcm.ACTION_SCHEDULE
05-28 15:40:01.569: W/ContextImpl(688): Failed to ensure directory: /storage/sdcard1/Android/data/com.google.android.youtube/cache
05-28 15:40:01.589: I/ActivityManager(2944): filter receiver for action = com.google.android.gms.gcm.ACTION_SCHEDULE
05-28 15:40:01.689: I/PG Utils(9379): acquire_providerpkg:[com.google.android.gsf] pid:[]  maybe timeout , send to PG
05-28 15:40:01.719: I/PG Utils(9379): acquire_providerpkg:[com.google.android.gsf] pid:[]  maybe timeout , send to PG
05-28 15:40:01.789: I/System(688): core_booster, getBoosterConfig = false
