05-28 15:39:46.829: I/MultiDex(32223): loading existing secondary dex files
05-28 15:39:46.829: I/MultiDex(32223): load found 4 secondary dex files
05-28 15:39:46.839: I/MultiDex(32223): install done
05-28 15:39:46.899: I/art(32223): Can not find class: Ljavax/net/ssl/SNIServerName;
05-28 15:39:46.899: I/art(32223): Can not find class: Ljavax/net/ssl/SNIHostName;
05-28 15:39:46.899: I/art(32223): Can not find class: Ljavax/net/ssl/SNIHostName;
05-28 15:39:46.909: I/art(32223): Can not find class: Ljavax/net/ssl/SNIHostName;
05-28 15:39:46.909: I/art(32223): Can not find class: Ljavax/net/ssl/ExtendedSSLSession;
05-28 15:39:46.909: I/art(32223): Rejecting re-init on previously-failed class java.lang.Class<com.google.android.gms.org.conscrypt.Java7ExtendedSSLSession>
05-28 15:39:46.909: I/art(32223): Can not find class: Lcom/google/android/gms/org/conscrypt/Java7ExtendedSSLSession;
05-28 15:39:46.909: I/art(32223): Rejecting re-init on previously-failed class java.lang.Class<com.google.android.gms.org.conscrypt.Java7ExtendedSSLSession>
05-28 15:39:46.909: I/art(32223): Rejecting re-init on previously-failed class java.lang.Class<com.google.android.gms.org.conscrypt.Java8ExtendedSSLSession>
05-28 15:39:46.909: I/art(32223): Can not find class: Lcom/google/android/gms/org/conscrypt/Java8ExtendedSSLSession;
05-28 15:39:46.909: I/art(32223): Rejecting re-init on previously-failed class java.lang.Class<com.google.android.gms.org.conscrypt.Java8ExtendedSSLSession>
05-28 15:39:46.919: E/WifiStateMachine(2944):  ConnectedState !CMD_RSSI_POLL 1 0 "wl-ftl-mt06-1-24" b4:5d:50:79:e6:40 rssi=-40 f=2462 sc=100 link=72 tx=16.4, 0.0, 0.0  rx=15.9 bcn=0 [on:0 tx:0 rx:0 period:3002] from screen [on:0 period:-1461170446] gl u24 rssi=-40 ag=0 hr ticks 0,0,0 ls-=0 [56,56,60,60,65] brc=0 lrc=0
05-28 15:39:46.919: E/WifiStateMachine(2944):  L2ConnectedState !CMD_RSSI_POLL 1 0 "wl-ftl-mt06-1-24" b4:5d:50:79:e6:40 rssi=-40 f=2462 sc=100 link=72 tx=16.4, 0.0, 0.0  rx=15.9 bcn=0 [on:0 tx:0 rx:0 period:1] from screen [on:0 period:-1461170445] gl u24 rssi=-40 ag=0 hr ticks 0,0,0 ls-=0 [56,56,60,60,65] brc=0 lrc=0
05-28 15:39:46.919: E/WifiStateMachine(2944): fetchRssiLinkSpeedAndFrequencyNative rssi=-39 linkspeed=72 SSID="wl-ftl-mt06-1-24"
05-28 15:39:46.929: E/WifiStateMachine(2944): calculateWifiScore freq=2462 speed=72 score=100 highRSSI  -> txbadrate=0.00 txgoodrate=10.69 txretriesrate=0.00 rxrate=10.47 userTriggerdPenalty0
05-28 15:39:46.929: E/WifiStateMachine(2944):  good link -> stuck count =0
05-28 15:39:46.929: E/WifiStateMachine(2944):  badRSSI count0 lowRSSI count0 --> score 60
05-28 15:39:46.929: E/WifiStateMachine(2944):  isHighRSSI       ---> score=65
05-28 15:39:46.949: I/art(32223): Can not find class: Lcom/google/android/gms/org/conscrypt/OpenSSLSocketFactoryImpl;
05-28 15:39:46.949: W/System(32223): Could not create com.google.android.gms.org.conscrypt.OpenSSLSocketFactoryImpl with ClassLoader android.app.LoadedApk$WarningContextClassLoader@34849bf2: com.google.android.gms.org.conscrypt.OpenSSLSocketFactoryImpl
05-28 15:39:46.949: I/ProviderInstaller(32223): Installed default security provider GmsCore_OpenSSL
05-28 15:39:46.989: W/NativeLibraryUtils(32223): Failed to open lock file
05-28 15:39:46.989: W/NativeLibraryUtils(32223): java.io.FileNotFoundException: /data/data/com.google.android.gms/cache/.lib.lock: open failed: EACCES (Permission denied)
05-28 15:39:46.989: W/NativeLibraryUtils(32223): 	at libcore.io.IoBridge.open(IoBridge.java:463)
05-28 15:39:46.989: W/NativeLibraryUtils(32223): 	at java.io.RandomAccessFile.<init>(RandomAccessFile.java:117)
05-28 15:39:46.989: W/NativeLibraryUtils(32223): 	at ozm.d(:com.google.android.gms@12673010@12.6.73 (020400-194189626):4)
05-28 15:39:46.989: W/NativeLibraryUtils(32223): 	at nyh.run(:com.google.android.gms@12673010@12.6.73 (020400-194189626))
05-28 15:39:46.989: W/NativeLibraryUtils(32223): Caused by: android.system.ErrnoException: open failed: EACCES (Permission denied)
05-28 15:39:46.989: W/NativeLibraryUtils(32223): 	at libcore.io.Posix.open(Native Method)
05-28 15:39:46.989: W/NativeLibraryUtils(32223): 	at libcore.io.BlockGuardOs.open(BlockGuardOs.java:186)
05-28 15:39:46.989: W/NativeLibraryUtils(32223): 	at libcore.io.IoBridge.open(IoBridge.java:449)
05-28 15:39:46.989: W/NativeLibraryUtils(32223): 	... 3 more
05-28 15:39:47.009: I/art(32223): Can not find class: Lcom/google/protobuf/AndroidProto3SchemaFactory;
05-28 15:39:47.009: I/art(32223): Can not find class: Lcom/google/protobuf/DescriptorMessageInfoFactory;
05-28 15:39:47.009: I/art(32223): Can not find class: Lcom/google/protobuf/GeneratedMessage;
05-28 15:39:47.009: I/art(32223): Can not find class: Lcom/google/protobuf/UnknownFieldSetSchema;
05-28 15:39:47.009: I/art(32223): Can not find class: Lcom/google/protobuf/UnknownFieldSetSchema;
05-28 15:39:47.009: I/art(32223): Can not find class: Lcom/google/protobuf/NewInstanceSchemaFull;
05-28 15:39:47.019: I/art(32223): Can not find class: Lcom/google/protobuf/ExtensionSchemaFull;
05-28 15:39:47.019: I/art(32223): Can not find class: Lcom/google/protobuf/MapFieldSchemaFull;
05-28 15:39:47.019: I/art(32223): Can not find class: Lorg/robolectric/Robolectric;
05-28 15:39:47.059: I/art(32223): Can not find class: Landroid/app/NotificationChannel;
05-28 15:39:47.149: I/art(32223): Can not find class: Landroid/content/pm/PackageManager$OnPermissionsChangedListener;
05-28 15:39:47.149: I/art(32223): Rejecting re-init on previously-failed class java.lang.Class<one>
05-28 15:39:47.149: I/art(32223): Can not find class: Lone;
05-28 15:39:47.149: I/art(32223): Rejecting re-init on previously-failed class java.lang.Class<one>
05-28 15:39:47.169: I/PG Utils(32223): acquire_providerpkg:[com.google.android.gsf] pid:[]  maybe timeout , send to PG
05-28 15:39:47.179: I/PG Utils(32223): acquire_providerpkg:[com.google.android.gsf] pid:[]  maybe timeout , send to PG
05-28 15:39:47.179: I/PG Utils(32223): acquire_providerpkg:[com.google.android.gsf] pid:[]  maybe timeout , send to PG
05-28 15:39:47.189: I/PG Utils(32223): acquire_providerpkg:[com.google.android.gsf] pid:[]  maybe timeout , send to PG
05-28 15:39:47.199: I/WVCdm(2714): CdmEngine::OpenSession
05-28 15:39:47.199: I/WVCdm(2714): Level3 Library Sep 25 2014 17:10:03
05-28 15:39:47.199: W/WVCdm(2714): Could not read /data/mediadrm/IDM1013/ay64.dat2: No such file or directory
05-28 15:39:47.199: I/PG Utils(32223): acquire_providerpkg:[com.google.android.gsf] pid:[]  maybe timeout , send to PG
05-28 15:39:47.209: W/WVCdm(2714): Could not load liboemcrypto.so. Falling Back to L3.  dlopen failed: library "liboemcrypto.so" not found
05-28 15:39:47.209: I/PG Utils(32223): acquire_providerpkg:[com.google.android.gsf] pid:[]  maybe timeout , send to PG
05-28 15:39:47.219: I/PG Utils(32223): acquire_providerpkg:[com.google.android.gsf] pid:[]  maybe timeout , send to PG
05-28 15:39:47.259: I/DynamiteModule(32223): Considering local module com.google.android.gms.googlecertificates:4 and remote module com.google.android.gms.googlecertificates:4
05-28 15:39:47.259: I/DynamiteModule(32223): Selected local version of com.google.android.gms.googlecertificates
05-28 15:39:47.259: I/PG Utils(32223): acquire_providerpkg:[com.google.android.gsf] pid:[]  maybe timeout , send to PG
05-28 15:39:47.269: E/WVCdm(2714): LoadCertificatePrivateKey: OEMCrypto_LoadDeviceRSAKey error=30
05-28 15:39:47.269: I/art(32223): Can not find class: Lcom/google/ccc/abuse/droidguard/DroidGuard;
05-28 15:39:47.269: I/WVCdm(2714): L3 Terminate.
05-28 15:39:47.269: I/MediaDrm(32223): Drm event (1,0)
05-28 15:39:47.269: I/WVCdm(2714): Level3 Library Sep 25 2014 17:10:03
05-28 15:39:47.269: W/DG.WV(32223): Waiting for device certificate provisioning.
05-28 15:39:47.269: W/DG.WV(32223): rxf: Waiting for provisioning response from server.
05-28 15:39:47.269: W/DG.WV(32223): 	at rtx.run(:com.google.android.gms@12673010@12.6.73 (020400-194189626):27)
05-28 15:39:47.269: W/DG.WV(32223): 	at ovl.run(:com.google.android.gms@12673010@12.6.73 (020400-194189626):27)
05-28 15:39:47.269: W/DG.WV(32223): 	at java.util.concurrent.ThreadPoolExecutor.runWorker(ThreadPoolExecutor.java:1112)
05-28 15:39:47.269: W/DG.WV(32223): 	at java.util.concurrent.ThreadPoolExecutor$Worker.run(ThreadPoolExecutor.java:587)
05-28 15:39:47.269: W/DG.WV(32223): 	at pbm.run(:com.google.android.gms@12673010@12.6.73 (020400-194189626))
05-28 15:39:47.269: W/DG.WV(32223): 	at java.lang.Thread.run(Thread.java:831)
05-28 15:39:47.269: W/DG.WV(32223): Caused by: android.media.NotProvisionedException: Failed to open session
05-28 15:39:47.269: W/DG.WV(32223): 	at android.media.MediaDrm.openSession(Native Method)
05-28 15:39:47.269: W/DG.WV(32223): 	at rtx.run(:com.google.android.gms@12673010@12.6.73 (020400-194189626):17)
05-28 15:39:47.269: W/DG.WV(32223): 	... 5 more
05-28 15:39:47.269: W/WVCdm(2714): Could not read /data/mediadrm/IDM1013/ay64.dat2: No such file or directory
05-28 15:39:47.289: W/WVCdm(2714): Could not load liboemcrypto.so. Falling Back to L3.  dlopen failed: library "liboemcrypto.so" not found
05-28 15:39:47.289: I/PG Utils(32223): acquire_providerpkg:[com.google.android.gsf] pid:[]  maybe timeout , send to PG
05-28 15:39:47.299: I/PG Utils(9159): acquire_providerpkg:[com.google.android.gsf] pid:[]  maybe timeout , send to PG
05-28 15:39:47.309: I/PG Utils(9159): acquire_providerpkg:[com.google.android.gsf] pid:[]  maybe timeout , send to PG
05-28 15:39:47.369: I/PG Utils(32223): acquire_providerpkg:[com.google.android.gsf] pid:[]  maybe timeout , send to PG
05-28 15:39:47.379: I/PG Utils(32223): acquire_providerpkg:[com.google.android.gsf] pid:[]  maybe timeout , send to PG
05-28 15:39:47.389: I/System(32223): core_booster, getBoosterConfig = false
05-28 15:39:47.399: I/System(32223): core_booster, getBoosterConfig = false
05-28 15:39:47.399: I/System(32223): core_booster, getBoosterConfig = false
05-28 15:39:47.469: I/ActivityManager(2944): filter receiver for action = android.intent.action.DROPBOX_ENTRY_ADDED
05-28 15:39:47.469: I/PG Utils(9159): acquire_providerpkg:[com.google.android.gsf] pid:[]  maybe timeout , send to PG
05-28 15:39:47.479: I/PG Utils(9379): acquire_providerpkg:[com.google.android.gsf] pid:[]  maybe timeout , send to PG
05-28 15:39:47.489: I/PG Utils(9159): acquire_providerpkg:[com.google.android.gsf] pid:[]  maybe timeout , send to PG
05-28 15:39:47.499: I/PG Utils(9159): acquire_providerpkg:[com.google.android.gsf] pid:[]  maybe timeout , send to PG
05-28 15:39:47.499: I/PG Utils(9379): acquire_providerpkg:[com.google.android.gsf] pid:[]  maybe timeout , send to PG
05-28 15:39:47.499: I/PG Utils(9159): acquire_providerpkg:[com.google.android.gsf] pid:[]  maybe timeout , send to PG
05-28 15:39:47.509: I/PG Utils(9379): acquire_providerpkg:[com.google.android.gsf] pid:[]  maybe timeout , send to PG
05-28 15:39:47.509: I/PG Utils(9379): acquire_providerpkg:[com.google.android.gsf] pid:[]  maybe timeout , send to PG
05-28 15:39:47.539: I/art(9192): Explicit concurrent mark sweep GC freed 2778(110KB) AllocSpace objects, 0(0B) LOS objects, 40% free, 13MB/22MB, paused 640us total 31.320ms
05-28 15:39:47.549: I/Auth(9159): [ReflectiveChannelBinder] Successfully bound channel!
05-28 15:39:47.549: E/DG.WV(32223): Could not communicate with the provisioning server.
05-28 15:39:47.549: E/DG.WV(32223): java.io.IOException: Received status code [400] instead of [200].
05-28 15:39:47.549: E/DG.WV(32223): 	at rud.a(:com.google.android.gms@12673010@12.6.73 (020400-194189626):25)
05-28 15:39:47.549: E/DG.WV(32223): 	at rud.a(:com.google.android.gms@12673010@12.6.73 (020400-194189626):12)
05-28 15:39:47.549: E/DG.WV(32223): 	at rxe.run(:com.google.android.gms@12673010@12.6.73 (020400-194189626):4)
05-28 15:39:47.559: I/PG Utils(9379): acquire_providerpkg:[com.google.android.gsf] pid:[]  maybe timeout , send to PG
05-28 15:39:47.559: I/System(9159): core_booster, getBoosterConfig = false
05-28 15:39:47.559: I/PG Utils(9379): acquire_providerpkg:[com.google.android.gsf] pid:[]  maybe timeout , send to PG
05-28 15:39:47.569: I/PG Utils(9379): acquire_providerpkg:[com.google.android.gsf] pid:[]  maybe timeout , send to PG
05-28 15:39:47.569: I/System(9159): core_booster, getBoosterConfig = false
05-28 15:39:47.569: I/System(9159): core_booster, getBoosterConfig = false
05-28 15:39:47.579: W/Conscrypt(9159): Could not set socket write timeout: java.lang.reflect.InvocationTargetException
05-28 15:39:47.579: W/Conscrypt(9159): 	at java.lang.reflect.Method.invoke(Native Method)
05-28 15:39:47.579: W/Conscrypt(9159): 	at java.lang.reflect.Method.invoke(Method.java:372)
05-28 15:39:47.579: W/Conscrypt(9159): Caused by: android.system.ErrnoException: setsockopt failed: EBADF (Bad file number)
05-28 15:39:47.579: W/Conscrypt(9159): 	at libcore.io.Posix.setsockoptTimeval(Native Method)
05-28 15:39:47.579: W/Conscrypt(9159): 	at libcore.io.ForwardingOs.setsockoptTimeval(ForwardingOs.java:147)
05-28 15:39:47.609: W/Conscrypt(9159): Could not set socket write timeout: java.lang.reflect.InvocationTargetException
05-28 15:39:47.609: W/Conscrypt(9159): 	at java.lang.reflect.Method.invoke(Native Method)
05-28 15:39:47.609: W/Conscrypt(9159): 	at java.lang.reflect.Method.invoke(Method.java:372)
05-28 15:39:47.609: W/Conscrypt(9159): Caused by: android.system.ErrnoException: setsockopt failed: EBADF (Bad file number)
05-28 15:39:47.609: W/Conscrypt(9159): 	at libcore.io.Posix.setsockoptTimeval(Native Method)
05-28 15:39:47.609: W/Conscrypt(9159): 	at libcore.io.ForwardingOs.setsockoptTimeval(ForwardingOs.java:147)
05-28 15:39:47.709: I/PG Utils(9159): acquire_providerpkg:[com.google.android.gsf] pid:[]  maybe timeout , send to PG
05-28 15:39:47.809: I/PG Utils(9159): acquire_providerpkg:[com.google.android.gsf] pid:[]  maybe timeout , send to PG
05-28 15:39:47.839: I/AccountManagerService(2944): the accounts changed, sending broadcast of android.accounts.LOGIN_ACCOUNTS_CHANGED
05-28 15:39:47.839: I/ActivityManager(2944): filter receiver for action = android.accounts.LOGIN_ACCOUNTS_CHANGED
05-28 15:39:47.839: I/ContactsProvider(9290): Accounts changed
05-28 15:39:47.859: I/AccountManagerService(2944): the accounts changed, sending broadcast of android.accounts.LOGIN_ACCOUNTS_CHANGED
05-28 15:39:47.899: I/ContactsProvider(9290): Accounts changed
05-28 15:39:47.899: I/ActivityManager(2944): filter receiver for action = android.accounts.LOGIN_ACCOUNTS_CHANGED
05-28 15:39:47.899: I/PG Utils(9379): acquire_providerpkg:[com.google.android.gsf] pid:[]  maybe timeout , send to PG
05-28 15:39:47.909: I/AccountTypeManager(31053): Adding account type = com.android.contacts.model.account.ExchangeAccountType@383478c4 in the cache
05-28 15:39:47.909: I/SimFactoryManager(31053): Get SIM state from SIM factory manager: 1,For slotId:0
05-28 15:39:47.919: I/SimFactoryManager(31053): Get SIM state from SIM factory manager: 1,For slotId:1
05-28 15:39:47.929: I/AccountTypeManager(31053): Adding account type = com.android.contacts.model.account.ExternalAccountType@16bb53ad in the cache
05-28 15:39:47.929: W/ConfigurationChimeraPro(9159): Caller is not authorized to access Uri: content://com.google.android.gms.phenotype/com.google.android.gms.backup -- metadata{ service_id: 51 }
05-28 15:39:47.939: I/art(2338): Explicit concurrent mark sweep GC freed 706(30KB) AllocSpace objects, 0(0B) LOS objects, 55% free, 12MB/28MB, paused 260us total 39.962ms
05-28 15:39:47.939: I/PG Utils(9159): acquire_providerpkg:[com.google.android.gsf] pid:[]  maybe timeout , send to PG
05-28 15:39:47.949: I/PG Utils(9159): acquire_providerpkg:[com.google.android.gsf] pid:[]  maybe timeout , send to PG
05-28 15:39:47.959: I/Backup(9159): [GmsBackupAccountManager] Backup account not found in gmscore.
05-28 15:39:47.969: I/art(2338): Explicit concurrent mark sweep GC freed 5(160B) AllocSpace objects, 0(0B) LOS objects, 55% free, 12MB/28MB, paused 235us total 29.104ms
05-28 15:39:47.969: I/HwEmailTag(32274): MailAppProvider->onCreate->begin, consuming 1527547187975ms->-prefixstartupperformance-
05-28 15:39:47.989: I/HwEmailTag(32274): MailAppProvider->onCreate->end, consuming 1527547187999ms->-prefixstartupperformance-
05-28 15:39:47.989: I/art(2338): Explicit concurrent mark sweep GC freed 5(160B) AllocSpace objects, 0(0B) LOS objects, 55% free, 12MB/28MB, paused 203us total 24.305ms
05-28 15:39:47.999: W/ResourceType(31053): For resource 0x7f0203f2, entry index(1010) is beyond type entryCount(769)
05-28 15:39:47.999: W/ResourceType(31053): Failure getting entry for 0x7f0203f2 (t=1 e=1010) (error -75)
05-28 15:39:47.999: W/ResourceType(31053): For resource 0x7f0203f2, entry index(1010) is beyond type entryCount(769)
05-28 15:39:47.999: W/ResourceType(31053): Failure getting entry for 0x7f0203f2 (t=1 e=1010) (error -75)
05-28 15:39:47.999: I/AccountTypeManager(31053): Adding account type = com.android.contacts.model.account.ExternalAccountType@260f86e2 in the cache
05-28 15:39:47.999: I/AccountTypeManager(31053): Adding account type = com.android.contacts.model.account.GoogleAccountType@24817a73 in the cache
05-28 15:39:48.009: I/HwCust(32274): Constructor found for class com.android.email.service.HwCustImapServiceImpl
05-28 15:39:48.009: E/ExternalAccountType(31053): Unsupported attribute readOnly
05-28 15:39:48.009: I/HwCust(32274): Constructor found for class com.android.email.HwCustUtilityImpl
05-28 15:39:48.009: I/HwCust(32274): Constructor found for class com.android.email.provider.HwCustEmailProviderImpl
05-28 15:39:48.019: I/HwCust(32274): Constructor found for class com.android.email.activity.setup.HwCustEmailInviteResponseImpl
05-28 15:39:48.019: I/Icing(9379): updateResources: need to parse xax{com.google.android.gms}
05-28 15:39:48.019: I/HwEmailTag(32274): EmailProvider->onCreate->start. -prefixstartupperformance-
05-28 15:39:48.019: I/HwEmailTag(32274): EmailProvider->onCreate->start. -prefixstartupperformance-
05-28 15:39:48.019: I/HwEmailTag(32274): HwUtils->initStaticVarsAsync
05-28 15:39:48.019: I/HwEmailTag(32274): HwUtils->initStaticVarsAsync
05-28 15:39:48.029: I/HwCust(32274): Constructor found for class com.android.emailcommon.provider.HwCustPolicyImpl
05-28 15:39:48.029: I/HwEmailTag(32274): EmailContent->init->consuming:14ms->;-prefixstartupperformance-
05-28 15:39:48.039: I/HwEmailTag(32274): EmailProvider->sURIMatcher is initialized
05-28 15:39:48.039: I/HwEmailTag(32274): EmailProvider->INTEGRITY_CHECK_URI != null
05-28 15:39:48.049: I/HwEmailTag(32274): EmailProvider->onCreate->end, consuming 29ms->-prefixstartupperformance-
05-28 15:39:48.049: I/HwEmailTag(32274): EmailProvider->onCreate->end, consuming 29ms->-prefixstartupperformance-
05-28 15:39:48.049: I/HwEmailTag(32274): EmailProvider->resetVisibleLimits->start:1527547188056 ->-prefixstartupperformance-
05-28 15:39:48.049: I/HwEmailTag(32274): EmailProvider->resetVisibleLimits->start:1527547188055 ->-prefixstartupperformance-
05-28 15:39:48.049: I/HwCust(32274): Constructor found for class com.huawei.email.provider.HwCustRecipientDBHelperImpl
05-28 15:39:48.059: I/AccountTypeManager(31053): AccountManager, account size is: 2
05-28 15:39:48.059: I/HwEmailTag(32274): DBHelper->onOpen-> EmailProvider.db
05-28 15:39:48.059: I/HwEmailTag(32274): HwUtils->initStaticVarsAsync->run:consuming:46ms; bidiFormatter:android.support.v4.text.BidiFormatter@22e408b8;accountsProjSize:42
05-28 15:39:48.069: I/HwEmailTag(32274): HwUtils->initStaticVarsAsync->run:consuming:46ms; bidiFormatter:android.support.v4.text.BidiFormatter@22e408b8;accountsProjSize:42
05-28 15:39:48.069: I/HwEmailTag(32274): EmailApplication->onCreate->begin, consuming 49ms->-prefixstartupperformance-
05-28 15:39:48.069: I/HwEmailTag(32274): EmailApplication->triggerPeriodSyncForAllAccountsDelayed->delay start.
05-28 15:39:48.069: I/HwCust(32274): Constructor found for class com.huawei.email.utils.HwCustSignatureHelperImpl
05-28 15:39:48.069: I/HwCust(32274): Constructor found for class com.huawei.email.utils.HwCustSignatureUtilsImpl
05-28 15:39:48.069: I/HwEmailTag(32274): EmailApplication->onCreate->end, consuming 53ms->-prefixstartupperformance-
05-28 15:39:48.069: I/HwEmailTag(32274): EmailBroadcastReceiver->onReceive->action:android.accounts.LOGIN_ACCOUNTS_CHANGED
05-28 15:39:48.069: I/HwEmailTag(32274): EmailProvider->getDatabase->-prefixstartupperformance-database, consuming = 25ms.
05-28 15:39:48.079: I/HwEmailTag(32274): EmailBroadcastProcessorService->onCreate
05-28 15:39:48.079: I/HwEmailTag(32274): EmailBroadcastProcessorService->onStartCommand->action is broadcast_receiver
05-28 15:39:48.079: I/HwEmailTag(32274): EmailBroadcastProcessorService->onHandleIntent->action is broadcast_receiver
05-28 15:39:48.079: I/Auth(9159): [BroadcastManager] Broadcasting account services changed.
05-28 15:39:48.079: I/HwEmailTag(32274): DBHelper->onOpen-> EmailProvider.db
05-28 15:39:48.089: I/HwEmailTag(32274): EmailBroadcastProcessorService->System accounts updated.
05-28 15:39:48.119: I/AccountTypeManager(31053): Error, not syncable found for type: com.google
05-28 15:39:48.119: I/AccountTypeManager(31053): Loaded meta-data for 5 account types, 1 accounts in 220ms(wall) 39ms(cpu)
05-28 15:39:48.119: I/AccountTypeManager(31053): Adding account type = com.android.contacts.model.account.ExchangeAccountType@211f7260 in the cache
05-28 15:39:48.119: I/SimFactoryManager(31053): Get SIM state from SIM factory manager: 1,For slotId:0
05-28 15:39:48.119: I/SimFactoryManager(31053): Get SIM state from SIM factory manager: 1,For slotId:1
05-28 15:39:48.129: I/AccountTypeManager(31053): Adding account type = com.android.contacts.model.account.ExternalAccountType@57d2319 in the cache
05-28 15:39:48.139: I/HwEmailTag(32274): EmailProvider->initBuildCache->start->1527547188144->-prefixstartupperformance-
05-28 15:39:48.139: I/HwEmailTag(32274): EmailProvider->buildCache->end, consuming:1ms;
05-28 15:39:48.139: I/HwEmailTag(32274): EmailProvider->initBuildCache->start->1527547188144; consuming:2->-prefixstartupperformance-
05-28 15:39:48.139: I/HwEmailTag(32274): EmailProvider->resetVisibleLimits->getDatabase, consuming:91ms;-prefixstartupperformance-
05-28 15:39:48.139: I/HwEmailTag(32274): EmailProvider->startupperformance->resetVisibleLimits->no account, return directly.
05-28 15:39:48.149: I/HwEmailTag(32274): DBHelper->onOpen-> EmailProvider.db
05-28 15:39:48.149: I/ActivityManager(2944): filter receiver for action = com.google.android.gms.auth.ACCOUNT_SERVICES_CHANGED
05-28 15:39:48.149: I/HwEmailTag(32274): EmailProvider->getDatabase->-prefixstartupperformance-database, consuming = 14ms.
05-28 15:39:48.159: I/HwEmailTag(32274): DBHelper->onOpen-> EmailProvider.db
05-28 15:39:48.179: I/art(9159): Explicit concurrent mark sweep GC freed 87118(4MB) AllocSpace objects, 17(328KB) LOS objects, 35% free, 28MB/44MB, paused 1.928ms total 215.055ms
05-28 15:39:48.189: I/art(2944): Can not find class: Lcom/android/server/content/SyncManager$ActiveSyncContext;
05-28 15:39:48.199: W/ResourceType(31053): For resource 0x7f0203f2, entry index(1010) is beyond type entryCount(769)
05-28 15:39:48.199: W/ResourceType(31053): Failure getting entry for 0x7f0203f2 (t=1 e=1010) (error -75)
05-28 15:39:48.199: W/ResourceType(31053): For resource 0x7f0203f2, entry index(1010) is beyond type entryCount(769)
05-28 15:39:48.199: W/ResourceType(31053): Failure getting entry for 0x7f0203f2 (t=1 e=1010) (error -75)
05-28 15:39:48.199: I/AccountTypeManager(31053): Adding account type = com.android.contacts.model.account.ExternalAccountType@354fbfde in the cache
05-28 15:39:48.199: I/AccountTypeManager(31053): Adding account type = com.android.contacts.model.account.GoogleAccountType@31e85bf in the cache
05-28 15:39:48.199: I/AuthService(32200): [AddAccountOperation] Succeeded.
05-28 15:39:48.199: I/Backup(9159): [GmsBackupAccountManager] Backup account not found in gmscore.
05-28 15:39:48.209: E/ExternalAccountType(31053): Unsupported attribute readOnly
05-28 15:39:48.209: I/AccountTypeManager(31053): AccountManager, account size is: 2
05-28 15:39:48.209: I/HwCust(32312): Constructor found for class com.android.emailcommon.provider.HwCustPolicyImpl
05-28 15:39:48.219: I/HwEmailTag(32312): EmailContent->init->consuming:16ms->;-prefixstartupperformance-
05-28 15:39:48.219: I/HwEmailTag(32312): Exchange->onCreate
05-28 15:39:48.219: I/PG Utils(32312): acquire_providerpkg:[com.android.email] pid:[]  maybe timeout , send to PG
05-28 15:39:48.219: I/HwEmailTag(32274): EmailProvider->resetVisibleLimits->getDatabase, consuming:177ms;-prefixstartupperformance-
05-28 15:39:48.219: I/HwEmailTag(32274): EmailProvider->startupperformance->resetVisibleLimits->no account, return directly.
05-28 15:39:48.229: I/HwEmailTag(32274): EmailProvider->uiAccounts->start:1527547188234
05-28 15:39:48.229: I/HwEmailTag(32274): EmailProvider->query->1527547188104;end;;consuming:131ms;
05-28 15:39:48.229: I/HwEmailTag(32274): EmailProvider->uiAccounts->start:1527547188234;end,consuming:4
05-28 15:39:48.229: I/HwEmailTag(32274): EmailProvider->query->1527547188055;end;;consuming:184ms;
05-28 15:39:48.229: I/HwEmailTag(32312): ExchangeBroadcastReceiver->onReceive->action:android.accounts.LOGIN_ACCOUNTS_CHANGED
05-28 15:39:48.229: I/HwEmailTag(32312): ExchangeBroadcastProcessorService->processLoginAccountsChanged->
05-28 15:39:48.239: I/HwEmailTag(32312): ExchangeBroadcastProcessorService->onHandleIntent->action is login_accounts_changed_broadcast_receiver
05-28 15:39:48.239: I/HwEmailTag(32312): ExchangeBroadcastProcessorService->onLoginAccountsChanged->
05-28 15:39:48.249: I/art(2944): Can not find class: Lcom/android/server/content/SyncStorageEngine$SyncHistoryItem;
05-28 15:39:48.279: I/AccountTypeManager(31053): Error, not syncable found for type: com.google
05-28 15:39:48.279: I/AccountTypeManager(31053): Loaded meta-data for 5 account types, 1 accounts in 159ms(wall) 39ms(cpu)
05-28 15:39:48.309: I/PG Utils(9290): acquire_providerpkg:[com.android.exchange] pid:[]  maybe timeout , send to PG
05-28 15:39:48.309: I/ActivityManager(2944): filter receiver for action = com.android.mail.ACTION_NOTIFY_DATASET_CHANGED
05-28 15:39:48.319: I/ActivityManager(2944): filter receiver for action = com.android.mail.ACTION_NOTIFY_DATASET_CHANGED
05-28 15:39:48.319: I/AccountTypeManager(31053): Adding account type = com.android.contacts.model.account.ExchangeAccountType@1179548c in the cache
05-28 15:39:48.319: I/HwEmailTag(32274): AccountReconciler->reconcileAccountsInternal->consuming:87ms
05-28 15:39:48.319: I/SimFactoryManager(31053): Get SIM state from SIM factory manager: 1,For slotId:0
05-28 15:39:48.329: I/SimFactoryManager(31053): Get SIM state from SIM factory manager: 1,For slotId:1
05-28 15:39:48.329: I/PG Utils(32312): acquire_providerpkg:[com.android.email] pid:[]  maybe timeout , send to PG
05-28 15:39:48.329: I/HwEmailTag(32274): EmailProvider->query->1527547188341;end;;consuming:2ms;
05-28 15:39:48.339: I/AccountTypeManager(31053): Adding account type = com.android.contacts.model.account.ExternalAccountType@18b3d7d5 in the cache
05-28 15:39:48.339: I/HwEmailTag(32274): EmailBroadcastProcessorService->onCreate
05-28 15:39:48.359: I/PG Utils(9290): acquire_providerpkg:[com.google.android.syncadapters.contacts] pid:[]  maybe timeout , send to PG
05-28 15:39:48.369: E/HwEmailTag(32274): ServiceProxy->RuntimeException when trying to unbind from service
05-28 15:39:48.369: E/HwEmailTag(32274): java.lang.IllegalArgumentException: Service not registered: com.android.emailcommon.service.ServiceProxy$ProxyConnection@190aa601
05-28 15:39:48.369: E/HwEmailTag(32274): 	at android.app.LoadedApk.forgetServiceDispatcher(LoadedApk.java:1097)
05-28 15:39:48.369: E/HwEmailTag(32274): 	at android.app.ContextImpl.unbindService(ContextImpl.java:1871)
05-28 15:39:48.369: E/HwEmailTag(32274): 	at android.content.ContextWrapper.unbindService(ContextWrapper.java:550)
05-28 15:39:48.369: E/HwEmailTag(32274): 	at com.android.emailcommon.service.ServiceProxy$ProxyConnection$1.doInBackground(ServiceProxy.java:109)
05-28 15:39:48.369: E/HwEmailTag(32274): 	at com.android.emailcommon.service.ServiceProxy$ProxyConnection$1.doInBackground(ServiceProxy.java:98)
05-28 15:39:48.369: E/HwEmailTag(32274): 	at android.os.AsyncTask$2.call(AsyncTask.java:288)
05-28 15:39:48.369: E/HwEmailTag(32274): 	at java.util.concurrent.FutureTask.run(FutureTask.java:237)
05-28 15:39:48.369: E/HwEmailTag(32274): 	at android.os.AsyncTask$SerialExecutor$1.run(AsyncTask.java:231)
05-28 15:39:48.369: E/HwEmailTag(32274): 	at java.util.concurrent.ThreadPoolExecutor.runWorker(ThreadPoolExecutor.java:1112)
05-28 15:39:48.369: E/HwEmailTag(32274): 	at java.util.concurrent.ThreadPoolExecutor$Worker.run(ThreadPoolExecutor.java:587)
05-28 15:39:48.369: E/HwEmailTag(32274): 	at java.lang.Thread.run(Thread.java:831)
05-28 15:39:48.379: I/Icing(9379): updateResources: need to parse xax{com.google.android.gm}
05-28 15:39:48.379: E/JavaBinder(2944): !!! FAILED BINDER TRANSACTION !!!
05-28 15:39:48.399: E/JavaBinder(2944): !!! FAILED BINDER TRANSACTION !!!
05-28 15:39:48.419: W/ResourceType(31053): For resource 0x7f0203f2, entry index(1010) is beyond type entryCount(769)
05-28 15:39:48.419: W/ResourceType(31053): Failure getting entry for 0x7f0203f2 (t=1 e=1010) (error -75)
05-28 15:39:48.419: W/ResourceType(31053): For resource 0x7f0203f2, entry index(1010) is beyond type entryCount(769)
05-28 15:39:48.419: W/ResourceType(31053): Failure getting entry for 0x7f0203f2 (t=1 e=1010) (error -75)
05-28 15:39:48.419: I/AccountTypeManager(31053): Adding account type = com.android.contacts.model.account.ExternalAccountType@1413fbea in the cache
05-28 15:39:48.419: I/AccountTypeManager(31053): Adding account type = com.android.contacts.model.account.GoogleAccountType@243fbedb in the cache
05-28 15:39:48.419: E/ExternalAccountType(31053): Unsupported attribute readOnly
05-28 15:39:48.429: I/AccountTypeManager(31053): AccountManager, account size is: 2
05-28 15:39:48.429: E/JavaBinder(2944): !!! FAILED BINDER TRANSACTION !!!
05-28 15:39:48.449: I/HwEmailTag(32312): ExchangeBroadcastProcessorService->onLoginAccountsChanged-> accounts is null or empty.
05-28 15:39:48.469: I/HwEmailTag(32312): PingSyncSynchronizer->PSS->->PSS has no active accounts; stopping service.
05-28 15:39:48.489: I/AccountTypeManager(31053): Error, not syncable found for type: com.google
05-28 15:39:48.489: I/AccountTypeManager(31053): Loaded meta-data for 5 account types, 1 accounts in 180ms(wall) 39ms(cpu)
05-28 15:39:48.499: I/AccountTypeManager(31053): Adding account type = com.android.contacts.model.account.ExchangeAccountType@13ad2d78 in the cache
05-28 15:39:48.499: I/SimFactoryManager(31053): Get SIM state from SIM factory manager: 1,For slotId:0
05-28 15:39:48.499: I/SimFactoryManager(31053): Get SIM state from SIM factory manager: 1,For slotId:1
05-28 15:39:48.509: I/AccountTypeManager(31053): Adding account type = com.android.contacts.model.account.ExternalAccountType@7671c51 in the cache
05-28 15:39:48.519: I/HwSystemManager(3892): HoldService:uid:10003 pid:9290 died
05-28 15:39:48.519: I/HwSystemManager(3892): HoldService:oldVersionKey:10003,9290
05-28 15:39:48.519: I/HwSystemManager(3892): BgPowerManagerService:onProcessDied uid = 10003
05-28 15:39:48.519: E/HsmCoreServiceImpl(2944): onTransact in code is: 102
05-28 15:39:48.519: I/MediaProcessHandler(2944): processOp opType: 1, uid: 10003, pid: 9290
05-28 15:39:48.519: W/MediaProcessHandler(2944): remove target not exist, maybe the UI process: uid: 10003, pid: 9290
05-28 15:39:48.539: E/JavaBinder(2944): !!! FAILED BINDER TRANSACTION !!!
05-28 15:39:48.559: E/JavaBinder(2944): !!! FAILED BINDER TRANSACTION !!!
05-28 15:39:48.609: I/Icing(9379): updateResources: need to parse xax{com.google.android.gms}
05-28 15:39:48.639: I/HwSystemManager(3892): HoldService:uid:10003 pid:31053 died
05-28 15:39:48.639: I/HwSystemManager(3892): HoldService:oldVersionKey:10003,31053
05-28 15:39:48.639: I/HwSystemManager(3892): BgPowerManagerService:onProcessDied uid = 10003
05-28 15:39:48.649: E/HsmCoreServiceImpl(2944): onTransact in code is: 102
05-28 15:39:48.649: I/MediaProcessHandler(2944): processOp opType: 1, uid: 10003, pid: 31053
05-28 15:39:48.649: W/MediaProcessHandler(2944): remove target not exist, maybe the UI process: uid: 10003, pid: 31053
05-28 15:39:48.649: W/SyncManager(2944): SyncManager manageSyncAlarmLocked SET_WAKE_ALARM
05-28 15:39:48.729: W/AbstractGoogleClient(32364): Application name is not set. Call Builder#setApplicationName.
05-28 15:39:48.909: I/Icing(9379): Not indexing corpus from package com.google.android.gm as it has never connected
05-28 15:39:48.909: E/Icing(9379): Aborting indexing of corpus messages/com.google/SXW5JEJOTHBZWZFPUGTA3NCNMM-00%40cloudtestlabaccounts.com
05-28 15:39:48.979: I/HwSystemManager(3892): BgPowerManagerService:onProcessDied uid = 10025
05-28 15:39:48.979: E/HsmCoreServiceImpl(2944): onTransact in code is: 102
05-28 15:39:48.979: I/MediaProcessHandler(2944): processOp opType: 1, uid: 10025, pid: 31186
05-28 15:39:48.979: W/MediaProcessHandler(2944): remove target not exist, maybe the UI process: uid: 10025, pid: 31186
05-28 15:39:48.979: I/HwSystemManager(3892): HoldService:uid:10025 pid:31186 died
05-28 15:39:48.979: I/HwSystemManager(3892): HoldService:oldVersionKey:10025,31186
05-28 15:39:49.049: E/Thermal-daemon(2346): [ap] temp_new :31  temp_old :32
05-28 15:39:49.129: I/art(2944): Can not find class: Lcom/android/server/content/SyncManager$ServiceConnectionData;
05-28 15:39:49.139: I/AuthService(32200): [AccountService] Execution time for add account with authorization code, options: Bundle[{}] is 2689 ms.
05-28 15:39:49.209: I/wpa_supplicant(3370): wlan0: HEART-BEAT-ACK: 347
05-28 15:39:49.209: E/WifiMonitor(2944): WifiMonitor:wlan0 cnt=973 dispatchEvent: HEART-BEAT-ACK: 347
05-28 15:39:49.209: E/WifiStateMachine(2944):  ConnectedState !what:147506 0 0
05-28 15:39:49.209: E/WifiStateMachine(2944):  L2ConnectedState !what:147506 0 0
05-28 15:39:49.209: E/WifiStateMachine(2944):  ConnectModeState !what:147506 0 0
05-28 15:39:49.209: E/WifiStateMachine(2944):  DriverStartedState !what:147506 0 0
05-28 15:39:49.209: E/WifiStateMachine(2944):  SupplicantStartedState !what:147506 0 0
05-28 15:39:49.269: I/MultiDex(32337): VM with version 2.1.0 has multidex support
05-28 15:39:49.269: I/MultiDex(32337): install
05-28 15:39:49.269: I/MultiDex(32337): VM has multidex support, MultiDex support library is disabled.
05-28 15:39:49.599: I/MusicStore(32337): Database version: 121
05-28 15:39:49.629: I/Auth(9159): [AccountStateSyncAdapter] performSync(account=<ELLIDED:221906085>)
05-28 15:39:49.629: I/HwSystemManager(3892): HoldService:uid:10092 pid:32175 died
05-28 15:39:49.629: I/HwSystemManager(3892): HoldService:oldVersionKey:10092,32175
05-28 15:39:49.629: E/HsmCoreServiceImpl(2944): onTransact in code is: 102
05-28 15:39:49.629: I/MediaProcessHandler(2944): processOp opType: 1, uid: 10092, pid: 32175
05-28 15:39:49.629: W/MediaProcessHandler(2944): remove target not exist, maybe the UI process: uid: 10092, pid: 32175
05-28 15:39:49.629: I/HwSystemManager(3892): BgPowerManagerService:onProcessDied uid = 10092
05-28 15:39:49.629: I/PG Utils(9159): acquire_providerpkg:[com.google.android.gsf] pid:[]  maybe timeout , send to PG
05-28 15:39:49.689: I/HwSystemManager(3892): HoldService:uid:1000 pid:31237 died
05-28 15:39:49.689: I/HwSystemManager(3892): HoldService:oldVersionKey:1000,31237
05-28 15:39:49.689: I/HwSystemManager(3892): BgPowerManagerService:onProcessDied uid = 1000
05-28 15:39:49.689: E/HsmCoreServiceImpl(2944): onTransact in code is: 102
05-28 15:39:49.689: W/MediaProcessHandler(2944): processOp uid 1000 is not concerned!
05-28 15:39:49.729: I/PG Utils(32337): acquire_providerpkg:[com.google.android.gsf] pid:[]  maybe timeout , send to PG
05-28 15:39:49.739: I/PG Utils(32398): acquire_providerpkg:[com.google.android.gsf] pid:[]  maybe timeout , send to PG
05-28 15:39:49.759: I/PG Utils(9159): acquire_providerpkg:[com.google.android.gsf] pid:[]  maybe timeout , send to PG
05-28 15:39:49.779: W/ContextImpl(32337): Failed to ensure directory: /storage/sdcard1/Android/data/com.google.android.music/files
05-28 15:39:49.789: I/PG Utils(9159): acquire_providerpkg:[com.google.android.gsf] pid:[]  maybe timeout , send to PG
05-28 15:39:49.799: I/PG Utils(9159): acquire_providerpkg:[com.google.android.gsf] pid:[]  maybe timeout , send to PG
05-28 15:39:49.799: I/PG Utils(32427): acquire_providerpkg:[com.google.android.gsf] pid:[]  maybe timeout , send to PG
05-28 15:39:49.819: I/System(9159): core_booster, getBoosterConfig = false
05-28 15:39:49.829: I/System(9159): core_booster, getBoosterConfig = false
05-28 15:39:49.829: I/System(9159): core_booster, getBoosterConfig = false
05-28 15:39:49.839: W/Conscrypt(9159): Could not set socket write timeout: java.lang.reflect.InvocationTargetException
05-28 15:39:49.839: W/Conscrypt(9159): 	at java.lang.reflect.Method.invoke(Native Method)
05-28 15:39:49.839: W/Conscrypt(9159): 	at java.lang.reflect.Method.invoke(Method.java:372)
05-28 15:39:49.839: W/Conscrypt(9159): Caused by: android.system.ErrnoException: setsockopt failed: EBADF (Bad file number)
05-28 15:39:49.839: W/Conscrypt(9159): 	at libcore.io.Posix.setsockoptTimeval(Native Method)
05-28 15:39:49.839: W/Conscrypt(9159): 	at libcore.io.ForwardingOs.setsockoptTimeval(ForwardingOs.java:147)
05-28 15:39:49.839: I/MultiDex(32398): VM with version 2.1.0 has multidex support
05-28 15:39:49.839: I/MultiDex(32398): install
05-28 15:39:49.839: I/MultiDex(32398): MultiDexExtractor.load(/data/app/com.google.android.gms-1/base.apk, false)
05-28 15:39:49.849: I/MultiDex(32398): Blocking on lock /data/user/0/com.google.android.gms/code_cache/secondary-dexes/MultiDex.lock
05-28 15:39:49.849: I/MultiDex(32398): /data/user/0/com.google.android.gms/code_cache/secondary-dexes/MultiDex.lock locked
05-28 15:39:49.849: I/MultiDex(32398): loading existing secondary dex files
05-28 15:39:49.849: I/MultiDex(32398): load found 4 secondary dex files
05-28 15:39:49.849: W/Conscrypt(9159): Could not set socket write timeout: java.lang.reflect.InvocationTargetException
05-28 15:39:49.849: W/Conscrypt(9159): 	at java.lang.reflect.Method.invoke(Native Method)
05-28 15:39:49.849: W/Conscrypt(9159): 	at java.lang.reflect.Method.invoke(Method.java:372)
05-28 15:39:49.849: W/Conscrypt(9159): Caused by: android.system.ErrnoException: setsockopt failed: EBADF (Bad file number)
05-28 15:39:49.849: W/Conscrypt(9159): 	at libcore.io.Posix.setsockoptTimeval(Native Method)
05-28 15:39:49.849: W/Conscrypt(9159): 	at libcore.io.ForwardingOs.setsockoptTimeval(ForwardingOs.java:147)
05-28 15:39:49.859: I/MultiDex(32398): install done
05-28 15:39:49.869: I/PG Utils(9379): acquire_providerpkg:[com.google.android.gsf] pid:[]  maybe timeout , send to PG
05-28 15:39:49.869: W/ContextImpl(32337): Failed to ensure directory: /storage/sdcard1/Android/data/com.google.android.music/files
05-28 15:39:49.879: W/ContextImpl(32337): Failed to ensure directory: /storage/sdcard1/Android/data/com.google.android.music/files
05-28 15:39:49.879: I/PG Utils(9379): acquire_providerpkg:[com.google.android.gsf] pid:[]  maybe timeout , send to PG
05-28 15:39:49.889: I/PG Utils(9379): acquire_providerpkg:[com.google.android.gsf] pid:[]  maybe timeout , send to PG
05-28 15:39:49.899: I/PG Utils(9379): acquire_providerpkg:[com.google.android.gsf] pid:[]  maybe timeout , send to PG
05-28 15:39:49.929: E/WifiStateMachine(2944):  ConnectedState !CMD_RSSI_POLL 1 0 "wl-ftl-mt06-1-24" b4:5d:50:79:e6:40 rssi=-39 f=2462 sc=100 link=72 tx=10.7, 0.0, 0.0  rx=10.5 bcn=0 [on:0 tx:0 rx:0 period:3001] from screen [on:0 period:-1461167440] gl u24 rssi=-39 ag=0 hr ticks 0,0,0 ls-=0 [56,56,60,60,65] brc=0 lrc=0
05-28 15:39:49.929: E/WifiStateMachine(2944):  L2ConnectedState !CMD_RSSI_POLL 1 0 "wl-ftl-mt06-1-24" b4:5d:50:79:e6:40 rssi=-39 f=2462 sc=100 link=72 tx=10.7, 0.0, 0.0  rx=10.5 bcn=0 [on:0 tx:0 rx:0 period:1] from screen [on:0 period:-1461167439] gl u24 rssi=-39 ag=0 hr ticks 0,0,0 ls-=0 [56,56,60,60,65] brc=0 lrc=0
05-28 15:39:49.929: E/WifiStateMachine(2944): fetchRssiLinkSpeedAndFrequencyNative rssi=-41 linkspeed=72 SSID="wl-ftl-mt06-1-24"
05-28 15:39:49.929: E/WifiStateMachine(2944): calculateWifiScore freq=2462 speed=72 score=100 highRSSI  -> txbadrate=0.00 txgoodrate=22.34 txretriesrate=0.00 rxrate=18.74 userTriggerdPenalty0
05-28 15:39:49.929: E/WifiStateMachine(2944):  good link -> stuck count =0
05-28 15:39:49.929: E/WifiStateMachine(2944):  badRSSI count0 lowRSSI count0 --> score 60
05-28 15:39:49.929: E/WifiStateMachine(2944):  isHighRSSI       ---> score=65
05-28 15:39:49.939: I/art(32398): Can not find class: Ljavax/net/ssl/SNIServerName;
05-28 15:39:49.949: I/art(32398): Can not find class: Ljavax/net/ssl/SNIHostName;
05-28 15:39:49.949: I/art(32398): Can not find class: Ljavax/net/ssl/SNIHostName;
05-28 15:39:49.949: I/art(32398): Can not find class: Ljavax/net/ssl/SNIHostName;
05-28 15:39:49.949: I/art(32398): Can not find class: Ljavax/net/ssl/ExtendedSSLSession;
05-28 15:39:49.949: I/art(32398): Rejecting re-init on previously-failed class java.lang.Class<com.google.android.gms.org.conscrypt.Java7ExtendedSSLSession>
05-28 15:39:49.949: I/art(32398): Can not find class: Lcom/google/android/gms/org/conscrypt/Java7ExtendedSSLSession;
05-28 15:39:49.959: I/art(32398): Rejecting re-init on previously-failed class java.lang.Class<com.google.android.gms.org.conscrypt.Java7ExtendedSSLSession>
05-28 15:39:49.959: I/art(32398): Rejecting re-init on previously-failed class java.lang.Class<com.google.android.gms.org.conscrypt.Java8ExtendedSSLSession>
05-28 15:39:49.959: I/art(32398): Can not find class: Lcom/google/android/gms/org/conscrypt/Java8ExtendedSSLSession;
05-28 15:39:49.959: I/art(32398): Rejecting re-init on previously-failed class java.lang.Class<com.google.android.gms.org.conscrypt.Java8ExtendedSSLSession>
05-28 15:39:49.989: W/System.err(2944): java.lang.SecurityException: WifiService: Neither user 10025 nor current process has android.permission.CHANGE_WIFI_STATE.
05-28 15:39:49.989: W/System.err(2944): 	at android.app.ContextImpl.enforce(ContextImpl.java:1962)
05-28 15:39:49.989: W/System.err(2944): 	at android.app.ContextImpl.enforceCallingOrSelfPermission(ContextImpl.java:1991)
05-28 15:39:49.989: W/System.err(2944): 	at com.android.server.wifi.WifiServiceImpl.enforceChangePermission(WifiServiceImpl.java:784)
05-28 15:39:49.989: W/System.err(2944): 	at com.android.server.wifi.WifiServiceImpl.getWifiServiceMessenger(WifiServiceImpl.java:1903)
05-28 15:39:49.989: W/System.err(2944): 	at android.net.wifi.IWifiManager$Stub.onTransact(IWifiManager.java:495)
05-28 15:39:49.989: W/System.err(2944): 	at com.android.server.wifi.HwWifiService.onTransact(HwWifiService.java:61)
05-28 15:39:49.989: W/System.err(2944): 	at android.os.Binder.execTransact(Binder.java:446)
05-28 15:39:49.989: E/WifiManager(32427): WifiServiceMessenger == null
05-28 15:39:49.999: I/art(32398): Can not find class: Lcom/google/android/gms/org/conscrypt/OpenSSLSocketFactoryImpl;
05-28 15:39:49.999: W/System(32398): Could not create com.google.android.gms.org.conscrypt.OpenSSLSocketFactoryImpl with ClassLoader android.app.LoadedApk$WarningContextClassLoader@13265243: com.google.android.gms.org.conscrypt.OpenSSLSocketFactoryImpl
05-28 15:39:49.999: I/ProviderInstaller(32398): Installed default security provider GmsCore_OpenSSL
05-28 15:39:50.049: I/HwEmailTag(32274): EmailProvider->query->1527547190053;end;;consuming:1ms;
05-28 15:39:50.069: I/HwEmailTag(32274): EmailApplication->handleMessage->startService CleanRecipientAddressService
05-28 15:39:50.109: I/art(2944): Explicit concurrent mark sweep GC freed 42582(3MB) AllocSpace objects, 101(2020KB) LOS objects, 33% free, 30MB/45MB, paused 2.230ms total 200.143ms
05-28 15:39:50.109: I/Auth(9159): [AccountStateSyncAdapter] Skipping rename because the lookup contains the same email.
05-28 15:39:50.109: I/art(2944): Can not find class: Lcom/android/server/content/SyncManager$SyncHandlerMessagePayload;
05-28 15:39:50.119: I/HwEmailTag(32274): Device->updateDeviceIdIfNeeded
05-28 15:39:50.119: I/HwEmailTag(32274): CleanRecipient->onCreate
05-28 15:39:50.119: I/HwEmailTag(32274): AccountReconciler->reconcileAccountsInternal->consuming:73ms
05-28 15:39:50.119: I/HwEmailTag(32274): CleanRecipient->onStartCommand->action is null
05-28 15:39:50.119: I/HwEmailTag(32274): CleanRecipient->onHandleIntent->action is null
05-28 15:39:50.129: I/PG Utils(32312): acquire_providerpkg:[com.android.email] pid:[]  maybe timeout , send to PG
05-28 15:39:50.129: I/HwEmailTag(32274): Device->updateDeviceIdIfNeeded->doInBackground
05-28 15:39:50.129: I/HwEmailTag(32274): Device->getDeviceId->
05-28 15:39:50.129: I/HwEmailTag(32274): Device->getDeviceIdInternal->isUpdate:false
05-28 15:39:50.129: I/HwEmailTag(32274): EmailProvider->query->1527547190138;end;;consuming:1ms;
05-28 15:39:50.129: I/HwEmailTag(32274): Device->getDeviceIdInternal->get id from deviceName, return successfully.
05-28 15:39:50.129: I/HwEmailTag(32274): Device->updateDeviceIdIfNeeded->deviceId is consistent id , return directly.
05-28 15:39:50.139: I/PG Utils(9379): acquire_providerpkg:[com.google.android.gsf] pid:[]  maybe timeout , send to PG
05-28 15:39:50.149: I/HwEmailTag(32274): CleanRecipient->onHandleIntent-> clean RecipientAddress done, nothing changed!!
05-28 15:39:50.149: I/HwEmailTag(32312): PingSyncSynchronizer->PSS->->PSS has no active accounts; stopping service.
05-28 15:39:50.149: I/HwEmailTag(32274): CleanRecipient->onDestroy
05-28 15:39:50.159: I/GamesSyncAdapter PII_LOG(9379): Starting sync for SXW5JEJOTHBZWZFPUGTA3NCNMM-00@cloudtestlabaccounts.com
05-28 15:39:50.159: I/GamesSyncAdapter(9379): Starting sync for 462cf533
05-28 15:39:50.169: W/Settings(32427): Setting download_manager_max_bytes_over_mobile has moved from android.provider.Settings.Secure to android.provider.Settings.Global.
05-28 15:39:50.169: W/Settings(32427): Setting download_manager_recommended_max_bytes_over_mobile has moved from android.provider.Settings.Secure to android.provider.Settings.Global.
05-28 15:39:50.169: I/PG Utils(9379): acquire_providerpkg:[com.google.android.gsf] pid:[]  maybe timeout , send to PG
05-28 15:39:50.189: I/PG Utils(32427): acquire_providerpkg:[com.android.providers.downloads] pid:[]  maybe timeout , send to PG
05-28 15:39:50.189: I/GamesSyncAdapter PII_LOG(9379): Sync duration for SXW5JEJOTHBZWZFPUGTA3NCNMM-00@cloudtestlabaccounts.com: 21
05-28 15:39:50.189: I/GamesSyncAdapter(9379): Sync duration for 462cf533: 21
05-28 15:39:50.199: W/NativeLibraryUtils(32398): Failed to open lock file
05-28 15:39:50.199: W/NativeLibraryUtils(32398): java.io.FileNotFoundException: /data/user/0/com.google.android.gms/cache/.lib.lock: open failed: EACCES (Permission denied)
05-28 15:39:50.199: W/NativeLibraryUtils(32398): 	at libcore.io.IoBridge.open(IoBridge.java:463)
05-28 15:39:50.199: W/NativeLibraryUtils(32398): 	at java.io.RandomAccessFile.<init>(RandomAccessFile.java:117)
05-28 15:39:50.199: W/NativeLibraryUtils(32398): 	at ozm.d(:com.google.android.gms@12673010@12.6.73 (020400-194189626):4)
05-28 15:39:50.199: W/NativeLibraryUtils(32398): 	at nyh.run(:com.google.android.gms@12673010@12.6.73 (020400-194189626))
05-28 15:39:50.199: W/NativeLibraryUtils(32398): Caused by: android.system.ErrnoException: open failed: EACCES (Permission denied)
05-28 15:39:50.199: W/NativeLibraryUtils(32398): 	at libcore.io.Posix.open(Native Method)
05-28 15:39:50.199: W/NativeLibraryUtils(32398): 	at libcore.io.BlockGuardOs.open(BlockGuardOs.java:186)
05-28 15:39:50.199: W/NativeLibraryUtils(32398): 	at libcore.io.IoBridge.open(IoBridge.java:449)
05-28 15:39:50.199: W/NativeLibraryUtils(32398): 	... 3 more
05-28 15:39:50.209: I/PG Utils(9379): acquire_providerpkg:[com.google.android.gsf] pid:[]  maybe timeout , send to PG
05-28 15:39:50.209: I/art(32398): Can not find class: Lcom/google/protobuf/AndroidProto3SchemaFactory;
05-28 15:39:50.209: I/PG Utils(32427): acquire_providerpkg:[com.google.android.gsf] pid:[]  maybe timeout , send to PG
05-28 15:39:50.209: I/art(32398): Can not find class: Lcom/google/protobuf/DescriptorMessageInfoFactory;
05-28 15:39:50.219: I/art(32398): Can not find class: Lcom/google/protobuf/GeneratedMessage;
05-28 15:39:50.219: I/art(32398): Can not find class: Lcom/google/protobuf/UnknownFieldSetSchema;
05-28 15:39:50.219: I/art(32398): Can not find class: Lcom/google/protobuf/UnknownFieldSetSchema;
05-28 15:39:50.219: I/art(32398): Can not find class: Lcom/google/protobuf/NewInstanceSchemaFull;
05-28 15:39:50.219: I/art(32398): Can not find class: Lcom/google/protobuf/ExtensionSchemaFull;
05-28 15:39:50.219: I/art(32398): Can not find class: Lcom/google/protobuf/MapFieldSchemaFull;
05-28 15:39:50.229: I/art(32398): Can not find class: Lorg/robolectric/Robolectric;
05-28 15:39:50.239: W/Primes(9379): Primes not initialized, returning default (no-op) Primes instance which will ignore all calls. Please call Primes.initialize(...) before using any Primes API.
05-28 15:39:50.239: I/PG Utils(9379): acquire_providerpkg:[com.google.android.gsf] pid:[]  maybe timeout , send to PG
05-28 15:39:50.259: I/art(32337): Can not find class: Ljavax/net/ssl/SNIServerName;
05-28 15:39:50.259: I/art(32337): Can not find class: Ljavax/net/ssl/SNIHostName;
05-28 15:39:50.259: I/art(32337): Can not find class: Ljavax/net/ssl/SNIHostName;
05-28 15:39:50.259: I/art(32337): Can not find class: Ljavax/net/ssl/SNIHostName;
05-28 15:39:50.269: I/art(32337): Can not find class: Ljavax/net/ssl/ExtendedSSLSession;
05-28 15:39:50.269: I/art(32337): Rejecting re-init on previously-failed class java.lang.Class<com.google.android.gms.org.conscrypt.Java7ExtendedSSLSession>
05-28 15:39:50.269: I/art(32337): Can not find class: Lcom/google/android/gms/org/conscrypt/Java7ExtendedSSLSession;
