05-28 15:40:13.139: W/GAV2(1512): Thread[main,5,main]: Need to call initialize() and be in fallback mode to start dispatch.
05-28 15:40:13.219: E/Gmail(1512): Error finding the version of the Email provider.....
05-28 15:40:13.219: E/Gmail(1512): android.content.pm.PackageManager$NameNotFoundException: com.google.android.email
05-28 15:40:13.219: E/Gmail(1512): 	at android.app.ApplicationPackageManager.getPackageInfo(ApplicationPackageManager.java:120)
05-28 15:40:13.219: E/Gmail(1512): 	at com.google.android.gm.EmailMigrationService.a(SourceFile:1280)
05-28 15:40:13.219: E/Gmail(1512): 	at com.google.android.gm.EmailMigrationService.onHandleIntent(SourceFile:219)
05-28 15:40:13.219: E/Gmail(1512): 	at android.app.IntentService$ServiceHandler.handleMessage(IntentService.java:65)
05-28 15:40:13.219: E/Gmail(1512): 	at android.os.Handler.dispatchMessage(Handler.java:102)
05-28 15:40:13.219: E/Gmail(1512): 	at android.os.Looper.loop(Looper.java:135)
05-28 15:40:13.219: E/Gmail(1512): 	at android.os.HandlerThread.run(HandlerThread.java:61)
05-28 15:40:13.219: I/Gmail(1512): Observing account changes for notifications
05-28 15:40:13.219: W/EmailMigration(1512): We do not support migrating this version of the Email provider.
05-28 15:40:13.219: I/GmailIS(1512): Receive LOGIN_ACCOUNTS_CHANGED intent: Intent { act=android.accounts.LOGIN_ACCOUNTS_CHANGED flg=0x4000010 cmp=com.google.android.gm/.GmailIntentService }
05-28 15:40:13.229: I/Gmail(1512): getAccountsCursor
05-28 15:40:13.249: I/Gmail(1512): System accounts updated.
05-28 15:40:13.299: I/NotifActionUtils(1512): resendNotifications account: null, folder: null
05-28 15:40:13.519: I/HwSystemManager(3892): HoldService:uid:10085 pid:849 died
05-28 15:40:13.519: I/HwSystemManager(3892): HoldService:oldVersionKey:10085,849
05-28 15:40:13.519: I/HwSystemManager(3892): BgPowerManagerService:onProcessDied uid = 10085
05-28 15:40:13.519: E/HsmCoreServiceImpl(2944): onTransact in code is: 102
05-28 15:40:13.519: I/MediaProcessHandler(2944): processOp opType: 1, uid: 10085, pid: 849
05-28 15:40:13.519: W/MediaProcessHandler(2944): remove target not exist, maybe the UI process: uid: 10085, pid: 849
05-28 15:40:13.529: I/Gmail(1512): getAccountsCursor
05-28 15:40:13.529: I/ActivityManager(2944): filter receiver for action = com.android.mail.ACTION_NOTIFY_DATASET_CHANGED
05-28 15:40:13.539: I/Gmail(1512): getAccountsCursor
05-28 15:40:13.579: I/NotifUtils(1512): resendNotifications cancelExisting: false, account: null, folder: null
05-28 15:40:13.699: I/HwSystemManager(3892): BgPowerManagerService:onProcessDied uid = 10089
05-28 15:40:13.699: E/HsmCoreServiceImpl(2944): onTransact in code is: 102
05-28 15:40:13.699: I/MediaProcessHandler(2944): processOp opType: 1, uid: 10089, pid: 938
05-28 15:40:13.699: W/MediaProcessHandler(2944): remove target not exist, maybe the UI process: uid: 10089, pid: 938
05-28 15:40:13.699: I/HwSystemManager(3892): HoldService:uid:10089 pid:938 died
05-28 15:40:13.699: I/HwSystemManager(3892): HoldService:oldVersionKey:10089,938
05-28 15:40:13.739: I/art(2944): Explicit concurrent mark sweep GC freed 16626(933KB) AllocSpace objects, 1(16KB) LOS objects, 33% free, 30MB/45MB, paused 2.660ms total 203.844ms
05-28 15:40:13.979: E/WifiStateMachine(2944):  ConnectedState !CMD_RSSI_POLL 1 0 "wl-ftl-mt06-1-24" b4:5d:50:79:e6:40 rssi=-42 f=2462 sc=100 link=72 tx=12.8, 0.0, 0.0  rx=13.0 bcn=0 [on:0 tx:0 rx:0 period:3003] from screen [on:0 period:-1461143383] gl u24 rssi=-42 ag=0 hr ticks 0,0,0 ls-=0 [56,56,60,60,65] brc=0 lrc=0
05-28 15:40:13.989: E/WifiStateMachine(2944):  L2ConnectedState !CMD_RSSI_POLL 1 0 "wl-ftl-mt06-1-24" b4:5d:50:79:e6:40 rssi=-42 f=2462 sc=100 link=72 tx=12.8, 0.0, 0.0  rx=13.0 bcn=0 [on:0 tx:0 rx:0 period:2] from screen [on:0 period:-1461143381] gl u24 rssi=-42 ag=0 hr ticks 0,0,0 ls-=0 [56,56,60,60,65] brc=0 lrc=0
05-28 15:40:13.989: E/WifiStateMachine(2944): fetchRssiLinkSpeedAndFrequencyNative rssi=-41 linkspeed=72 SSID="wl-ftl-mt06-1-24"
05-28 15:40:13.989: E/WifiStateMachine(2944): calculateWifiScore freq=2462 speed=72 score=100 highRSSI  -> txbadrate=0.00 txgoodrate=10.40 txretriesrate=0.00 rxrate=9.49 userTriggerdPenalty0
05-28 15:40:13.989: E/WifiStateMachine(2944):  good link -> stuck count =0
05-28 15:40:13.989: E/WifiStateMachine(2944):  badRSSI count0 lowRSSI count0 --> score 60
05-28 15:40:13.989: E/WifiStateMachine(2944):  isHighRSSI       ---> score=65
05-28 15:40:14.099: I/PG Utils(1600): acquire_providerpkg:[com.google.android.gsf] pid:[]  maybe timeout , send to PG
05-28 15:40:14.349: I/GAV2(1212): Thread[GAThread,5,main]: No campaign data found.
05-28 15:40:14.689: I/PG Utils(1600): acquire_providerpkg:[com.google.android.gsf] pid:[]  maybe timeout , send to PG
05-28 15:40:14.719: W/VideoCapabilities(1600): Unsupported mime video/mpeg
05-28 15:40:14.719: W/VideoCapabilities(1600): Unsupported mime video/mpeg2
05-28 15:40:14.729: W/VideoCapabilities(1600): Unrecognized profile 32768 for video/3gpp
05-28 15:40:14.729: W/VideoCapabilities(1600): Unrecognized profile 32768 for video/3gpp
05-28 15:40:14.729: W/VideoCapabilities(1600): Unrecognized profile 32768 for video/3gpp
05-28 15:40:14.729: W/VideoCapabilities(1600): Unrecognized profile 32768 for video/3gpp
05-28 15:40:14.729: W/VideoCapabilities(1600): Unrecognized profile 32768 for video/3gpp
05-28 15:40:14.729: W/VideoCapabilities(1600): Unrecognized profile 32768 for video/3gpp
05-28 15:40:14.729: W/VideoCapabilities(1600): Unrecognized profile 32768 for video/3gpp
05-28 15:40:14.729: W/VideoCapabilities(1600): Unrecognized profile 32768 for video/3gpp
05-28 15:40:14.729: W/VideoCapabilities(1600): Unrecognized profile/level 0/0 for video/3gpp
05-28 15:40:14.729: W/VideoCapabilities(1600): Unrecognized profile 0 for video/3gpp
05-28 15:40:14.729: W/VideoCapabilities(1600): Unsupported mime video/mp4
05-28 15:40:14.729: I/VideoCapabilities(1600): Unsupported profile 8 for video/mp4v-es
05-28 15:40:14.729: I/VideoCapabilities(1600): Unsupported profile 8 for video/mp4v-es
05-28 15:40:14.729: I/VideoCapabilities(1600): Unsupported profile 8 for video/mp4v-es
05-28 15:40:14.729: I/VideoCapabilities(1600): Unsupported profile 8 for video/mp4v-es
05-28 15:40:14.729: I/VideoCapabilities(1600): Unsupported profile 8 for video/mp4v-es
05-28 15:40:14.729: I/VideoCapabilities(1600): Unsupported profile 8 for video/mp4v-es
05-28 15:40:14.729: I/VideoCapabilities(1600): Unsupported profile 8 for video/mp4v-es
05-28 15:40:14.729: I/VideoCapabilities(1600): Unsupported profile 8 for video/mp4v-es
05-28 15:40:14.729: W/VideoCapabilities(1600): Unrecognized profile/level 32768/2 for video/mp4v-es
05-28 15:40:14.729: W/VideoCapabilities(1600): Unrecognized profile 0 for video/mp4v-es
05-28 15:40:14.729: W/VideoCapabilities(1600): Unsupported mime video/mpeg4
05-28 15:40:14.729: W/VideoCapabilities(1600): Unsupported mime video/x-flv
05-28 15:40:14.729: W/VideoCapabilities(1600): Unsupported mime video/vc1
05-28 15:40:14.739: W/VideoCapabilities(1600): Unsupported mime video/wvc1
05-28 15:40:14.739: W/VideoCapabilities(1600): Unsupported mime video/x-ms-wmv
05-28 15:40:14.739: W/VideoCapabilities(1600): Unsupported mime video/x-ms-wmv3
05-28 15:40:14.739: W/VideoCapabilities(1600): Unsupported mime video/x-pn-realvideo
05-28 15:40:14.739: W/VideoCapabilities(1600): Unsupported mime video/ffmpeg
05-28 15:40:14.739: W/AudioCapabilities(1600): Unsupported mime audio/ffmpeg
05-28 15:40:14.759: I/art(9192): Explicit concurrent mark sweep GC freed 3713(157KB) AllocSpace objects, 0(0B) LOS objects, 40% free, 13MB/22MB, paused 910us total 31.587ms
05-28 15:40:14.759: I/VideoCapabilities(1600): Unsupported profile 4 for video/mp4v-es
05-28 15:40:14.769: W/MediaCodecUtil(1600): MediaCodecList API didn't list secure decoder for: video/avc. Assuming: OMX.k3.video.decoder.avc.secure
05-28 15:40:14.789: I/WVCdm(2714): CdmEngine::QueryStatus
05-28 15:40:14.789: I/WVCdm(2714): Level3 Library Sep 25 2014 17:10:03
05-28 15:40:14.799: W/WVCdm(2714): Could not read /data/mediadrm/IDM1013/ay64.dat2: No such file or directory
05-28 15:40:14.809: W/WVCdm(2714): Could not load liboemcrypto.so. Falling Back to L3.  dlopen failed: library "liboemcrypto.so" not found
05-28 15:40:14.819: I/WVCdm(2714): L3 Terminate.
05-28 15:40:14.819: I/PlayMovies(1600): WidevineMediaDrmWrapper.getDefaultSecurityLevel:215 L3
05-28 15:40:14.839: W/System.err(2944): java.lang.SecurityException: WifiService: Neither user 10086 nor current process has android.permission.CHANGE_WIFI_STATE.
05-28 15:40:14.839: W/System.err(2944): 	at android.app.ContextImpl.enforce(ContextImpl.java:1962)
05-28 15:40:14.839: W/System.err(2944): 	at android.app.ContextImpl.enforceCallingOrSelfPermission(ContextImpl.java:1991)
05-28 15:40:14.839: W/System.err(2944): 	at com.android.server.wifi.WifiServiceImpl.enforceChangePermission(WifiServiceImpl.java:784)
05-28 15:40:14.839: W/System.err(2944): 	at com.android.server.wifi.WifiServiceImpl.getWifiServiceMessenger(WifiServiceImpl.java:1903)
05-28 15:40:14.839: W/System.err(2944): 	at android.net.wifi.IWifiManager$Stub.onTransact(IWifiManager.java:495)
05-28 15:40:14.839: W/System.err(2944): 	at com.android.server.wifi.HwWifiService.onTransact(HwWifiService.java:61)
05-28 15:40:14.839: W/System.err(2944): 	at android.os.Binder.execTransact(Binder.java:446)
05-28 15:40:14.839: E/WifiManager(1600): WifiServiceMessenger == null
05-28 15:40:14.859: I/ActivityManager(2944): filter receiver for action = com.google.android.play.CONTENT_UPDATE
05-28 15:40:14.859: W/ContextImpl(1600): Failed to ensure directory: /storage/sdcard1/Android/data/com.google.android.videos/files/Movies
05-28 15:40:14.859: I/PG Utils(1600): acquire_providerpkg:[com.google.android.gsf] pid:[]  maybe timeout , send to PG
05-28 15:40:14.869: I/PG Utils(1600): acquire_providerpkg:[com.google.android.gsf] pid:[]  maybe timeout , send to PG
05-28 15:40:15.009: I/HwSystemManager(3892): HoldService:uid:10088 pid:1037 died
05-28 15:40:15.009: I/HwSystemManager(3892): HoldService:oldVersionKey:10088,1037
05-28 15:40:15.009: I/HwSystemManager(3892): BgPowerManagerService:onProcessDied uid = 10088
05-28 15:40:15.009: E/HsmCoreServiceImpl(2944): onTransact in code is: 102
05-28 15:40:15.009: I/MediaProcessHandler(2944): processOp opType: 1, uid: 10088, pid: 1037
05-28 15:40:15.009: W/MediaProcessHandler(2944): remove target not exist, maybe the UI process: uid: 10088, pid: 1037
05-28 15:40:15.059: I/PG Utils(1629): acquire_providerpkg:[com.google.android.gsf] pid:[]  maybe timeout , send to PG
05-28 15:40:15.119: I/art(1629): Can not find class: Ljavax/net/ssl/SNIServerName;
05-28 15:40:15.119: I/art(1629): Can not find class: Ljavax/net/ssl/SNIHostName;
05-28 15:40:15.119: I/art(1629): Can not find class: Ljavax/net/ssl/SNIHostName;
05-28 15:40:15.119: I/art(1629): Can not find class: Ljavax/net/ssl/SNIHostName;
05-28 15:40:15.129: I/art(1629): Can not find class: Ljavax/net/ssl/ExtendedSSLSession;
05-28 15:40:15.129: I/art(1629): Rejecting re-init on previously-failed class java.lang.Class<com.google.android.gms.org.conscrypt.Java7ExtendedSSLSession>
05-28 15:40:15.129: I/art(1629): Can not find class: Lcom/google/android/gms/org/conscrypt/Java7ExtendedSSLSession;
05-28 15:40:15.129: I/art(1629): Rejecting re-init on previously-failed class java.lang.Class<com.google.android.gms.org.conscrypt.Java7ExtendedSSLSession>
05-28 15:40:15.129: I/art(1629): Rejecting re-init on previously-failed class java.lang.Class<com.google.android.gms.org.conscrypt.Java8ExtendedSSLSession>
05-28 15:40:15.129: I/art(1629): Can not find class: Lcom/google/android/gms/org/conscrypt/Java8ExtendedSSLSession;
05-28 15:40:15.129: I/art(1629): Rejecting re-init on previously-failed class java.lang.Class<com.google.android.gms.org.conscrypt.Java8ExtendedSSLSession>
05-28 15:40:15.169: I/art(1629): Can not find class: Lcom/google/android/gms/org/conscrypt/OpenSSLSocketFactoryImpl;
05-28 15:40:15.169: W/System(1629): Could not create com.google.android.gms.org.conscrypt.OpenSSLSocketFactoryImpl with ClassLoader dalvik.system.PathClassLoader[DexPathList[[zip file "/system/app/YouTube/YouTube.apk"],nativeLibraryDirectories=[/system/app/YouTube/lib/arm64, /vendor/lib64, /system/lib64]]]: com.google.android.gms.org.conscrypt.OpenSSLSocketFactoryImpl
05-28 15:40:15.169: I/ProviderInstaller(1629): Installed default security provider GmsCore_OpenSSL
05-28 15:40:15.219: W/System.err(2944): java.lang.SecurityException: WifiService: Neither user 10087 nor current process has android.permission.CHANGE_WIFI_STATE.
05-28 15:40:15.219: W/System.err(2944): 	at android.app.ContextImpl.enforce(ContextImpl.java:1962)
05-28 15:40:15.219: W/System.err(2944): 	at android.app.ContextImpl.enforceCallingOrSelfPermission(ContextImpl.java:1991)
05-28 15:40:15.219: W/System.err(2944): 	at com.android.server.wifi.WifiServiceImpl.enforceChangePermission(WifiServiceImpl.java:784)
05-28 15:40:15.219: W/System.err(2944): 	at com.android.server.wifi.WifiServiceImpl.getWifiServiceMessenger(WifiServiceImpl.java:1903)
05-28 15:40:15.219: W/System.err(2944): 	at android.net.wifi.IWifiManager$Stub.onTransact(IWifiManager.java:495)
05-28 15:40:15.219: W/System.err(2944): 	at com.android.server.wifi.HwWifiService.onTransact(HwWifiService.java:61)
05-28 15:40:15.219: W/System.err(2944): 	at android.os.Binder.execTransact(Binder.java:446)
05-28 15:40:15.219: E/WifiManager(1629): WifiServiceMessenger == null
05-28 15:40:15.279: I/OMXClient(1718): Using client-side OMX mux.
05-28 15:40:15.279: I/MediaCodecList(2714): findCodecByType::numCodecs=33, index=0, type=video/avc
05-28 15:40:15.279: I/OMXCodec(1718): matching 'OMX.k3.video.encoder.avc' quirks 0x00000000
05-28 15:40:15.279: I/MediaCodecList(2714): findCodecByType::numCodecs=33, index=15, type=video/avc
05-28 15:40:15.279: I/OMXCodec(1718): matching 'OMX.google.h264.encoder' quirks 0x00000000
05-28 15:40:15.279: I/MediaCodecList(2714): findCodecByType::numCodecs=33, index=31, type=video/avc
05-28 15:40:15.289: E/OmxBaseComponent(2714): unsupported param index: ab22bc20
05-28 15:40:15.289: E/OmxBaseComponent(2714): unsupported parameter index[-171056608]
05-28 15:40:15.289: E/OMXNodeInstance(2714): getParameter(-171056608) ERROR: 0x8000101a
05-28 15:40:15.289: E/OmxBaseComponent(2714): unsupported parameter index[-171056608]
05-28 15:40:15.289: E/OMXNodeInstance(2714): getParameter(-171056608) ERROR: 0x8000101a
05-28 15:40:15.289: E/OmxBaseComponent(2714): unsupported parameter index[-171056608]
05-28 15:40:15.289: E/OMXNodeInstance(2714): getParameter(-171056608) ERROR: 0x8000101a
05-28 15:40:15.289: W/ACodec(1718): do not know color format 0x7f000789 = 2130708361
05-28 15:40:15.289: I/ACodec(1718): setupVideoEncoder succeeded
05-28 15:40:15.289: E/OmxBaseComponent(2714): unsupported parameter index[-171056608]
05-28 15:40:15.289: E/OMXNodeInstance(2714): getParameter(-171056608) ERROR: 0x8000101a
05-28 15:40:15.289: W/ACodec(1718): do not know color format 0x7f000789 = 2130708361
05-28 15:40:15.289: E/OmxBaseComponent(2714): unsupported param index: ab216d54
05-28 15:40:15.289: W/System.err(2944): java.lang.SecurityException: uid 2000 does not have android.permission.UPDATE_DEVICE_STATS.
05-28 15:40:15.289: W/System.err(2944): 	at android.app.ContextImpl.enforce(ContextImpl.java:1962)
05-28 15:40:15.289: W/System.err(2944): 	at android.app.ContextImpl.enforcePermission(ContextImpl.java:1974)
05-28 15:40:15.289: W/System.err(2944): 	at com.android.server.am.BatteryStatsService.enforceCallingPermission(BatteryStatsService.java:730)
05-28 15:40:15.289: W/System.err(2944): 	at com.android.server.am.BatteryStatsService.noteStartVideo(BatteryStatsService.java:457)
05-28 15:40:15.289: W/System.err(2944): 	at com.android.internal.app.IBatteryStats$Stub.onTransact(IBatteryStats.java:72)
05-28 15:40:15.289: W/System.err(2944): 	at android.os.Binder.execTransact(Binder.java:446)
05-28 15:40:15.289: I/OmxAvcEncComponent(2714): cnm unsupport storeGraphicBufferInMetaData 
05-28 15:40:15.299: E/OmxBaseComponent(2714): unsupported param index: ab203990
05-28 15:40:15.319: I/videocat(1718): Encoding 720x1280 video/avc at 1048576 bits per second
05-28 15:40:15.429: E/YouTube MDX(1629): Bogus value in shared preferences for key MdxServerSelection value , returning default value.
05-28 15:40:15.449: I/OmxAvcEncComponent(2714): VPU coreNum : [0]
05-28 15:40:15.449: I/OmxAvcEncComponent(2714): Firmware Version => projectId : 0 | version : 0000.0009.00000101 | revision : r0
05-28 15:40:15.449: I/OmxAvcEncComponent(2714): Hardware Version => 7542
05-28 15:40:15.449: I/OmxAvcEncComponent(2714): API Version => 015e
05-28 15:40:15.449: I/OmxAvcEncComponent(2714): when wifi-display/screenrecord scence, improve the image quality
05-28 15:40:15.449: I/OmxAvcEncComponent(2714): VPU_EncOpen Parameter : width : 720, height : 1280, srcFrameStride : 720, srcFrameHeight : 1280, framebufStride : 720, frameRateInfo : 30, bitrate : 2000
05-28 15:40:15.449: I/OmxAvcEncComponent(2714): gopSize : 30, bitstreamFormat : 0, frameSkipDisable : 1, rcEnable : 1, intraRefresh : 0
05-28 15:40:15.449: I/OmxAvcEncComponent(2714): cbcrInterleave : 0, nv21 : 0, prpYuvFormat : 7, srcFrameFormat : 1
05-28 15:40:15.479: I/OmxAvcEncComponent(2714): VPU_Init&VPU_EncOpen Sucess 
05-28 15:40:15.539: I/art(1629): DexFile_isDexOptNeeded failed to open oat file '/data/dalvik-cache/arm64/data@data@com.google.android.gms@app_chimera@m@00000001@DynamiteModulesA_GmsCore_prodlmp_alldpi_release.apk@classes.dex' for file location '/data/data/com.google.android.gms/app_chimera/m/00000001/DynamiteModulesA_GmsCore_prodlmp_alldpi_release.apk': Failed to open oat filename for reading: No such file or directory
05-28 15:40:15.539: I/art(1629): Can not find class: Lcom/google/android/chimeraresources/R$id;
05-28 15:40:15.619: I/art(1629): Can not find class: Lcom/google/android/ads/zxxz/n;
05-28 15:40:15.629: I/art(1629): Can not find class: Lcom/google/android/ads/zxxz/l;
05-28 15:40:15.629: I/art(1629): Can not find class: Lcom/google/android/ads/zxxz/g;
05-28 15:40:15.629: I/art(1629): Can not find class: Lcom/google/android/ads/zxxz/u;
05-28 15:40:15.629: I/art(1629): Can not find class: Lcom/google/android/ads/zxxz/b;
05-28 15:40:15.629: I/art(1629): Can not find class: Lcom/google/android/ads/zxxz/t;
05-28 15:40:15.629: I/art(1629): Can not find class: Lcom/google/android/ads/zxxz/d;
05-28 15:40:15.629: I/art(1629): Can not find class: Lcom/google/android/ads/zxxz/s;
05-28 15:40:15.639: I/art(1629): Can not find class: Lcom/google/android/ads/zxxz/f;
05-28 15:40:15.639: I/art(1629): Can not find class: Lcom/google/android/ads/zxxz/i;
05-28 15:40:15.639: I/art(1629): Can not find class: Lcom/google/android/ads/zxxz/k;
05-28 15:40:15.639: I/art(1629): Can not find class: Lcom/google/android/ads/zxxz/r;
05-28 15:40:15.639: I/art(1629): Can not find class: Lcom/google/android/ads/zxxz/j;
05-28 15:40:15.639: I/art(1629): Can not find class: Lcom/google/android/ads/zxxz/h;
05-28 15:40:15.639: I/art(1629): Can not find class: Lcom/google/android/ads/zxxz/o;
05-28 15:40:15.639: I/art(1629): Can not find class: Lcom/google/android/ads/zxxz/p;
05-28 15:40:15.649: I/art(1629): Can not find class: Lcom/google/android/ads/zxxz/e;
05-28 15:40:15.649: I/art(1629): Can not find class: Lcom/google/android/ads/zxxz/m;
05-28 15:40:15.649: I/art(1629): Can not find class: Lcom/google/android/ads/zxxz/q;
05-28 15:40:15.649: I/art(1629): Can not find class: Lcom/google/android/ads/zxxz/v;
05-28 15:40:15.659: I/art(1629): Can not find class: Lcom/google/android/ads/zxxz/c;
05-28 15:40:15.659: I/art(1629): Can not find class: Lcom/google/android/ads/zxxz/a;
05-28 15:40:15.669: W/ContextImpl(1629): Failed to ensure directory: /storage/sdcard1/Android/data/com.google.android.youtube/cache
05-28 15:40:15.679: I/art(1629): Can not find class: Lcom/google/android/ads/d;
05-28 15:40:15.679: I/art(1629): Can not find class: Lcom/google/android/ads/c;
05-28 15:40:15.679: I/art(1629): Can not find class: Lcom/google/android/ads/a;
05-28 15:40:15.679: I/art(1629): Can not find class: Lcom/google/android/ads/a;
05-28 15:40:15.679: I/art(1629): Can not find class: Lcom/google/android/ads/h;
05-28 15:40:15.709: I/art(1629): Can not find class: Lcom/google/android/ads/f;
05-28 15:40:15.739: I/art(1629): Can not find class: Lcom/google/android/ads/b;
05-28 15:40:15.789: I/System(1629): core_booster, getBoosterConfig = false
05-28 15:40:15.829: I/appproc(1760): CLASSPATH=/system/framework/settings.jar
05-28 15:40:15.829: I/appproc(1760): Command=app_process /system/bin com.android.commands.settings.SettingsCmd put secure mock_location 1 
05-28 15:40:15.829: I/appproc(1760): app_process:number,6,0
05-28 15:40:15.829: I/AndroidRuntime(1760): readDownloadBoosterConfig: 'false'
05-28 15:40:15.829: I/AndroidRuntime(1760): [ 05-28 15:40:15.969  1760: 1760 I/         ]
05-28 15:40:15.829: I/AndroidRuntime(1760): power log dlsym ok
05-28 15:40:16.019: E/android_hardware_fm.cpp(1760): register_android_hardware_fm_fmradio
05-28 15:40:16.019: I/android_hardware_fm.cpp(1760): ========64bit long size = 8
05-28 15:40:16.019: E/FM_HAL(1760): [FM_HAL], libname is libhisifm_if
05-28 15:40:16.019: I/fm_hisi(1760): FM::[fm_device_open:4655] fm_device_open
05-28 15:40:16.019: I/fm_hisi(1760): FM::[fm_device_open:4666] find the id:libhisifm_if and begins to open the device
05-28 15:40:16.019: I/fm_hisi(1760): FM::[fm_device_open:4710] device open sucess
05-28 15:40:16.019: E/android_hardware_fm.cpp(1760): register_android_hardware_fm_fmradio, ret is 0
05-28 15:40:16.119: W/ContextImpl(1629): Failed to ensure directory: /storage/sdcard1/Android/data/com.google.android.youtube/cache
05-28 15:40:16.129: W/ContextImpl(1629): Failed to ensure directory: /storage/sdcard1/Android/data/com.google.android.youtube/files
05-28 15:40:16.129: W/ContextImpl(1629): Failed to ensure directory: /storage/sdcard1/Android/data/com.google.android.youtube/files
05-28 15:40:16.149: W/InstanceID/Rpc(1629): Found 10010
05-28 15:40:16.149: I/ActivityManager(2944): filter receiver for action = com.google.android.gms.gcm.ACTION_SCHEDULE
05-28 15:40:16.279: I/ActivityManager(2944): filter receiver for action = com.google.android.gms.gcm.ACTION_SCHEDULE
05-28 15:40:16.299: W/ContextImpl(1629): Failed to ensure directory: /storage/sdcard1/Android/data/com.google.android.youtube/cache
05-28 15:40:16.319: I/ActivityManager(2944): filter receiver for action = com.google.android.gms.gcm.ACTION_SCHEDULE
05-28 15:40:16.439: I/System(1629): core_booster, getBoosterConfig = false
05-28 15:40:16.459: I/System(1629): core_booster, getBoosterConfig = false
05-28 15:40:16.539: I/HwSystemManager(3892): HoldService:uid:10009 pid:1058 died
05-28 15:40:16.539: I/HwSystemManager(3892): HoldService:oldVersionKey:10009,1058
05-28 15:40:16.539: I/HwSystemManager(3892): BgPowerManagerService:onProcessDied uid = 10009
05-28 15:40:16.539: E/HsmCoreServiceImpl(2944): onTransact in code is: 102
05-28 15:40:16.539: I/MediaProcessHandler(2944): processOp opType: 1, uid: 10009, pid: 1058
05-28 15:40:16.539: W/MediaProcessHandler(2944): remove target not exist, maybe the UI process: uid: 10009, pid: 1058
05-28 15:40:16.549: E/Thermal-daemon(2346): [ap] temp_new :34  temp_old :35
05-28 15:40:16.549: E/Thermal-daemon(2346): Report temperature: [ap] temp :34  report_threshold:1
05-28 15:40:16.989: E/WifiStateMachine(2944):  ConnectedState !CMD_RSSI_POLL 1 0 "wl-ftl-mt06-1-24" b4:5d:50:79:e6:40 rssi=-41 f=2462 sc=100 link=72 tx=10.4, 0.0, 0.0  rx=9.5 bcn=0 [on:0 tx:0 rx:0 period:3004] from screen [on:0 period:-1461140373] gl u24 rssi=-41 ag=0 hr ticks 0,0,0 ls-=0 [56,56,60,60,65] brc=0 lrc=0
05-28 15:40:16.999: E/WifiStateMachine(2944):  L2ConnectedState !CMD_RSSI_POLL 1 0 "wl-ftl-mt06-1-24" b4:5d:50:79:e6:40 rssi=-41 f=2462 sc=100 link=72 tx=10.4, 0.0, 0.0  rx=9.5 bcn=0 [on:0 tx:0 rx:0 period:1] from screen [on:0 period:-1461140372] gl u24 rssi=-41 ag=0 hr ticks 0,0,0 ls-=0 [56,56,60,60,65] brc=0 lrc=0
05-28 15:40:16.999: E/WifiStateMachine(2944): fetchRssiLinkSpeedAndFrequencyNative rssi=-42 linkspeed=72 SSID="wl-ftl-mt06-1-24"
05-28 15:40:16.999: E/WifiStateMachine(2944): calculateWifiScore freq=2462 speed=72 score=100 highRSSI  -> txbadrate=0.00 txgoodrate=9.70 txretriesrate=0.00 rxrate=8.25 userTriggerdPenalty0
05-28 15:40:16.999: E/WifiStateMachine(2944):  good link -> stuck count =0
05-28 15:40:16.999: E/WifiStateMachine(2944):  badRSSI count0 lowRSSI count0 --> score 60
05-28 15:40:16.999: E/WifiStateMachine(2944):  isHighRSSI       ---> score=65
05-28 15:40:17.449: I/appproc(1902): CLASSPATH=/system/framework/am.jar
05-28 15:40:17.449: I/appproc(1902): Command=app_process /system/bin com.android.commands.am.Am instrument -w -e packageName com.adler.mrsam.adlerandroidapp com.google.android.apps.mtaas.tools/.instrumentations.GetPackageUid 
05-28 15:40:17.449: I/appproc(1902): app_process:number,8,0
05-28 15:40:17.459: I/AndroidRuntime(1902): readDownloadBoosterConfig: 'false'
05-28 15:40:17.459: I/AndroidRuntime(1902): [ 05-28 15:40:17.599  1902: 1902 I/         ]
05-28 15:40:17.459: I/AndroidRuntime(1902): power log dlsym ok
05-28 15:40:17.649: E/android_hardware_fm.cpp(1902): register_android_hardware_fm_fmradio
05-28 15:40:17.649: I/android_hardware_fm.cpp(1902): ========64bit long size = 8
05-28 15:40:17.649: E/FM_HAL(1902): [FM_HAL], libname is libhisifm_if
05-28 15:40:17.649: I/fm_hisi(1902): FM::[fm_device_open:4655] fm_device_open
05-28 15:40:17.649: I/fm_hisi(1902): FM::[fm_device_open:4666] find the id:libhisifm_if and begins to open the device
05-28 15:40:17.649: I/fm_hisi(1902): FM::[fm_device_open:4710] device open sucess
05-28 15:40:17.649: E/android_hardware_fm.cpp(1902): register_android_hardware_fm_fmradio, ret is 0
05-28 15:40:17.829: W/ContextImpl(1847): Failed to ensure directory: /storage/sdcard1/Android/data/com.google.android.apps.maps/files
05-28 15:40:17.829: W/ContextImpl(1847): Failed to ensure directory: /storage/sdcard1/Android/data/com.google.android.apps.maps/files
05-28 15:40:18.119: I/HwSystemManager(3892): BgPowerManagerService:onProcessDied uid = 10093
05-28 15:40:18.119: E/HsmCoreServiceImpl(2944): onTransact in code is: 102
05-28 15:40:18.119: I/HwSystemManager(3892): HoldService:uid:10093 pid:1933 died
05-28 15:40:18.119: I/HwSystemManager(3892): HoldService:oldVersionKey:10093,1933
05-28 15:40:18.119: I/MediaProcessHandler(2944): processOp opType: 1, uid: 10093, pid: 1933
05-28 15:40:18.119: W/MediaProcessHandler(2944): remove target not exist, maybe the UI process: uid: 10093, pid: 1933
05-28 15:40:18.149: I/GAV2(1512): Thread[GAThread,5,main]: No campaign data found.
05-28 15:40:18.279: I/appproc(1979): CLASSPATH=/system/framework/am.jar
05-28 15:40:18.279: I/appproc(1979): Command=app_process /system/bin com.android.commands.am.Am startservice --user 0 -a com.google.android.gmscore.testing.testsupport.CommandService -n com.google.android.gmscore.testing.testsupport/.CommandService --es COMMAND PACKAGE --es FLAG_PACKAGE EiNjb20uZ29vZ2xlLmFuZHJvaWQuZ21zLmF1dGhfYWNjb3VudBodChlhdXRoX3NpZ19vdmVycmlkZV9lbmFibGVkGAEaIQocYXV0aF9zaWdfb3ZlcnJpZGVfdGFyZ2V0X3VpZCD4ThpCChZhdXRoX3NpZ19vdmVycmlkZV9zaGExEihhZWRiZjNjZjM1ZDBhNzg3OGIyNjUwZGFmZWNlN2UxZGVkZDA3ODA1 
05-28 15:40:18.279: I/appproc(1979): app_process:number,15,0
05-28 15:40:18.289: I/AndroidRuntime(1979): readDownloadBoosterConfig: 'false'
05-28 15:40:18.289: I/AndroidRuntime(1979): [ 05-28 15:40:18.429  1979: 1979 I/         ]
05-28 15:40:18.289: I/AndroidRuntime(1979): power log dlsym ok
05-28 15:40:18.469: W/art(1847): Verification of void com.google.c.f.w.<clinit>() took 170.681ms
05-28 15:40:18.479: E/android_hardware_fm.cpp(1979): register_android_hardware_fm_fmradio
05-28 15:40:18.479: I/android_hardware_fm.cpp(1979): ========64bit long size = 8
05-28 15:40:18.479: E/FM_HAL(1979): [FM_HAL], libname is libhisifm_if
05-28 15:40:18.479: I/fm_hisi(1979): FM::[fm_device_open:4655] fm_device_open
05-28 15:40:18.479: I/fm_hisi(1979): FM::[fm_device_open:4666] find the id:libhisifm_if and begins to open the device
05-28 15:40:18.479: I/fm_hisi(1979): FM::[fm_device_open:4710] device open sucess
05-28 15:40:18.479: E/android_hardware_fm.cpp(1979): register_android_hardware_fm_fmradio, ret is 0
05-28 15:40:18.689: I/HwSystemManager(3892): HoldService:uid:10007 pid:32312 died
05-28 15:40:18.689: I/HwSystemManager(3892): HoldService:oldVersionKey:10007,32312
05-28 15:40:18.689: I/HwSystemManager(3892): BgPowerManagerService:onProcessDied uid = 10007
05-28 15:40:18.699: E/HsmCoreServiceImpl(2944): onTransact in code is: 102
05-28 15:40:18.699: I/MediaProcessHandler(2944): processOp opType: 1, uid: 10007, pid: 32312
05-28 15:40:18.699: W/MediaProcessHandler(2944): remove target not exist, maybe the UI process: uid: 10007, pid: 32312
05-28 15:40:18.729: I/TSDRIVER(2040): CommandService onHandleIntent()
05-28 15:40:18.739: I/TSDRIVER(2040): Got command: PACKAGE
05-28 15:40:18.749: I/TSDRIVER(2040): flag package: EiNjb20uZ29vZ2xlLmFuZHJvaWQuZ21zLmF1dGhfYWNjb3VudBodChlhdXRoX3NpZ19vdmVycmlkZV9lbmFibGVkGAEaIQocYXV0aF9zaWdfb3ZlcnJpZGVfdGFyZ2V0X3VpZCD4ThpCChZhdXRoX3NpZ19vdmVycmlkZV9zaGExEihhZWRiZjNjZjM1ZDBhNzg3OGIyNjUwZGFmZWNlN2UxZGVkZDA3ODA1
05-28 15:40:18.759: I/art(2040): Can not find class: Lcom/google/protobuf/Extension;
05-28 15:40:18.759: I/art(2040): Can not find class: Lcom/google/protobuf/ExtensionRegistry;
05-28 15:40:18.769: I/art(2040): Can not find class: Lcom/google/android/gms/R$string;
05-28 15:40:18.769: I/TSDRIVER(2040): flag package: com.google.android.gms.auth_account
05-28 15:40:18.769: E/GooglePlayServicesUtil(2040): The Google Play services resources were not found. Check your project configuration to ensure that the resources are included.
05-28 15:40:18.789: I/PG Utils(9379): acquire_providerpkg:[com.google.android.gsf] pid:[]  maybe timeout , send to PG
05-28 15:40:18.819: I/PG Utils(9379): acquire_providerpkg:[com.google.android.gsf] pid:[]  maybe timeout , send to PG
05-28 15:40:18.819: I/PG Utils(9379): acquire_providerpkg:[com.google.android.gsf] pid:[]  maybe timeout , send to PG
05-28 15:40:18.829: I/TestSupport(9379): Activated: 1527404400000@1527547173822
05-28 15:40:18.829: I/TestSupport(9379): Boot time: 1527541941824
05-28 15:40:18.829: I/TestSupport(9379): Passing package and signature checks: com.google.android.gmscore.testing.testsupport
05-28 15:40:18.839: I/TestSupport(9379): SetOverrideOperation: gms:phenotype:phenotype_flag:debug_bypass_phenotype = false
05-28 15:40:18.839: I/PG Utils(9379): acquire_providerpkg:[com.google.android.gsf] pid:[]  maybe timeout , send to PG
05-28 15:40:18.849: I/ActivityManager(2944): filter receiver for action = com.google.gservices.intent.action.GSERVICES_OVERRIDE
05-28 15:40:19.229: I/wpa_supplicant(3370): wlan0: HEART-BEAT-ACK: 349
05-28 15:40:19.229: E/WifiMonitor(2944): WifiMonitor:wlan0 cnt=975 dispatchEvent: HEART-BEAT-ACK: 349
05-28 15:40:19.229: E/WifiStateMachine(2944):  ConnectedState !what:147506 0 0
05-28 15:40:19.229: E/WifiStateMachine(2944):  L2ConnectedState !what:147506 0 0
05-28 15:40:19.229: E/WifiStateMachine(2944):  ConnectModeState !what:147506 0 0
05-28 15:40:19.229: E/WifiStateMachine(2944):  DriverStartedState !what:147506 0 0
05-28 15:40:19.229: E/WifiStateMachine(2944):  SupplicantStartedState !what:147506 0 0
05-28 15:40:19.549: I/PG Utils(2015): acquire_providerpkg:[com.android.providers.media] pid:[]  maybe timeout , send to PG
05-28 15:40:19.879: I/HwSystemManager(3892): HoldService:uid:10008 pid:1001 died
05-28 15:40:19.879: I/HwSystemManager(3892): HoldService:oldVersionKey:10008,1001
05-28 15:40:19.879: I/HwSystemManager(3892): BgPowerManagerService:onProcessDied uid = 10008
05-28 15:40:19.879: E/HsmCoreServiceImpl(2944): onTransact in code is: 102
05-28 15:40:19.879: I/MediaProcessHandler(2944): processOp opType: 1, uid: 10008, pid: 1001
05-28 15:40:19.879: W/MediaProcessHandler(2944): remove target not exist, maybe the UI process: uid: 10008, pid: 1001
05-28 15:40:19.999: E/WifiStateMachine(2944):  ConnectedState !CMD_RSSI_POLL 1 0 "wl-ftl-mt06-1-24" b4:5d:50:79:e6:40 rssi=-42 f=2462 sc=100 link=72 tx=9.7, 0.0, 0.0  rx=8.2 bcn=0 [on:0 tx:0 rx:0 period:3001] from screen [on:0 period:-1461137365] gl u24 rssi=-42 ag=0 hr ticks 0,0,0 ls-=0 [56,56,60,60,65] brc=0 lrc=0
05-28 15:40:19.999: E/WifiStateMachine(2944):  L2ConnectedState !CMD_RSSI_POLL 1 0 "wl-ftl-mt06-1-24" b4:5d:50:79:e6:40 rssi=-42 f=2462 sc=100 link=72 tx=9.7, 0.0, 0.0  rx=8.2 bcn=0 [on:0 tx:0 rx:0 period:0] from screen [on:0 period:-1461137365] gl u24 rssi=-42 ag=0 hr ticks 0,0,0 ls-=0 [56,56,60,60,65] brc=0 lrc=0
05-28 15:40:19.999: E/WifiStateMachine(2944): fetchRssiLinkSpeedAndFrequencyNative rssi=-40 linkspeed=72 SSID="wl-ftl-mt06-1-24"
05-28 15:40:20.009: E/WifiStateMachine(2944): calculateWifiScore freq=2462 speed=72 score=100 highRSSI  -> txbadrate=0.00 txgoodrate=5.35 txretriesrate=0.00 rxrate=4.62 userTriggerdPenalty0
05-28 15:40:20.009: E/WifiStateMachine(2944):  good link -> stuck count =0
05-28 15:40:20.009: E/WifiStateMachine(2944):  badRSSI count0 lowRSSI count0 --> score 60
05-28 15:40:20.009: E/WifiStateMachine(2944):  isHighRSSI       ---> score=65
05-28 15:40:20.279: I/PG Utils(2015): acquire_providerpkg:[com.android.providers.contacts] pid:[]  maybe timeout , send to PG
05-28 15:40:20.279: I/PG Utils(2015): acquire_providerpkg:[com.google.android.gsf] pid:[]  maybe timeout , send to PG
05-28 15:40:20.329: W/SyncManager(2944): SyncManager manageSyncAlarmLocked SET_WAKE_ALARM
05-28 15:40:20.329: I/PG Utils(9379): acquire_providerpkg:[com.google.android.gsf] pid:[]  maybe timeout , send to PG
05-28 15:40:20.369: E/ChimeraProxyRslvr(9379): Chimera config error: com.google.android.chimera.config.InvalidConfigException: No registered Chimera impl for ComponentInfo{com.google.android.gms/com.google.android.gms.mdm.receivers.AccountsChangedReceiver}
05-28 15:40:20.369: E/ChimeraRcvrProxy(9379): com.google.android.gms.mdm.receivers.AccountsChangedReceiver dropping broadcast android.accounts.LOGIN_ACCOUNTS_CHANGED
05-28 15:40:20.379: W/WakefulBroadcastReceiv.(9159): No active wake lock id #2
05-28 15:40:20.489: I/ActivityManager(2944): filter receiver for action = com.google.android.gms.gcm.ACTION_SCHEDULE
05-28 15:40:20.489: E/HsmCoreServiceImpl(2944): onTransact in code is: 102
05-28 15:40:20.489: I/MediaProcessHandler(2944): processOp opType: 1, uid: 10013, pid: 1104
05-28 15:40:20.489: I/HwSystemManager(3892): BgPowerManagerService:onProcessDied uid = 10013
05-28 15:40:20.489: W/MediaProcessHandler(2944): remove target not exist, maybe the UI process: uid: 10013, pid: 1104
05-28 15:40:20.489: I/HwSystemManager(3892): HoldService:uid:10013 pid:1104 died
05-28 15:40:20.489: I/HwSystemManager(3892): HoldService:oldVersionKey:10013,1104
05-28 15:40:20.509: I/PmtsSwAccountIntentOp(9379): Processing intent action=android.accounts.LOGIN_ACCOUNTS_CHANGED
05-28 15:40:20.509: I/PmtsSwAccountIntentOp(9379): Device isn't of sufficient API level
05-28 15:40:20.519: I/agji(9159): Scheduling Phenotype for a PhenotypeSyncImmediately(5, null) one off with window [1, 2] in seconds -- metadata{ service_id: 51 }
05-28 15:40:20.549: I/ActivityManager(2944): filter receiver for action = com.google.android.gms.gcm.ACTION_SCHEDULE
05-28 15:40:20.549: I/ActivityManager(2944): filter receiver for action = com.google.android.gms.gcm.ACTION_SCHEDULE
05-28 15:40:20.559: I/ActivityManager(2944): filter receiver for action = com.google.android.gms.gcm.ACTION_SCHEDULE
05-28 15:40:20.569: I/art(2338): Explicit concurrent mark sweep GC freed 706(30KB) AllocSpace objects, 0(0B) LOS objects, 55% free, 12MB/28MB, paused 196us total 25.182ms
05-28 15:40:20.599: I/art(2338): Explicit concurrent mark sweep GC freed 5(160B) AllocSpace objects, 0(0B) LOS objects, 55% free, 12MB/28MB, paused 270us total 25.112ms
05-28 15:40:20.609: I/HwEmailTag(2136): MailAppProvider->onCreate->begin, consuming 1527547220612ms->-prefixstartupperformance-
05-28 15:40:20.619: I/art(2338): Explicit concurrent mark sweep GC freed 5(160B) AllocSpace objects, 0(0B) LOS objects, 55% free, 12MB/28MB, paused 244us total 24.016ms
05-28 15:40:20.629: I/HwEmailTag(2136): MailAppProvider->onCreate->end, consuming 1527547220643ms->-prefixstartupperformance-
05-28 15:40:20.649: I/HwCust(2136): Constructor found for class com.android.email.service.HwCustImapServiceImpl
05-28 15:40:20.649: I/HwCust(2136): Constructor found for class com.android.email.HwCustUtilityImpl
05-28 15:40:20.659: I/HwCust(2136): Constructor found for class com.android.email.provider.HwCustEmailProviderImpl
05-28 15:40:20.659: I/HwCust(2136): Constructor found for class com.android.email.activity.setup.HwCustEmailInviteResponseImpl
05-28 15:40:20.659: I/HwEmailTag(2136): EmailProvider->onCreate->start. -prefixstartupperformance-
05-28 15:40:20.659: I/HwEmailTag(2136): EmailProvider->onCreate->start. -prefixstartupperformance-
05-28 15:40:20.659: I/HwEmailTag(2136): HwUtils->initStaticVarsAsync
05-28 15:40:20.659: I/HwEmailTag(2136): HwUtils->initStaticVarsAsync
05-28 15:40:20.679: I/HwCust(2136): Constructor found for class com.android.emailcommon.provider.HwCustPolicyImpl
05-28 15:40:20.689: I/HwEmailTag(2136): EmailContent->init->consuming:24ms->;-prefixstartupperformance-
05-28 15:40:20.689: I/HwEmailTag(2136): EmailProvider->sURIMatcher is initialized
05-28 15:40:20.689: I/HwEmailTag(2136): EmailProvider->INTEGRITY_CHECK_URI != null
05-28 15:40:20.699: I/HwEmailTag(2136): EmailProvider->onCreate->end, consuming 38ms->-prefixstartupperformance-
05-28 15:40:20.699: I/HwEmailTag(2136): EmailProvider->onCreate->end, consuming 38ms->-prefixstartupperformance-
05-28 15:40:20.699: I/HwEmailTag(2136): EmailProvider->resetVisibleLimits->start:1527547220708 ->-prefixstartupperformance-
05-28 15:40:20.699: I/HwCust(2136): Constructor found for class com.huawei.email.provider.HwCustRecipientDBHelperImpl
05-28 15:40:20.699: I/HwEmailTag(2136): EmailProvider->resetVisibleLimits->start:1527547220710 ->-prefixstartupperformance-
05-28 15:40:20.719: I/HwEmailTag(2136): EmailApplication->onCreate->begin, consuming 55ms->-prefixstartupperformance-
05-28 15:40:20.719: I/HwEmailTag(2136): EmailApplication->triggerPeriodSyncForAllAccountsDelayed->delay start.
05-28 15:40:20.719: I/HwEmailTag(2136): DBHelper->onOpen-> EmailProvider.db
05-28 15:40:20.719: I/HwCust(2136): Constructor found for class com.huawei.email.utils.HwCustSignatureHelperImpl
05-28 15:40:20.719: I/HwCust(2136): Constructor found for class com.huawei.email.utils.HwCustSignatureUtilsImpl
05-28 15:40:20.719: I/HwEmailTag(2136): HwUtils->initStaticVarsAsync->run:consuming:57ms; bidiFormatter:android.support.v4.text.BidiFormatter@22e408b8;accountsProjSize:42
05-28 15:40:20.719: I/HwEmailTag(2136): HwUtils->initStaticVarsAsync->run:consuming:51ms; bidiFormatter:android.support.v4.text.BidiFormatter@22e408b8;accountsProjSize:42
05-28 15:40:20.719: I/HwEmailTag(2136): EmailApplication->onCreate->end, consuming 61ms->-prefixstartupperformance-
05-28 15:40:20.719: I/HwEmailTag(2136): BaseWidgetProvider->WidgetProvider->onReceive->action is com.android.mail.ACTION_NOTIFY_DATASET_CHANGED
05-28 15:40:20.729: I/HwEmailTag(2136): EmailProvider->getDatabase->-prefixstartupperformance-database, consuming = 26ms.
05-28 15:40:20.729: I/HwEmailTag(2136): BaseWidgetProvider->WidgetProvider->onReceive->action is com.android.mail.ACTION_NOTIFY_DATASET_CHANGED
05-28 15:40:20.729: E/WifiStateMachine(2944):  ConnectedState !CMD_START_SCAN -2 -2 ic=260 proc(ms):1 dur:28 rssi=-40 f=2462 sc=100 link=72 tx=5.3, 0.0, 0.0  rx=4.6 list=2462 [on:0 tx:0 rx:0 period:724] from screen [on:0 period:-1461136636]
05-28 15:40:20.729: E/WifiStateMachine(2944):  L2ConnectedState !CMD_START_SCAN -2 -2 ic=260 proc(ms):1 dur:28 rssi=-40 f=2462 sc=100 link=72 tx=5.3, 0.0, 0.0  rx=4.6 list=2462 [on:0 tx:0 rx:0 period:1] from screen [on:0 period:-1461136635]
05-28 15:40:20.729: E/WifiStateMachine(2944): WifiStateMachine CMD_START_SCAN source -2 txSuccessRate=5.35 rxSuccessRate=4.62 targetRoamBSSID=b4:5d:50:79:e6:40 RSSI=-40
05-28 15:40:20.729: E/WifiStateMachine(2944): WifiStateMachine CMD_START_SCAN with age=343915 interval=341718 maxinterval=300000
05-28 15:40:20.729: E/WifiStateMachine(2944): WifiStateMachine CMD_START_SCAN try full band scan age=343915 interval=341718 maxinterval=300000
05-28 15:40:20.729: E/WifiStateMachine(2944): WifiStateMachine CMD_START_SCAN full=true
05-28 15:40:20.729: I/wpa_supplicant(3370): set current WIFI status to BT!
05-28 15:40:20.729: I/wpa_supplicant(3370): wlan0: CTRL-EVENT-SCAN-STARTED 
05-28 15:40:20.729: E/WifiMonitor(2944): WifiMonitor:wlan0 cnt=976 dispatchEvent: CTRL-EVENT-SCAN-STARTED 
05-28 15:40:20.729: E/WifiMonitor(2944): handleEvent 14  CTRL-EVENT-SCAN-STARTED 
05-28 15:40:20.729: E/WifiMonitor(2944): handleEvent unknown: 14  CTRL-EVENT-SCAN-STARTED 
05-28 15:40:20.729: E/WifiStateMachine(2944): [1,527,547,220,743 ms] noteScanstart no scan source
05-28 15:40:20.739: I/HwEmailTag(2136): DBHelper->onOpen-> EmailProvider.db
05-28 15:40:20.769: I/HwEmailTag(2136): EmailProvider->initBuildCache->start->1527547220782->-prefixstartupperformance-
05-28 15:40:20.779: I/HwEmailTag(2136): EmailProvider->buildCache->end, consuming:1ms;
05-28 15:40:20.779: I/HwEmailTag(2136): EmailProvider->initBuildCache->start->1527547220782; consuming:2->-prefixstartupperformance-
05-28 15:40:20.779: I/HwEmailTag(2136): EmailProvider->uiAccounts->start:1527547220784
05-28 15:40:20.779: I/HwEmailTag(2136): EmailProvider->resetVisibleLimits->getDatabase, consuming:77ms;-prefixstartupperformance-
05-28 15:40:20.779: I/HwEmailTag(2136): EmailProvider->startupperformance->resetVisibleLimits->no account, return directly.
05-28 15:40:20.779: I/HwEmailTag(2136): EmailProvider->uiAccounts->start:1527547220784;end,consuming:5
05-28 15:40:20.779: I/HwEmailTag(2136): EmailProvider->query->1527547220708;end;;consuming:81ms;
05-28 15:40:20.779: I/HwEmailTag(2136): DBHelper->onOpen-> EmailProvider.db
05-28 15:40:20.799: I/HwEmailTag(2136): EmailProvider->getDatabase->-prefixstartupperformance-database, consuming = 25ms.
05-28 15:40:20.809: I/HwEmailTag(2136): DBHelper->onOpen-> EmailProvider.db
05-28 15:40:20.829: I/HwEmailTag(2136): EmailProvider->resetVisibleLimits->getDatabase, consuming:133ms;-prefixstartupperformance-
05-28 15:40:20.829: I/HwEmailTag(2136): EmailProvider->startupperformance->resetVisibleLimits->no account, return directly.
05-28 15:40:20.849: I/HwSystemManager(3892): HoldService:uid:10026 pid:1135 died
05-28 15:40:20.849: I/HwSystemManager(3892): HoldService:oldVersionKey:10026,1135
05-28 15:40:20.849: E/HsmCoreServiceImpl(2944): onTransact in code is: 102
05-28 15:40:20.849: I/HwSystemManager(3892): BgPowerManagerService:onProcessDied uid = 10026
05-28 15:40:20.849: I/MediaProcessHandler(2944): processOp opType: 1, uid: 10026, pid: 1135
05-28 15:40:20.849: W/MediaProcessHandler(2944): remove target not exist, maybe the UI process: uid: 10026, pid: 1135
05-28 15:40:20.909: I/ActivityManager(2944): filter receiver for action = com.android.mail.ACTION_NOTIFY_DATASET_CHANGED
05-28 15:40:20.909: I/ActivityManager(2944): filter receiver for action = com.android.mail.ACTION_NOTIFY_DATASET_CHANGED
05-28 15:40:21.009: I/wpa_supplicant(3370): set current WIFI status to BT!
05-28 15:40:21.009: E/WifiMonitor(2944): WifiMonitor:wlan0 cnt=977 dispatchEvent: CTRL-EVENT-SCAN-RESULTS 
05-28 15:40:21.009: E/WifiMonitor(2944): handleEvent 4  CTRL-EVENT-SCAN-RESULTS 
05-28 15:40:21.009: E/WifiStateMachine(2944):  ConnectedState !SCAN_RESULTS_EVENT 0 0 found=3 known=1 got=3 bcn=0
05-28 15:40:21.009: E/WifiStateMachine(2944):  L2ConnectedState !SCAN_RESULTS_EVENT 0 0 found=3 known=1 got=3 bcn=0
05-28 15:40:21.009: E/WifiStateMachine(2944):  ConnectModeState !SCAN_RESULTS_EVENT 0 0 found=3 known=1 got=3 bcn=0
05-28 15:40:21.009: E/WifiStateMachine(2944):  DriverStartedState !SCAN_RESULTS_EVENT 0 0 found=3 known=1 got=3 bcn=0
05-28 15:40:21.009: E/WifiStateMachine(2944):  SupplicantStartedState !SCAN_RESULTS_EVENT 0 0 found=3 known=1 got=3 bcn=0
05-28 15:40:21.009: E/WifiStateMachine(2944): [1,527,547,221,023 ms] noteScanEnd no scan source
05-28 15:40:21.019: E/WifiStateMachine(2944): wifi setScanResults statecom.android.server.wifi.WifiStateMachine$ConnectedState@2006c36 sup_state=COMPLETED debouncing=false
05-28 15:40:21.019: E/WifiAutoJoinController(2944): wl-ftl-mt06-1-24 b4:5d:50:79:e6:40 rssi=-41 cap [WPA2-PSK-CCMP][ESS] is not scored
05-28 15:40:21.019: E/WifiAutoJoinController(2944): wl-ftl-mt09-1-24 b4:5d:50:79:f0:60 rssi=-55 cap [WPA2-PSK-CCMP][ESS] is not scored
05-28 15:40:21.019: E/WifiAutoJoinController(2944): wl-ftl-mt03-1-24 b4:5d:50:79:96:c0 rssi=-62 cap [WPA2-PSK-CCMP][ESS] is not scored
05-28 15:40:21.019: E/WifiAutoJoinController(2944): ageScanResultsOut delay 40000 size 3 now 1527547221025
05-28 15:40:21.019: E/WifiAutoJoinController(2944): newSupplicantResults size=3 known=1 true
05-28 15:40:21.019: E/WifiAutoJoinController(2944): attemptAutoJoin() status=bssid=b4:5d:50:79:e6:40
05-28 15:40:21.019: E/WifiAutoJoinController(2944): ssid=wl-ftl-mt06-1-24
05-28 15:40:21.019: E/WifiAutoJoinController(2944): id=0
05-28 15:40:21.019: E/WifiAutoJoinController(2944): mode=station
05-28 15:40:21.019: E/WifiAutoJoinController(2944): pairwise_cipher=CCMP
05-28 15:40:21.019: E/WifiAutoJoinController(2944): group_cipher=CCMP
05-28 15:40:21.019: E/WifiAutoJoinController(2944): key_mgmt=WPA2-PSK
05-28 15:40:21.019: E/WifiAutoJoinController(2944): wpa_state=COMPLETED
05-28 15:40:21.019: E/WifiAutoJoinController(2944): ip_address=10.10.131.41
05-28 15:40:21.019: E/WifiAutoJoinController(2944): p2p_device_address=54:b1:21:91:51:cd
05-28 15:40:21.019: E/WifiAutoJoinController(2944): address=54:b1:21:91:51:cd
05-28 15:40:21.019: E/WifiAutoJoinController(2944): uuid=305c391f-9d97-55f2-b0aa-c335a725a24d split=12
05-28 15:40:21.019: E/WifiAutoJoinController(2944): attemptAutoJoin() num recent config 1 current="wl-ftl-mt06-1-24"WPA_PSK last="wl-ftl-mt06-1-24"WPA_PSK ---> suppNetId=0
05-28 15:40:21.019: E/WifiAutoJoinController(2944): attemptAutoJoin good candidate seen, bumped hard -> status=0 "wl-ftl-mt06-1-24"WPA_PSK rssi=(-41,-127) num=(1,0)
05-28 15:40:21.019: E/WifiAutoJoinController(2944): attemptAutoJoin skip current candidate  0 key "wl-ftl-mt06-1-24"WPA_PSK
05-28 15:40:21.019: E/WifiAutoJoinController(2944): look up all configurations network done, candidate = null
05-28 15:40:21.019: E/WifiAutoJoinController(2944): attemptRoam() BSSID is set b4:5d:50:79:e6:40 -> bail
05-28 15:40:21.019: E/WifiAutoJoinController(2944): Done attemptAutoJoin status=0
05-28 15:40:21.019: I/ActivityManager(2944): filter receiver for action = android.net.wifi.SCAN_RESULTS
05-28 15:40:21.019: I/System.out(3682): BitString length 17
05-28 15:40:21.019: I/System.out(3682): MAC Addressb4:5d:50:79:e6:40
05-28 15:40:21.019: I/System.out(3682): BitString length 17
05-28 15:40:21.019: I/System.out(3682): MAC Addressb4:5d:50:79:f0:60
05-28 15:40:21.019: I/System.out(3682): BitString length 17
05-28 15:40:21.019: I/System.out(3682): MAC Addressb4:5d:50:79:96:c0
05-28 15:40:21.029: I/PG Utils(9159): acquire_providerpkg:[com.google.android.gsf] pid:[]  maybe timeout , send to PG
05-28 15:40:21.039: E/PhoneInterfaceManager(3661): [PhoneIntfMgr] getIccId: ICC ID is null or empty.
05-28 15:40:21.039: I/SUPL20_LocMan(3682): Phone type:GSM
05-28 15:40:21.039: I/SUPL20_LocMan(3682): NULL Value received for network operator
05-28 15:40:21.039: I/SUPL20_LocMan(3682):  cellInfo NetworkType:NOT RETERIVE,21
05-28 15:40:21.039: I/SUPL20_SPIMESLP-SENDING(3682): m_bPacket.length 267
05-28 15:40:21.039: I/SUPL20_SPIMESLP-SENDING(3682): bBrokenPipe = false
05-28 15:40:21.059: I/PG Utils(9159): acquire_providerpkg:[com.google.android.gsf] pid:[]  maybe timeout , send to PG
05-28 15:40:21.059: W/ctxmgr(9159): [AclManager]No 2 for (accnt=account#-517948760#, com.google.android.gms(10010):IndoorOutdoorProducer, vrsn=12673000, 0, 3pPkg = null ,  3pMdlId = null ,  pid = 9159). Was: 3 for 57, account#-517948760#
05-28 15:40:21.069: I/PG Utils(9159): acquire_providerpkg:[com.google.android.gsf] pid:[]  maybe timeout , send to PG
05-28 15:40:21.079: I/PG Utils(9159): acquire_providerpkg:[com.google.android.gsf] pid:[]  maybe timeout , send to PG
05-28 15:40:21.099: I/PG Utils(9159): acquire_providerpkg:[com.google.android.gsf] pid:[]  maybe timeout , send to PG
05-28 15:40:21.109: I/PG Utils(9159): acquire_providerpkg:[com.google.android.gsf] pid:[]  maybe timeout , send to PG
05-28 15:40:21.109: I/PG Utils(9159): acquire_providerpkg:[com.google.android.gsf] pid:[]  maybe timeout , send to PG
05-28 15:40:21.119: I/PG Utils(9159): acquire_providerpkg:[com.google.android.gsf] pid:[]  maybe timeout , send to PG
05-28 15:40:21.469: E/StrictMode(1847): A resource was acquired at attached stack trace but never released. See java.io.Closeable for information on avoiding resource leaks.
05-28 15:40:21.469: E/StrictMode(1847): java.lang.Throwable: Explicit termination method 'close' not called
05-28 15:40:21.469: E/StrictMode(1847): 	at dalvik.system.CloseGuard.open(CloseGuard.java:184)
05-28 15:40:21.469: E/StrictMode(1847): 	at java.io.RandomAccessFile.<init>(RandomAccessFile.java:127)
05-28 15:40:21.469: E/StrictMode(1847): 	at com.google.android.apps.gmm.map.internal.d.ap.a(PG:2681)
05-28 15:40:21.469: E/StrictMode(1847): 	at com.google.android.apps.gmm.map.internal.d.ap.a(PG:714)
05-28 15:40:21.469: E/StrictMode(1847): 	at com.google.android.apps.gmm.map.internal.d.am.<init>(PG:114)
05-28 15:40:21.469: E/StrictMode(1847): 	at com.google.android.apps.gmm.map.internal.d.bf.e(PG:3146)
05-28 15:40:21.469: E/StrictMode(1847): 	at com.google.android.apps.gmm.map.m.y.a(PG:6266)
05-28 15:40:21.469: E/StrictMode(1847): 	at com.google.android.apps.gmm.shared.f.a.a(PG:48)
