05-28 15:39:30.999: E/hisync.STUtils(31351): 	at android.app.ActivityThread.main(ActivityThread.java:5538)
05-28 15:39:30.999: E/hisync.STUtils(31351): 	at java.lang.reflect.Method.invoke(Native Method)
05-28 15:39:30.999: E/hisync.STUtils(31351): 	at java.lang.reflect.Method.invoke(Method.java:372)
05-28 15:39:30.999: E/hisync.STUtils(31351): 	at com.android.internal.os.ZygoteInit$MethodAndArgsCaller.run(ZygoteInit.java:960)
05-28 15:39:30.999: E/hisync.STUtils(31351): 	at com.android.internal.os.ZygoteInit.main(ZygoteInit.java:755)
05-28 15:39:30.999: E/hisync.STUtils(31351): java.lang.IllegalArgumentException: input.length=0; inputOffset=16; inputLen=-16
05-28 15:39:30.999: E/hisync.STUtils(31351): 	at javax.crypto.Cipher.checkInputOffsetAndCount(Cipher.java:1038)
05-28 15:39:30.999: E/hisync.STUtils(31351): 	at javax.crypto.Cipher.doFinal(Cipher.java:1374)
05-28 15:39:30.999: E/hisync.STUtils(31351): 	at com.huawei.android.hicloud.b.a.a(Aes128Cbc.java:264)
05-28 15:39:30.999: E/hisync.STUtils(31351): 	at com.huawei.android.hicloud.b.a.b(Aes128Cbc.java:131)
05-28 15:39:30.999: E/hisync.STUtils(31351): 	at com.huawei.android.hicloud.b.m.c(STUtils.java:103)
05-28 15:39:30.999: E/hisync.STUtils(31351): 	at com.huawei.android.hicloud.common.account.a.b(AccountInfo.java:165)
05-28 15:39:30.999: E/hisync.STUtils(31351): 	at com.huawei.android.hicloud.common.account.a.a(AccountInfo.java:118)
05-28 15:39:30.999: E/hisync.STUtils(31351): 	at com.huawei.android.hicloud.HicloudApplication.onCreate(HicloudApplication.java:55)
05-28 15:39:30.999: E/hisync.STUtils(31351): 	at android.app.Instrumentation.callApplicationOnCreate(Instrumentation.java:1013)
05-28 15:39:30.999: E/hisync.STUtils(31351): 	at android.app.ActivityThread.handleBindApplication(ActivityThread.java:4793)
05-28 15:39:30.999: E/hisync.STUtils(31351): 	at android.app.ActivityThread.access$1900(ActivityThread.java:152)
05-28 15:39:30.999: E/hisync.STUtils(31351): 	at android.app.ActivityThread$H.handleMessage(ActivityThread.java:1402)
05-28 15:39:30.999: E/hisync.STUtils(31351): 	at android.os.Handler.dispatchMessage(Handler.java:102)
05-28 15:39:30.999: E/hisync.STUtils(31351): 	at android.os.Looper.loop(Looper.java:135)
05-28 15:39:30.999: E/hisync.STUtils(31351): 	at android.app.ActivityThread.main(ActivityThread.java:5538)
05-28 15:39:30.999: E/hisync.STUtils(31351): 	at java.lang.reflect.Method.invoke(Native Method)
05-28 15:39:30.999: E/hisync.STUtils(31351): 	at java.lang.reflect.Method.invoke(Method.java:372)
05-28 15:39:30.999: E/hisync.STUtils(31351): 	at com.android.internal.os.ZygoteInit$MethodAndArgsCaller.run(ZygoteInit.java:960)
05-28 15:39:30.999: E/hisync.STUtils(31351): 	at com.android.internal.os.ZygoteInit.main(ZygoteInit.java:755)
05-28 15:39:31.109: I/AccountTypeManager(31053): Adding account type = com.android.contacts.model.account.ExchangeAccountType@37c0ea83 in the cache
05-28 15:39:31.109: I/SimFactoryManager(31053): Get SIM state from SIM factory manager: 1,For slotId:0
05-28 15:39:31.109: I/SimFactoryManager(31053): Get SIM state from SIM factory manager: 1,For slotId:1
05-28 15:39:31.109: I/PushLogAC2559(31374): [main-1]action is android.intent.action.PACKAGE_ADDED(pushagent/null:-1)
05-28 15:39:31.119: I/PushLogAC2559(31374): [main-1]run push selfshow(pushagent/null:-1)
05-28 15:39:31.119: I/HwCust(31053): Constructor found for class com.android.contacts.model.account.HwCustAccountModelCustomizationImpl
05-28 15:39:31.129: I/PushLogAC2559(31374): [Thread-674-674]framework push exist, use framework push first(pushagent/null:-1)
05-28 15:39:31.129: I/HwSystemManager(3892): NotificationManagerReceiver:onReceive action = android.intent.action.PACKAGE_ADDED
05-28 15:39:31.129: I/HwSystemManager(3892): NotificationManagerReceiver:onReceive, send action to background
05-28 15:39:31.129: I/AccountTypeManager(31053): Adding account type = com.android.contacts.model.account.ExternalAccountType@2bf51439 in the cache
05-28 15:39:31.139: I/HwSystemManager(3892): HsmIntentService:created. this:com.huawei.systemmanager.util.content.HsmIntentService_bg@30817968
05-28 15:39:31.139: I/HwSystemManager(3892): HsmIntentService:started for intent:Intent { act=android.intent.action.PACKAGE_ADDED dat=package:com.google.android.gms.policy_test_support flg=0x4000010 cmp=com.huawei.systemmanager/com.huawei.notificationmanager.receiver.Receiver (has extras) }, action:android.intent.action.PACKAGE_ADDED, class:com.huawei.notificationmanager.receiver.Receiver
05-28 15:39:31.139: I/HwSystemManager(3892): HsmIntentService:invoked com.huawei.notificationmanager.receiver.Receiver
05-28 15:39:31.139: I/HwSystemManager(3892): NmCenterDefValueXmlHelper:mCachedConfigs = null, init.
05-28 15:39:31.139: I/HwSystemManager(3892): NmCenterDefValueXmlHelper:getConfigs: Starts
05-28 15:39:31.139: I/HwSystemManager(3892): NmCenterDefValueXmlHelper:getConfigs: Ends. Count = 33
05-28 15:39:31.139: I/HwSystemManager(3892): NotificationDBAdapter:initNewApp: add to db:com.google.android.gms.policy_test_support, default:null
05-28 15:39:31.149: I/HwSystemManager(6789): AppInstallationReceiver:AppInstallationReceiver onReceive action = android.intent.action.PACKAGE_ADDED
05-28 15:39:31.149: I/HwSystemManager(6789): HsmIntentService:created. this:com.huawei.systemmanager.util.content.HsmIntentService_ui@1626bdba
05-28 15:39:31.149: I/HwSystemManager(6789): HsmIntentService:started for intent:Intent { act=android.intent.action.PACKAGE_ADDED dat=package:com.google.android.gms.policy_test_support flg=0x4000010 cmp=com.huawei.systemmanager/com.huawei.permissionmanager.ui.AppInstallationReceiver (has extras) }, action:android.intent.action.PACKAGE_ADDED, class:com.huawei.permissionmanager.ui.AppInstallationReceiver
05-28 15:39:31.149: I/HwSystemManager(6789): HsmIntentService:invoked com.huawei.permissionmanager.ui.AppInstallationReceiver
05-28 15:39:31.149: I/HwSystemManager(6789): HsmIntentService:started for intent:Intent { act=android.intent.action.PACKAGE_ADDED dat=package:com.google.android.gms.policy_test_support flg=0x4000010 cmp=com.huawei.systemmanager/.optimize.OptimizeReceiver (has extras) }, action:android.intent.action.PACKAGE_ADDED, class:com.huawei.systemmanager.optimize.OptimizeReceiver
05-28 15:39:31.149: I/HwSystemManager(6789): HsmIntentService:invoked com.huawei.systemmanager.optimize.OptimizeReceiver
05-28 15:39:31.149: I/HwSystemManager(6789): OptimizeReceiver:OptimizeReceiver received action:android.intent.action.PACKAGE_ADDED
05-28 15:39:31.159: I/HwSystemManager(6789): OverseaCfgHelper:permissionStatus is 0
05-28 15:39:31.159: I/HwSystemManager(6789): HsmIntentService:task completed for intent:Intent { act=android.intent.action.PACKAGE_ADDED dat=package:com.google.android.gms.policy_test_support flg=0x4000010 cmp=com.huawei.systemmanager/.optimize.OptimizeReceiver (has extras) }, action:android.intent.action.PACKAGE_ADDED
05-28 15:39:31.159: I/HwSystemManager(6789): HsmIntentService:in thread:Thread[HsmIntentServiceTask #11,5,main], current active tasksize:2, queue size:0
05-28 15:39:31.159: I/HwSystemManager(6789): ProtectAppControl:handleMessage:6
05-28 15:39:31.159: I/HwSystemManager(6789): ProtectAppControl:begin install app inner:com.google.android.gms.policy_test_support
05-28 15:39:31.159: W/HwSystemManager(6789): ProtectAppControl:can't get app's request permissions : com.google.android.gms.policy_test_support
05-28 15:39:31.159: I/HwSystemManager(3892): AppCleanUpService:onStartCommand() in!
05-28 15:39:31.159: I/HwSystemManager(3892): AppCleanUpService:onStartCommand() out!
05-28 15:39:31.159: E/HwSystemManager(3892): AppCleanUpService:msg is 0
05-28 15:39:31.159: I/HwSystemManager(6789): CommonFunctionUtil:compareCode = 0
05-28 15:39:31.169: I/HwSystemManager(6789): HsmIntentService:started for intent:Intent { act=android.intent.action.PACKAGE_ADDED dat=package:com.google.android.gms.policy_test_support flg=0x4000010 cmp=com.huawei.systemmanager/.power.receiver.BootBroadcastReceiver (has extras) }, action:android.intent.action.PACKAGE_ADDED, class:com.huawei.systemmanager.power.receiver.BootBroadcastReceiver
05-28 15:39:31.169: I/HwSystemManager(6789): HsmIntentService:invoked com.huawei.systemmanager.power.receiver.BootBroadcastReceiver
05-28 15:39:31.169: W/HwSystemManager(6789): BootBroadcastReceiver:No handler exist for registered action:android.intent.action.PACKAGE_ADDED
05-28 15:39:31.169: I/HwSystemManager(6789): HsmIntentService:task completed for intent:Intent { act=android.intent.action.PACKAGE_ADDED dat=package:com.google.android.gms.policy_test_support flg=0x4000010 cmp=com.huawei.systemmanager/.power.receiver.BootBroadcastReceiver (has extras) }, action:android.intent.action.PACKAGE_ADDED
05-28 15:39:31.169: I/HwSystemManager(6789): HsmIntentService:in thread:Thread[HsmIntentServiceTask #2,5,main], current active tasksize:2, queue size:0
05-28 15:39:31.169: I/HwSystemManager(6789): NetAppListPrepareReceiver:NetAppListPrepareReceiver:  onReceive(), action = android.intent.action.PACKAGE_ADDED
05-28 15:39:31.179: I/HwSystemManager(3892): OptimizeProvider:delete com.google.android.gms.policy_test_support
05-28 15:39:31.179: I/HwSystemManager(6789): PowerGenieDbHelper:delete protect app:com.google.android.gms.policy_test_support
05-28 15:39:31.179: I/HwSystemManager(3892): NotificationDBProvider:query starts, uri = content://com.huawei.systemmanager.NotificationDBProvider/notificationCfg
05-28 15:39:31.179: I/HwSystemManager(3892): NotificationDBProvider:call: method = notification_list_query
05-28 15:39:31.179: I/HwSystemManager(3892): NotificationDBProvider:query starts, matchCode = 1
05-28 15:39:31.179: I/HwSystemManager(3892): NotificationDBProvider:query starts, uri = content://com.huawei.systemmanager.NotificationDBProvider/notificationCfg
05-28 15:39:31.179: I/HwSystemManager(3892): NotificationDBProvider:query starts, matchCode = 1
05-28 15:39:31.179: I/HwSystemManager(3892): HsmIntentService:task completed for intent:Intent { act=android.intent.action.PACKAGE_ADDED dat=package:com.google.android.gms.policy_test_support flg=0x4000010 cmp=com.huawei.systemmanager/com.huawei.notificationmanager.receiver.Receiver (has extras) }, action:android.intent.action.PACKAGE_ADDED
05-28 15:39:31.179: I/HwSystemManager(3892): HsmIntentService:in thread:Thread[HsmIntentServiceTask #5,5,main], current active tasksize:1, queue size:0
05-28 15:39:31.179: I/HwSystemManager(3892): HsmIntentService:last work complete! lets stop service.
05-28 15:39:31.189: I/HwSystemManager(3892): NotificationDBProvider:call: method = notification_list_query
05-28 15:39:31.189: I/HwSystemManager(3892): NotificationDBProvider:query starts, uri = content://com.huawei.systemmanager.NotificationDBProvider/notificationCfg
05-28 15:39:31.189: I/HwSystemManager(3892): NotificationDBProvider:query starts, matchCode = 1
05-28 15:39:31.189: I/PhoneStatusBar(3285): notification pkg =com.android.settings
05-28 15:39:31.189: I/PhoneStatusBar(3285): notification provisioned=true, score =10, [score > HIDE_ICONS_BELOW_SCORE] =true, showNotificationEvenIfUnprovisioned = false
05-28 15:39:31.189: I/PhoneStatusBar(3285): notification pkg =android
05-28 15:39:31.189: I/PhoneStatusBar(3285): notification provisioned=true, score =-10, [score > HIDE_ICONS_BELOW_SCORE] =true, showNotificationEvenIfUnprovisioned = false
05-28 15:39:31.199: I/YhdsEngine(6789): [EngineIntentService] Received: com.dianxinos.optimizer.engine.action.PKG_CHANGE
05-28 15:39:31.199: I/HwSystemManager(6789): DX-Optimizer:[PackageChangeReceiver] Received: android.intent.action.PACKAGE_ADDED, data: package:com.google.android.gms.policy_test_support, replacing: false
05-28 15:39:31.199: I/HwSystemManager(6789): HsmPackageManager:get all installed packages, flag:0, size:146
05-28 15:39:31.199: E/HwSystemManager(6789): PermissionDBAdapter:appcationsList size:146
05-28 15:39:31.209: I/HwSystemManager(3892): ProtectAppService:send unprotect list broadcast,unprotect list:[com.android.calculator2, com.android.hwmirror, com.zinio.android.settings, com.android.email, com.android.providers.downloads, com.android.musicvis, com.android.exchange, com.huawei.android.thememanager, com.android.browser, com.google.android.apps.mtaas.loginutil, com.google.android.apps.mtaas.tools, com.google.android.apps.mtaas.backdrop, com.google.android.apps.auth.test.support, android.support.test.orchestrator, android.support.test.services, com.google.android.apps.mtaas.stubapp, com.google.android.apps.mtaas.testloop, com.android.tradefed.utils.wifi, com.google.android.apps.mtaas.deviceadmin, com.google.android.gms.policy_test_support]
05-28 15:39:31.209: I/HwSystemManager(6789): AppChangeReceiver:AppChangeReceiver:  onReceive(), action = android.intent.action.PACKAGE_ADDED
05-28 15:39:31.209: I/HwSystemManager(6789): DX-Optimizer:[CommonIntentService] Received: com.dianxinos.optimizer.action.PKG_CHANGE
05-28 15:39:31.209: W/HwSystemManager(6789): AddViewAppManager:Current installed app not apply system_alert_window or applicationInfo null!
05-28 15:39:31.239: W/ResourceType(31053): For resource 0x7f0203f2, entry index(1010) is beyond type entryCount(769)
05-28 15:39:31.239: W/ResourceType(31053): Failure getting entry for 0x7f0203f2 (t=1 e=1010) (error -75)
05-28 15:39:31.239: W/ResourceType(31053): For resource 0x7f0203f2, entry index(1010) is beyond type entryCount(769)
05-28 15:39:31.239: W/ResourceType(31053): Failure getting entry for 0x7f0203f2 (t=1 e=1010) (error -75)
05-28 15:39:31.239: I/AccountTypeManager(31053): Adding account type = com.android.contacts.model.account.ExternalAccountType@79dabdf in the cache
05-28 15:39:31.239: I/AccountTypeManager(31053): Adding account type = com.android.contacts.model.account.GoogleAccountType@15fa502c in the cache
05-28 15:39:31.249: E/ExternalAccountType(31053): Unsupported attribute readOnly
05-28 15:39:31.249: I/AccountTypeManager(31053): AccountManager, account size is: 1
05-28 15:39:31.259: I/AccountTypeManager(31053): Loaded meta-data for 5 account types, 1 accounts in 153ms(wall) 74ms(cpu)
05-28 15:39:31.269: I/HwSystemManager(3892): HsmIntentService:destroyed. this:com.huawei.systemmanager.util.content.HsmIntentService_bg@30817968
05-28 15:39:31.379: I/HwSystemManager(6789): PermissionDBAdapter:DBAdapter refreshAllCachedData!
05-28 15:39:31.379: I/HwSystemManager(6789): HsmIntentService:task completed for intent:Intent { act=android.intent.action.PACKAGE_ADDED dat=package:com.google.android.gms.policy_test_support flg=0x4000010 cmp=com.huawei.systemmanager/com.huawei.permissionmanager.ui.AppInstallationReceiver (has extras) }, action:android.intent.action.PACKAGE_ADDED
05-28 15:39:31.379: I/HwSystemManager(6789): HsmIntentService:in thread:Thread[HsmIntentServiceTask #10,5,main], current active tasksize:1, queue size:0
05-28 15:39:31.379: I/HwSystemManager(6789): HsmIntentService:last work complete! lets stop service.
05-28 15:39:31.429: I/HwSystemManager(6789): HsmIntentService:destroyed. this:com.huawei.systemmanager.util.content.HsmIntentService_ui@1626bdba
05-28 15:39:31.869: E/WifiStateMachine(2944):  ConnectedState !CMD_RSSI_POLL 1 0 "wl-ftl-mt06-1-24" b4:5d:50:79:e6:40 rssi=-41 f=2462 sc=100 link=72 tx=4.0, 0.0, 0.0  rx=2.3 bcn=0 [on:0 tx:0 rx:0 period:3005] from screen [on:0 period:-1461185495] gl u24 rssi=-41 ag=0 hr ls-=0 [56,56,56,56,61] brc=0 lrc=0
05-28 15:39:31.869: E/WifiStateMachine(2944):  L2ConnectedState !CMD_RSSI_POLL 1 0 "wl-ftl-mt06-1-24" b4:5d:50:79:e6:40 rssi=-41 f=2462 sc=100 link=72 tx=4.0, 0.0, 0.0  rx=2.3 bcn=0 [on:0 tx:0 rx:0 period:1] from screen [on:0 period:-1461185494] gl u24 rssi=-41 ag=0 hr ls-=0 [56,56,56,56,61] brc=0 lrc=0
05-28 15:39:31.879: E/WifiStateMachine(2944): fetchRssiLinkSpeedAndFrequencyNative rssi=-41 linkspeed=72 SSID="wl-ftl-mt06-1-24"
05-28 15:39:31.879: E/WifiStateMachine(2944): calculateWifiScore freq=2462 speed=72 score=100 highRSSI  -> txbadrate=0.00 txgoodrate=5.02 txretriesrate=0.00 rxrate=1.13 userTriggerdPenalty0
05-28 15:39:31.879: E/WifiStateMachine(2944):  good link -> stuck count =0
05-28 15:39:31.879: E/WifiStateMachine(2944):  badRSSI count0 lowRSSI count0 --> score 60
05-28 15:39:31.879: E/WifiStateMachine(2944):  isHighRSSI       ---> score=65
05-28 15:39:32.039: E/Thermal-daemon(2346): [charger_ic] temp_new :29  temp_old :28
05-28 15:39:32.129: I/PG Utils(31404): acquire_providerpkg:[com.android.providers.media] pid:[]  maybe timeout , send to PG
05-28 15:39:32.379: I/HwSystemManager(6789): PermissionDBAdapter:preInstalledAppsPermissionEmendation no need emendation!
05-28 15:39:32.379: I/HwSystemManager(6789): PermissionDBAdapter:checkDBErrorBecauseofHOTA packageNameDBList size 12
05-28 15:39:32.379: I/HwSystemManager(6789): PermissionDBAdapter:checkDBErrorBecauseofHOTA nameList is0
05-28 15:39:32.539: E/Thermal-daemon(2346): [ap] temp_new :29  temp_old :28
05-28 15:39:32.839: I/PG Utils(2944): broadcastpkg:[com.google.android.apps.plus] pid:[null]  maybe timeout , send to PG
05-28 15:39:32.979: I/PG Utils(31404): acquire_providerpkg:[com.google.android.gsf] pid:[]  maybe timeout , send to PG
05-28 15:39:32.979: I/PG Utils(31404): acquire_providerpkg:[com.android.providers.contacts] pid:[]  maybe timeout , send to PG
05-28 15:39:33.039: I/PG Utils(31404): acquire_providerpkg:[com.google.android.gsf] pid:[]  maybe timeout , send to PG
05-28 15:39:33.129: I/PG Utils(9159): acquire_providerpkg:[com.google.android.gsf] pid:[]  maybe timeout , send to PG
05-28 15:39:33.139: I/PG Utils(9379): acquire_providerpkg:[com.google.android.gsf] pid:[]  maybe timeout , send to PG
05-28 15:39:33.549: E/DowngradeHelper(9379): isModuleDowngradeRequired false
05-28 15:39:33.549: E/ConfigFileUtils(9379): Failed to read config file: /data/data/com.google.android.gms/app_chimera/current_modules_init.pb: open failed: ENOENT (No such file or directory)
05-28 15:39:33.619: I/ActivityManager(2944): filter receiver for action = com.google.android.chimera.MODULE_CONFIGURATION_CHANGED
05-28 15:39:33.679: I/ChromeSync(9379): [Sync,SyncIntentOperation] Handling the intent: Intent { act=android.intent.action.PACKAGE_ADDED dat=package:com.google.android.gms.policy_test_support flg=0x4000010 cmp=com.google.android.gms/.chimera.GmsIntentOperationService (has extras) }.
05-28 15:39:33.689: I/ChromeSync(9379): [Persistence,AffiliationManager] No affiliation data for android://JQGPsg9dd2HvcQ3NOvpIBkUqO05p1z872yyCqMPGKyYTrXaagXb_cTSR6Tw7zvKHuN1SL7HTpLIIpZ7kfHKqVA==@com.google.android.gms.policy_test_support/. Marking affiliation data as stale...
05-28 15:39:33.689: I/PG Utils(9379): acquire_providerpkg:[com.google.android.gsf] pid:[]  maybe timeout , send to PG
05-28 15:39:33.699: I/ChromeSync(9379): [Persistence,AffiliationManager] Fetching affiliations from the server.
05-28 15:39:33.709: I/art(9379): Can not find class: Lcom/google/android/chimeraresources/R$id;
05-28 15:39:33.739: I/PeopleContactsSync(9379): triggerPendingContactsCleanup: no accounts
05-28 15:39:33.759: I/art(9379): Can not find class: Lcom/google/protobuf/AndroidProto3SchemaFactory;
05-28 15:39:33.759: I/art(9379): Can not find class: Lcom/google/protobuf/DescriptorMessageInfoFactory;
05-28 15:39:33.759: I/art(9379): Can not find class: Lcom/google/protobuf/GeneratedMessage;
05-28 15:39:33.759: I/art(9379): Can not find class: Lcom/google/protobuf/UnknownFieldSetSchema;
05-28 15:39:33.759: I/art(9379): Can not find class: Lcom/google/protobuf/UnknownFieldSetSchema;
05-28 15:39:33.769: I/art(9379): Can not find class: Lcom/google/protobuf/NewInstanceSchemaFull;
05-28 15:39:33.769: I/art(9379): Can not find class: Lcom/google/protobuf/ExtensionSchemaFull;
05-28 15:39:33.769: I/art(9379): Can not find class: Lcom/google/protobuf/MapFieldSchemaFull;
05-28 15:39:33.769: I/art(9379): Can not find class: Lorg/robolectric/Robolectric;
05-28 15:39:33.789: I/art(9379): Can not find class: Landroid/app/NotificationChannel;
05-28 15:39:33.819: I/TestSupport(9379): Activate: 1527404400000@1527547173822
05-28 15:39:33.819: I/TestSupport(9379): Boot time: 1527541941824
05-28 15:39:33.829: I/PG Utils(9379): acquire_providerpkg:[com.google.android.gsf] pid:[]  maybe timeout , send to PG
05-28 15:39:33.849: I/TestSupport(9379): Updated: /data/data/com.google.android.gms/app_testsupport/.startup
05-28 15:39:33.869: I/Icing(9379): IndexChimeraService.getServiceInterface callingPackage=com.google.android.gms componentName=AppsCorpus serviceId=32
05-28 15:39:33.869: I/Icing(9379): IndexChimeraService.getServiceInterface callingPackage=com.google.android.gms componentName=AppsCorpus serviceId=36
05-28 15:39:33.929: I/PG Utils(9379): acquire_providerpkg:[com.google.android.gsf] pid:[]  maybe timeout , send to PG
05-28 15:39:33.969: I/System(9379): core_booster, getBoosterConfig = false
05-28 15:39:33.979: I/System(9379): core_booster, getBoosterConfig = false
05-28 15:39:33.979: I/System(9379): core_booster, getBoosterConfig = false
05-28 15:39:33.989: W/Conscrypt(9379): Could not set socket write timeout: java.lang.reflect.InvocationTargetException
05-28 15:39:33.989: W/Conscrypt(9379): 	at java.lang.reflect.Method.invoke(Native Method)
05-28 15:39:33.989: W/Conscrypt(9379): 	at java.lang.reflect.Method.invoke(Method.java:372)
05-28 15:39:33.989: W/Conscrypt(9379): Caused by: android.system.ErrnoException: setsockopt failed: EBADF (Bad file number)
05-28 15:39:33.989: W/Conscrypt(9379): 	at libcore.io.Posix.setsockoptTimeval(Native Method)
05-28 15:39:33.989: W/Conscrypt(9379): 	at libcore.io.ForwardingOs.setsockoptTimeval(ForwardingOs.java:147)
05-28 15:39:34.029: I/ActivityManager(2944): filter receiver for action = android.intent.action.DROPBOX_ENTRY_ADDED
05-28 15:39:34.029: I/dex2oat(31183): dex2oat took 4.751s (threads: 8)
05-28 15:39:34.049: W/Conscrypt(9379): Could not set socket write timeout: java.lang.reflect.InvocationTargetException
05-28 15:39:34.049: W/Conscrypt(9379): 	at java.lang.reflect.Method.invoke(Native Method)
05-28 15:39:34.049: W/Conscrypt(9379): 	at java.lang.reflect.Method.invoke(Method.java:372)
05-28 15:39:34.049: W/Conscrypt(9379): Caused by: android.system.ErrnoException: setsockopt failed: EBADF (Bad file number)
05-28 15:39:34.049: W/Conscrypt(9379): 	at libcore.io.Posix.setsockoptTimeval(Native Method)
05-28 15:39:34.049: W/Conscrypt(9379): 	at libcore.io.ForwardingOs.setsockoptTimeval(ForwardingOs.java:147)
05-28 15:39:34.119: I/art(9159): Explicit concurrent mark sweep GC freed 124779(6MB) AllocSpace objects, 8(228KB) LOS objects, 36% free, 27MB/43MB, paused 1.915ms total 221.402ms
05-28 15:39:34.149: I/AsyncOpDispatcher(9159): 51-BulkRegisterOperationCall
05-28 15:39:34.199: I/wpa_supplicant(3370): wlan0: HEART-BEAT-ACK: 346
05-28 15:39:34.199: E/WifiMonitor(2944): WifiMonitor:wlan0 cnt=972 dispatchEvent: HEART-BEAT-ACK: 346
05-28 15:39:34.199: E/WifiStateMachine(2944):  ConnectedState !what:147506 0 0
05-28 15:39:34.199: E/WifiStateMachine(2944):  L2ConnectedState !what:147506 0 0
05-28 15:39:34.199: E/WifiStateMachine(2944):  ConnectModeState !what:147506 0 0
05-28 15:39:34.199: E/WifiStateMachine(2944):  DriverStartedState !what:147506 0 0
05-28 15:39:34.199: E/WifiStateMachine(2944):  SupplicantStartedState !what:147506 0 0
05-28 15:39:34.199: I/art(2944): Explicit concurrent mark sweep GC freed 37682(2MB) AllocSpace objects, 6(120KB) LOS objects, 33% free, 29MB/44MB, paused 2.162ms total 200.803ms
05-28 15:39:34.219: I/PG Utils(9379): acquire_providerpkg:[com.google.android.gsf] pid:[]  maybe timeout , send to PG
05-28 15:39:34.229: I/AsyncOpDispatcher(9159): 19-GetFileDescriptorAndDelete
05-28 15:39:34.229: I/ActivityManager(2944): filter receiver for action = android.intent.action.PACKAGE_ADDED
05-28 15:39:34.229: I/HwLauncher(3706): Model  onReceive intent=Intent { act=android.intent.action.PACKAGE_ADDED dat=package:com.google.android.gmscore.testing.testsupport flg=0x4000010 (has extras) }
05-28 15:39:34.229: I/HwLauncher(3706): Model replacing = false package = com.google.android.gmscore.testing.testsupport
05-28 15:39:34.229: I/HwLauncher(3706): MutilSelectedIconsonPreHandleUpdatedTask : mIsInMutilSelectMode = false task = 1 packages = [com.google.android.gmscore.testing.testsupport]
05-28 15:39:34.229: I/HwLauncher(3706): SimpleLauncherModeaction= android.intent.action.PACKAGE_ADDEDpackageName = com.google.android.gmscore.testing.testsupport
05-28 15:39:34.229: W/HwLauncher(3706): SimpleLauncherMode onReceive : It's normal Launcher now, do not handle add packages
05-28 15:39:34.229: I/HwLauncher(3706): Model mAllAppsList.addPackage com.google.android.gmscore.testing.testsupport
05-28 15:39:34.229: W/Settings(2944): Setting install_non_market_apps has moved from android.provider.Settings.Global to android.provider.Settings.Secure, returning read-only value.
05-28 15:39:34.229: I/HwSystemManager(6789): HsmPackageManager:Receive intent:Intent { act=android.intent.action.PACKAGE_ADDED dat=package:com.google.android.gmscore.testing.testsupport flg=0x4000010 (has extras) }
05-28 15:39:34.229: I/HwSystemManager(6789): HsmPackageManager:replacing:false
05-28 15:39:34.229: I/HwSystemManager(6789): HsmPackageManager:pkgName:com.google.android.gmscore.testing.testsupport
05-28 15:39:34.229: I/HwSystemManager(3892): HsmPackageManager:Receive intent:Intent { act=android.intent.action.PACKAGE_ADDED dat=package:com.google.android.gmscore.testing.testsupport flg=0x4000010 (has extras) }
05-28 15:39:34.229: I/HwSystemManager(3892): HsmPackageManager:replacing:false
05-28 15:39:34.229: I/HwSystemManager(3892): HsmPackageManager:pkgName:com.google.android.gmscore.testing.testsupport
05-28 15:39:34.239: I/AccountTypeManager(31053): Adding account type = com.android.contacts.model.account.ExchangeAccountType@3f99708a in the cache
05-28 15:39:34.239: I/HwLauncher(3706): Launcher Deferring update until onResume
05-28 15:39:34.239: I/HwSystemManager(6789): HsmPackageManager:doAppInstalled, installed: com.google.android.gmscore.testing.testsupport
05-28 15:39:34.239: I/SimFactoryManager(31053): Get SIM state from SIM factory manager: 1,For slotId:0
05-28 15:39:34.239: I/InputReader(2944): Reconfiguring input devices.  changes=0x00000010
05-28 15:39:34.239: I/HwSystemManager(3892): HsmPackageManager:doAppInstalled, installed: com.google.android.gmscore.testing.testsupport
05-28 15:39:34.249: I/art(6412): Can not find class: Ldalvik/system/Zygote;
05-28 15:39:34.249: I/Icing(9379): Usage reports ok 0, Failed Usage reports 0, indexed 0, rejected 0, imm upload false
05-28 15:39:34.249: I/HwSystemManager(3892): HomeCategoryRule:match is not HOME apk: com.google.android.gmscore.testing.testsupport
05-28 15:39:34.249: I/HwSystemManager(3892): yw:needFilterOut result:false
05-28 15:39:34.249: I/HwSystemManager(3892): ww:replaceLockStatus:com.google.android.gmscore.testing.testsupport, 0
05-28 15:39:34.259: I/SimFactoryManager(31053): Get SIM state from SIM factory manager: 1,For slotId:1
05-28 15:39:34.269: I/AccountTypeManager(31053): Adding account type = com.android.contacts.model.account.ExternalAccountType@295b26fb in the cache
05-28 15:39:34.289: I/HwSystemManager(3892): ahr:onReceive  action is com.huawei.android.action.GET_PACKAGE_INSTALLATION_INFO
05-28 15:39:34.349: I/UpdateIcingCorporaServi(31139): Updating corpora: APPS=com.google.android.gmscore.testing.testsupport, CONTACTS=MAYBE
05-28 15:39:34.349: I/PG Utils(9159): acquire_providerpkg:[com.google.android.gsf] pid:[]  maybe timeout , send to PG
05-28 15:39:34.379: I/AsyncOpDispatcher(9159): 51-GetConfigurationSnapshotOperationCall
05-28 15:39:34.379: W/ResourceType(31053): For resource 0x7f0203f2, entry index(1010) is beyond type entryCount(769)
05-28 15:39:34.379: W/ResourceType(31053): Failure getting entry for 0x7f0203f2 (t=1 e=1010) (error -75)
05-28 15:39:34.379: W/ResourceType(31053): For resource 0x7f0203f2, entry index(1010) is beyond type entryCount(769)
05-28 15:39:34.379: W/ResourceType(31053): Failure getting entry for 0x7f0203f2 (t=1 e=1010) (error -75)
05-28 15:39:34.379: I/AccountTypeManager(31053): Adding account type = com.android.contacts.model.account.ExternalAccountType@881171 in the cache
05-28 15:39:34.379: I/AccountTypeManager(31053): Adding account type = com.android.contacts.model.account.GoogleAccountType@1da60b56 in the cache
05-28 15:39:34.389: I/UpdateIcingCorporaServi(31139): UpdateCorporaTask done [took 39 ms] updated apps [took 39 ms] 
05-28 15:39:34.399: E/ExternalAccountType(31053): Unsupported attribute readOnly
05-28 15:39:34.409: I/AccountTypeManager(31053): AccountManager, account size is: 1
05-28 15:39:34.409: I/AccountTypeManager(31053): Loaded meta-data for 5 account types, 1 accounts in 173ms(wall) 47ms(cpu)
05-28 15:39:34.419: I/AsyncOpDispatcher(9159): 19-GetFileDescriptorAndDelete
05-28 15:39:34.419: I/PushLogSC2559(31323): [main-1]action is android.intent.action.PACKAGE_ADDED(ds/null:-1)
05-28 15:39:34.419: I/PushLogSC2559(31323): [main-1]run push selfshow(ds/null:-1)
05-28 15:39:34.419: I/Icing(9379): Usage reports ok 0, Failed Usage reports 0, indexed 0, rejected 0, imm upload false
05-28 15:39:34.429: I/PushLogSC2559(31323): [Thread-181-181]framework push exist, use framework push first(ds/null:-1)
05-28 15:39:34.439: I/PushLogAC2559(31374): [main-1]action is android.intent.action.PACKAGE_ADDED(pushagent/null:-1)
05-28 15:39:34.439: I/PushLogAC2559(31374): [main-1]run push selfshow(pushagent/null:-1)
05-28 15:39:34.449: I/PushLogAC2559(31374): [Thread-674-674]framework push exist, use framework push first(pushagent/null:-1)
05-28 15:39:34.459: I/HwSystemManager(3892): NotificationManagerReceiver:onReceive action = android.intent.action.PACKAGE_ADDED
05-28 15:39:34.459: I/HwSystemManager(3892): NotificationManagerReceiver:onReceive, send action to background
05-28 15:39:34.469: I/HwSystemManager(3892): HsmIntentService:created. this:com.huawei.systemmanager.util.content.HsmIntentService_bg@f7f5e67
05-28 15:39:34.469: I/HwSystemManager(3892): HsmIntentService:started for intent:Intent { act=android.intent.action.PACKAGE_ADDED dat=package:com.google.android.gmscore.testing.testsupport flg=0x4000010 cmp=com.huawei.systemmanager/com.huawei.notificationmanager.receiver.Receiver (has extras) }, action:android.intent.action.PACKAGE_ADDED, class:com.huawei.notificationmanager.receiver.Receiver
05-28 15:39:34.469: I/HwSystemManager(3892): HsmIntentService:invoked com.huawei.notificationmanager.receiver.Receiver
05-28 15:39:34.469: I/HwSystemManager(3892): NmCenterDefValueXmlHelper:mCachedConfigs = null, init.
05-28 15:39:34.469: I/HwSystemManager(3892): NmCenterDefValueXmlHelper:getConfigs: Starts
05-28 15:39:34.469: I/HwSystemManager(6789): AppInstallationReceiver:AppInstallationReceiver onReceive action = android.intent.action.PACKAGE_ADDED
05-28 15:39:34.469: I/HwSystemManager(3892): NmCenterDefValueXmlHelper:getConfigs: Ends. Count = 33
05-28 15:39:34.469: I/HwSystemManager(3892): NotificationDBAdapter:initNewApp: add to db:com.google.android.gmscore.testing.testsupport, default:null
05-28 15:39:34.479: I/HwSystemManager(6789): HsmIntentService:created. this:com.huawei.systemmanager.util.content.HsmIntentService_ui@16f34a12
05-28 15:39:34.479: I/HwSystemManager(6789): HsmIntentService:started for intent:Intent { act=android.intent.action.PACKAGE_ADDED dat=package:com.google.android.gmscore.testing.testsupport flg=0x4000010 cmp=com.huawei.systemmanager/com.huawei.permissionmanager.ui.AppInstallationReceiver (has extras) }, action:android.intent.action.PACKAGE_ADDED, class:com.huawei.permissionmanager.ui.AppInstallationReceiver
05-28 15:39:34.479: I/HwSystemManager(6789): HsmIntentService:invoked com.huawei.permissionmanager.ui.AppInstallationReceiver
05-28 15:39:34.479: I/HwSystemManager(6789): HsmIntentService:started for intent:Intent { act=android.intent.action.PACKAGE_ADDED dat=package:com.google.android.gmscore.testing.testsupport flg=0x4000010 cmp=com.huawei.systemmanager/.optimize.OptimizeReceiver (has extras) }, action:android.intent.action.PACKAGE_ADDED, class:com.huawei.systemmanager.optimize.OptimizeReceiver
05-28 15:39:34.479: I/HwSystemManager(6789): HsmIntentService:invoked com.huawei.systemmanager.optimize.OptimizeReceiver
05-28 15:39:34.479: I/HwSystemManager(6789): OptimizeReceiver:OptimizeReceiver received action:android.intent.action.PACKAGE_ADDED
05-28 15:39:34.479: I/HwSystemManager(6789): OverseaCfgHelper:permissionStatus is 0
05-28 15:39:34.479: I/HwSystemManager(6789): HsmIntentService:task completed for intent:Intent { act=android.intent.action.PACKAGE_ADDED dat=package:com.google.android.gmscore.testing.testsupport flg=0x4000010 cmp=com.huawei.systemmanager/.optimize.OptimizeReceiver (has extras) }, action:android.intent.action.PACKAGE_ADDED
05-28 15:39:34.479: I/HwSystemManager(6789): HsmIntentService:in thread:Thread[HsmIntentServiceTask #4,5,main], current active tasksize:2, queue size:0
05-28 15:39:34.479: I/HwSystemManager(6789): ProtectAppControl:handleMessage:6
05-28 15:39:34.479: I/HwSystemManager(6789): ProtectAppControl:begin install app inner:com.google.android.gmscore.testing.testsupport
05-28 15:39:34.479: W/HwSystemManager(6789): ProtectAppControl:can't get app's request permissions : com.google.android.gmscore.testing.testsupport
05-28 15:39:34.489: I/HwSystemManager(3892): NotificationDBProvider:query starts, uri = content://com.huawei.systemmanager.NotificationDBProvider/notificationCfg
05-28 15:39:34.489: I/HwSystemManager(3892): NotificationDBProvider:query starts, matchCode = 1
05-28 15:39:34.489: I/HwSystemManager(3892): HsmIntentService:task completed for intent:Intent { act=android.intent.action.PACKAGE_ADDED dat=package:com.google.android.gmscore.testing.testsupport flg=0x4000010 cmp=com.huawei.systemmanager/com.huawei.notificationmanager.receiver.Receiver (has extras) }, action:android.intent.action.PACKAGE_ADDED
05-28 15:39:34.489: I/HwSystemManager(3892): HsmIntentService:in thread:Thread[HsmIntentServiceTask #6,5,main], current active tasksize:1, queue size:0
05-28 15:39:34.489: I/HwSystemManager(3892): HsmIntentService:last work complete! lets stop service.
05-28 15:39:34.489: I/HwSystemManager(3892): NotificationDBProvider:call: method = notification_list_query
05-28 15:39:34.489: I/HwSystemManager(3892): NotificationDBProvider:query starts, uri = content://com.huawei.systemmanager.NotificationDBProvider/notificationCfg
05-28 15:39:34.489: I/HwSystemManager(3892): NotificationDBProvider:query starts, matchCode = 1
05-28 15:39:34.489: I/HwSystemManager(3892): AppCleanUpService:onStartCommand() in!
05-28 15:39:34.489: I/HwSystemManager(3892): AppCleanUpService:onStartCommand() out!
05-28 15:39:34.489: E/HwSystemManager(3892): AppCleanUpService:msg is 0
05-28 15:39:34.489: I/HwSystemManager(3892): NotificationDBProvider:call: method = notification_list_query
05-28 15:39:34.489: I/HwSystemManager(3892): NotificationDBProvider:query starts, uri = content://com.huawei.systemmanager.NotificationDBProvider/notificationCfg
05-28 15:39:34.489: I/HwSystemManager(3892): NotificationDBProvider:query starts, matchCode = 1
05-28 15:39:34.499: I/HwSystemManager(6789): CommonFunctionUtil:compareCode = 0
05-28 15:39:34.499: I/PhoneStatusBar(3285): notification pkg =com.android.settings
05-28 15:39:34.499: I/PhoneStatusBar(3285): notification provisioned=true, score =10, [score > HIDE_ICONS_BELOW_SCORE] =true, showNotificationEvenIfUnprovisioned = false
05-28 15:39:34.499: I/PhoneStatusBar(3285): notification pkg =android
05-28 15:39:34.499: I/PhoneStatusBar(3285): notification provisioned=true, score =-10, [score > HIDE_ICONS_BELOW_SCORE] =true, showNotificationEvenIfUnprovisioned = false
05-28 15:39:34.499: I/HwSystemManager(6789): HsmIntentService:started for intent:Intent { act=android.intent.action.PACKAGE_ADDED dat=package:com.google.android.gmscore.testing.testsupport flg=0x4000010 cmp=com.huawei.systemmanager/.power.receiver.BootBroadcastReceiver (has extras) }, action:android.intent.action.PACKAGE_ADDED, class:com.huawei.systemmanager.power.receiver.BootBroadcastReceiver
05-28 15:39:34.499: I/HwSystemManager(6789): HsmIntentService:invoked com.huawei.systemmanager.power.receiver.BootBroadcastReceiver
05-28 15:39:34.499: W/HwSystemManager(6789): BootBroadcastReceiver:No handler exist for registered action:android.intent.action.PACKAGE_ADDED
05-28 15:39:34.499: I/HwSystemManager(6789): HsmIntentService:task completed for intent:Intent { act=android.intent.action.PACKAGE_ADDED dat=package:com.google.android.gmscore.testing.testsupport flg=0x4000010 cmp=com.huawei.systemmanager/.power.receiver.BootBroadcastReceiver (has extras) }, action:android.intent.action.PACKAGE_ADDED
05-28 15:39:34.499: I/HwSystemManager(6789): HsmIntentService:in thread:Thread[HsmIntentServiceTask #5,5,main], current active tasksize:2, queue size:0
05-28 15:39:34.499: I/HwSystemManager(6789): NetAppListPrepareReceiver:NetAppListPrepareReceiver:  onReceive(), action = android.intent.action.PACKAGE_ADDED
05-28 15:39:34.509: I/HwSystemManager(3892): OptimizeProvider:delete com.google.android.gmscore.testing.testsupport
05-28 15:39:34.509: I/HwSystemManager(6789): PowerGenieDbHelper:delete protect app:com.google.android.gmscore.testing.testsupport
05-28 15:39:34.519: I/HwSystemManager(6789): HsmPackageManager:get all installed packages, flag:0, size:147
05-28 15:39:34.519: E/HwSystemManager(6789): PermissionDBAdapter:appcationsList size:147
05-28 15:39:34.519: I/YhdsEngine(6789): [EngineIntentService] Received: com.dianxinos.optimizer.engine.action.PKG_CHANGE
05-28 15:39:34.519: I/HwSystemManager(6789): DX-Optimizer:[PackageChangeReceiver] Received: android.intent.action.PACKAGE_ADDED, data: package:com.google.android.gmscore.testing.testsupport, replacing: false
05-28 15:39:34.529: I/HwSystemManager(6789): AppChangeReceiver:AppChangeReceiver:  onReceive(), action = android.intent.action.PACKAGE_ADDED
05-28 15:39:34.529: I/HwSystemManager(6789): DX-Optimizer:[CommonIntentService] Received: com.dianxinos.optimizer.action.PKG_CHANGE
05-28 15:39:34.529: W/HwSystemManager(6789): AddViewAppManager:Current installed app not apply system_alert_window or applicationInfo null!
05-28 15:39:34.529: I/HwSystemManager(3892): ProtectAppService:send unprotect list broadcast,unprotect list:[com.android.calculator2, com.android.hwmirror, com.zinio.android.settings, com.android.email, com.android.providers.downloads, com.android.musicvis, com.android.exchange, com.huawei.android.thememanager, com.android.browser, com.google.android.apps.mtaas.loginutil, com.google.android.apps.mtaas.tools, com.google.android.apps.mtaas.backdrop, com.google.android.apps.auth.test.support, android.support.test.orchestrator, android.support.test.services, com.google.android.apps.mtaas.stubapp, com.google.android.apps.mtaas.testloop, com.android.tradefed.utils.wifi, com.google.android.apps.mtaas.deviceadmin, com.google.android.gms.policy_test_support, com.google.android.gmscore.testing.testsupport]
05-28 15:39:34.539: I/HwSystemManager(3892): HsmIntentService:destroyed. this:com.huawei.systemmanager.util.content.HsmIntentService_bg@f7f5e67
05-28 15:39:34.589: I/ChromeSync(9379): [Sync,SyncIntentOperation] Handling the intent: Intent { act=android.intent.action.PACKAGE_ADDED dat=package:com.google.android.gmscore.testing.testsupport flg=0x4000010 cmp=com.google.android.gms/.chimera.GmsIntentOperationService (has extras) }.
05-28 15:39:34.599: I/ChromeSync(9379): [Persistence,AffiliationManager] No affiliation data for android://7qg--Vdm54zxKo8avkCXCD_7ToNk-gSGsIINmMu_krBTT9yKXmXa5m1MzFNMIqP92nwcLB8-pgfDA4TXFVsmSw==@com.google.android.gmscore.testing.testsupport/. Marking affiliation data as stale...
05-28 15:39:34.609: I/ChromeSync(9379): [Persistence,AffiliationManager] Fetching affiliations from the server.
05-28 15:39:34.609: I/Icing(9379): IndexChimeraService.getServiceInterface callingPackage=com.google.android.gms componentName=AppsCorpus serviceId=32
05-28 15:39:34.609: I/Icing(9379): IndexChimeraService.getServiceInterface callingPackage=com.google.android.gms componentName=AppsCorpus serviceId=36
05-28 15:39:34.619: I/PeopleContactsSync(9379): triggerPendingContactsCleanup: no accounts
05-28 15:39:34.619: I/art(2944): Explicit concurrent mark sweep GC freed 18900(1161KB) AllocSpace objects, 2(40KB) LOS objects, 33% free, 29MB/44MB, paused 2.415ms total 359.092ms
05-28 15:39:34.639: I/AsyncOpDispatcher(9159): 19-GetFileDescriptorAndDelete
05-28 15:39:34.649: I/Icing(9379): Usage reports ok 0, Failed Usage reports 0, indexed 0, rejected 0, imm upload false
05-28 15:39:34.659: I/AsyncOpDispatcher(9159): 19-GetFileDescriptorAndDelete
05-28 15:39:34.669: I/Icing(9379): Usage reports ok 0, Failed Usage reports 0, indexed 0, rejected 0, imm upload false
05-28 15:39:34.709: I/HwSystemManager(6789): PermissionDBAdapter:DBAdapter refreshAllCachedData!
05-28 15:39:34.709: I/HwSystemManager(6789): HsmIntentService:task completed for intent:Intent { act=android.intent.action.PACKAGE_ADDED dat=package:com.google.android.gmscore.testing.testsupport flg=0x4000010 cmp=com.huawei.systemmanager/com.huawei.permissionmanager.ui.AppInstallationReceiver (has extras) }, action:android.intent.action.PACKAGE_ADDED
05-28 15:39:34.709: I/HwSystemManager(6789): HsmIntentService:in thread:Thread[HsmIntentServiceTask #1,5,main], current active tasksize:1, queue size:0
05-28 15:39:34.709: I/HwSystemManager(6789): HsmIntentService:last work complete! lets stop service.
05-28 15:39:34.759: I/HwSystemManager(6789): HsmIntentService:destroyed. this:com.huawei.systemmanager.util.content.HsmIntentService_ui@16f34a12
05-28 15:39:34.809: I/agji(9159): Scheduling Phenotype for a PhenotypeSyncImmediately(6, com.google.android.gms.testsupport) one off with window [1, 2] in seconds -- metadata{ service_id: 51 }
05-28 15:39:34.819: I/ActivityManager(2944): filter receiver for action = com.google.android.gms.gcm.ACTION_SCHEDULE
05-28 15:39:34.829: I/AsyncOpDispatcher(9159): 51-CommitToConfigurationOperationCall
05-28 15:39:34.879: E/WifiStateMachine(2944):  ConnectedState !CMD_RSSI_POLL 1 0 "wl-ftl-mt06-1-24" b4:5d:50:79:e6:40 rssi=-41 f=2462 sc=100 link=72 tx=5.0, 0.0, 0.0  rx=1.1 bcn=0 [on:0 tx:0 rx:0 period:3000] from screen [on:0 period:-1461182489] gl u24 rssi=-41 ag=0 hr ticks 0,0,0 ls-=0 [56,56,60,60,65] brc=0 lrc=0
05-28 15:39:34.879: E/WifiStateMachine(2944):  L2ConnectedState !CMD_RSSI_POLL 1 0 "wl-ftl-mt06-1-24" b4:5d:50:79:e6:40 rssi=-41 f=2462 sc=100 link=72 tx=5.0, 0.0, 0.0  rx=1.1 bcn=0 [on:0 tx:0 rx:0 period:2] from screen [on:0 period:-1461182487] gl u24 rssi=-41 ag=0 hr ticks 0,0,0 ls-=0 [56,56,60,60,65] brc=0 lrc=0
05-28 15:39:34.879: E/WifiStateMachine(2944): fetchRssiLinkSpeedAndFrequencyNative rssi=-41 linkspeed=72 SSID="wl-ftl-mt06-1-24"
05-28 15:39:34.879: E/WifiStateMachine(2944): calculateWifiScore freq=2462 speed=72 score=100 highRSSI  -> txbadrate=0.00 txgoodrate=34.01 txretriesrate=0.00 rxrate=15.56 userTriggerdPenalty0
05-28 15:39:34.879: E/WifiStateMachine(2944):  good link -> stuck count =0
05-28 15:39:34.879: E/WifiStateMachine(2944):  badRSSI count0 lowRSSI count0 --> score 60
05-28 15:39:34.879: E/WifiStateMachine(2944):  isHighRSSI       ---> score=65
05-28 15:39:35.059: I/appproc(31523): CLASSPATH=/system/framework/am.jar
05-28 15:39:35.059: I/appproc(31523): Command=app_process /system/bin com.android.commands.am.Am startservice --user 0 -a com.google.android.gmscore.testing.testsupport.CommandService -n com.google.android.gmscore.testing.testsupport/.CommandService --es COMMAND PACKAGE --es FLAG_PACKAGE Eglnc2VydmljZXMaLworZ21zOmdvb2dsZWNlcnRpZmljYXRlczplbmFibGVfcGFja2FnZV9jaGVjaxgAGiwKKGZpbnNreS5wbGF5X3NlcnZpY2VzX2F1dG9fdXBkYXRlX2VuYWJsZWQYABo1CjFmaW5za3kuc2V0dXBfd2l6YXJkX2FkZGl0aW9uYWxfYWNjb3VudF92cGFfZW5hYmxlGAA 
05-28 15:39:35.059: I/appproc(31523): app_process:number,15,0
05-28 15:39:35.059: I/AndroidRuntime(31523): readDownloadBoosterConfig: 'false'
05-28 15:39:35.059: I/AndroidRuntime(31523): [ 05-28 15:39:35.199 31523:31523 I/         ]
05-28 15:39:35.059: I/AndroidRuntime(31523): power log dlsym ok
05-28 15:39:35.239: E/android_hardware_fm.cpp(31523): register_android_hardware_fm_fmradio
05-28 15:39:35.239: I/android_hardware_fm.cpp(31523): ========64bit long size = 8
05-28 15:39:35.239: E/FM_HAL(31523): [FM_HAL], libname is libhisifm_if
05-28 15:39:35.239: I/fm_hisi(31523): FM::[fm_device_open:4655] fm_device_open
05-28 15:39:35.239: I/fm_hisi(31523): FM::[fm_device_open:4666] find the id:libhisifm_if and begins to open the device
05-28 15:39:35.239: I/fm_hisi(31523): FM::[fm_device_open:4710] device open sucess
05-28 15:39:35.239: E/android_hardware_fm.cpp(31523): register_android_hardware_fm_fmradio, ret is 0
05-28 15:39:35.369: I/TSDRIVER(31539): CommandService onHandleIntent()
05-28 15:39:35.369: I/TSDRIVER(31539): Got command: PACKAGE
05-28 15:39:35.379: I/TSDRIVER(31539): flag package: Eglnc2VydmljZXMaLworZ21zOmdvb2dsZWNlcnRpZmljYXRlczplbmFibGVfcGFja2FnZV9jaGVjaxgAGiwKKGZpbnNreS5wbGF5X3NlcnZpY2VzX2F1dG9fdXBkYXRlX2VuYWJsZWQYABo1CjFmaW5za3kuc2V0dXBfd2l6YXJkX2FkZGl0aW9uYWxfYWNjb3VudF92cGFfZW5hYmxlGAA
05-28 15:39:35.389: I/art(31539): Can not find class: Lcom/google/protobuf/Extension;
05-28 15:39:35.399: I/art(31539): Can not find class: Lcom/google/protobuf/ExtensionRegistry;
05-28 15:39:35.399: I/TSDRIVER(31539): flag package: gservices
05-28 15:39:35.399: I/art(31539): Can not find class: Lcom/google/android/gms/R$string;
05-28 15:39:35.399: E/GooglePlayServicesUtil(31539): The Google Play services resources were not found. Check your project configuration to ensure that the resources are included.
05-28 15:39:35.429: W/Primes(9379): Primes not initialized, returning default (no-op) Primes instance which will ignore all calls. Please call Primes.initialize(...) before using any Primes API.
05-28 15:39:35.429: I/PG Utils(9379): acquire_providerpkg:[com.google.android.gsf] pid:[]  maybe timeout , send to PG
05-28 15:39:35.449: I/PG Utils(9379): acquire_providerpkg:[com.google.android.gsf] pid:[]  maybe timeout , send to PG
05-28 15:39:35.459: I/Icing(9379): Indexing A37935571C2604C50E6FC0481C67A7708010786B from com.google.android.gms
05-28 15:39:35.459: I/art(9379): Can not find class: Lcom/google/android/gms/dynamite/descriptors/com/google/android/gms/googlecertificates/ModuleDescriptor;
05-28 15:39:35.459: W/DynamiteModule(9379): Local module descriptor class for com.google.android.gms.googlecertificates not found.
05-28 15:39:35.469: I/DynamiteModule(9379): Considering local module com.google.android.gms.googlecertificates:0 and remote module com.google.android.gms.googlecertificates:4
05-28 15:39:35.469: I/DynamiteModule(9379): Selected remote version of com.google.android.gms.googlecertificates, version >= 4
05-28 15:39:35.469: I/Icing(9379): Indexing done A37935571C2604C50E6FC0481C67A7708010786B
05-28 15:39:35.479: I/PG Utils(9379): acquire_providerpkg:[com.google.android.gsf] pid:[]  maybe timeout , send to PG
05-28 15:39:35.479: I/PG Utils(9379): acquire_providerpkg:[com.google.android.gsf] pid:[]  maybe timeout , send to PG
05-28 15:39:35.489: I/PG Utils(9379): acquire_providerpkg:[com.google.android.gsf] pid:[]  maybe timeout , send to PG
05-28 15:39:35.489: I/PG Utils(9379): acquire_providerpkg:[com.google.android.gsf] pid:[]  maybe timeout , send to PG
05-28 15:39:35.509: I/PG Utils(9379): acquire_providerpkg:[com.google.android.gsf] pid:[]  maybe timeout , send to PG
05-28 15:39:35.509: I/TestSupport(9379): Activated: 1527404400000@1527547173822
05-28 15:39:35.509: I/TestSupport(9379): Boot time: 1527541941824
05-28 15:39:35.519: I/TestSupport(9379): Passing package and signature checks: com.google.android.gmscore.testing.testsupport
05-28 15:39:35.529: I/PG Utils(9379): acquire_providerpkg:[com.google.android.gsf] pid:[]  maybe timeout , send to PG
05-28 15:39:35.549: I/PG Utils(9379): acquire_providerpkg:[com.google.android.gsf] pid:[]  maybe timeout , send to PG
05-28 15:39:35.549: I/PG Utils(9379): acquire_providerpkg:[com.google.android.gsf] pid:[]  maybe timeout , send to PG
05-28 15:39:35.569: I/PG Utils(9379): acquire_providerpkg:[com.google.android.gsf] pid:[]  maybe timeout , send to PG
05-28 15:39:35.569: I/TestSupport(9379): SetOverrideOperation: gms:googlecertificates:enable_package_check = false
05-28 15:39:35.579: I/PG Utils(9379): acquire_providerpkg:[com.google.android.gsf] pid:[]  maybe timeout , send to PG
05-28 15:39:35.579: I/ActivityManager(2944): filter receiver for action = com.google.gservices.intent.action.GSERVICES_OVERRIDE
05-28 15:39:35.689: I/Icing(9379): Indexing A37935571C2604C50E6FC0481C67A7708010786B from com.google.android.gms
05-28 15:39:35.689: I/Icing(9379): Indexing done A37935571C2604C50E6FC0481C67A7708010786B
05-28 15:39:35.709: I/GservicesProvider(9192): override update completed
05-28 15:39:35.709: I/PG Utils(9159): acquire_providerpkg:[com.google.android.gsf] pid:[]  maybe timeout , send to PG
05-28 15:39:35.709: I/HwSystemManager(6789): PermissionDBAdapter:preInstalledAppsPermissionEmendation no need emendation!
05-28 15:39:35.709: I/PG Utils(28019): acquire_providerpkg:[com.google.android.gsf] pid:[]  maybe timeout , send to PG
05-28 15:39:35.709: I/ActivityManager(2944): filter receiver for action = com.google.gservices.intent.action.GSERVICES_CHANGED
05-28 15:39:35.709: I/PG Utils(31186): acquire_providerpkg:[com.google.android.gsf] pid:[]  maybe timeout , send to PG
05-28 15:39:35.709: I/HwSystemManager(6789): PermissionDBAdapter:checkDBErrorBecauseofHOTA packageNameDBList size 13
05-28 15:39:35.709: I/HwSystemManager(6789): PermissionDBAdapter:checkDBErrorBecauseofHOTA nameList is0
05-28 15:39:35.719: I/PG Utils(9379): acquire_providerpkg:[com.google.android.gsf] pid:[]  maybe timeout , send to PG
05-28 15:39:35.739: I/PG Utils(9159): acquire_providerpkg:[com.google.android.gsf] pid:[]  maybe timeout , send to PG
05-28 15:39:35.739: I/PG Utils(31103): acquire_providerpkg:[com.google.android.gsf] pid:[]  maybe timeout , send to PG
